payload.c:148:6:g_payload_init	8	static
payload.c:161:6:g_send_to_drone	40	static
payload.c:191:13:request_identify	16	static
payload.c:206:13:get_compile_date	96	static
payload.c:226:10:g_get_version	16	static
payload.c:241:6:send_photo_count_to_drone	24	static
payload.c:255:6:send_UID	40	static
payload.c:275:6:send_page_info	48	static
payload.c:297:6:g_identification	8	static
payload.c:324:6:g_update_identification_procedure	16	static
payload.c:345:13:send_can_msg_to_drone	32	static
payload.c:361:6:g_handle_drone_instruction	24	static
payload.c:488:6:g_parser_drone_packet	24	static
payload.c:545:6:HAL_CAN_RxFifo0MsgPendingCallback	64	static
payload.c:555:6:can_send_complete	40	static
payload.c:572:6:HAL_CAN_TxMailbox0CompleteCallback	16	static
payload.c:577:6:HAL_CAN_TxMailbox1CompleteCallback	16	static
payload.c:582:6:HAL_CAN_TxMailbox2CompleteCallback	16	static
