payload.c:147:6:g_payload_init	8	static
payload.c:160:6:g_send_to_drone	40	static
payload.c:190:13:request_identify	16	static
payload.c:205:13:get_compile_date	96	static
payload.c:225:10:g_get_version	16	static
payload.c:240:6:send_photo_count_to_drone	24	static
payload.c:254:6:send_UID	40	static
payload.c:274:6:send_page_info	48	static
payload.c:296:6:g_identification	8	static
payload.c:323:6:g_update_identification_procedure	16	static
payload.c:345:6:send_can_msg_to_drone	32	static
payload.c:363:6:g_handle_drone_instruction	24	static
payload.c:490:6:g_parser_drone_packet	24	static
payload.c:547:6:HAL_CAN_RxFifo0MsgPendingCallback	64	static
