stm32f4xx_it.c:74:6:NMI_Handler	4	static
stm32f4xx_it.c:87:6:HardFault_Handler	4	static
stm32f4xx_it.c:102:6:MemManage_Handler	4	static
stm32f4xx_it.c:117:6:BusFault_Handler	4	static
stm32f4xx_it.c:132:6:UsageFault_Handler	4	static
stm32f4xx_it.c:147:6:SVC_Handler	4	static
stm32f4xx_it.c:160:6:DebugMon_Handler	4	static
stm32f4xx_it.c:173:6:PendSV_Handler	4	static
stm32f4xx_it.c:186:6:SysTick_Handler	8	static
stm32f4xx_it.c:210:6:CAN1_TX_IRQHandler	8	static
stm32f4xx_it.c:224:6:CAN1_RX0_IRQHandler	8	static
stm32f4xx_it.c:238:6:CAN1_RX1_IRQHandler	8	static
stm32f4xx_it.c:252:6:CAN1_SCE_IRQHandler	8	static
stm32f4xx_it.c:266:6:USART1_IRQHandler	8	static
stm32f4xx_it.c:280:6:USART2_IRQHandler	8	static
stm32f4xx_it.c:294:6:CAN2_TX_IRQHandler	8	static
stm32f4xx_it.c:308:6:CAN2_RX0_IRQHandler	8	static
stm32f4xx_it.c:322:6:CAN2_RX1_IRQHandler	8	static
stm32f4xx_it.c:336:6:CAN2_SCE_IRQHandler	8	static
