Archive member included to satisfy reference by file (symbol)

/opt/st/stm32cubeide_1.3.0/plugins/com.st.stm32cube.ide.mcu.externaltools.gnu-tools-for-stm32.7-2018-q2-update.linux64_1.0.0.201904181610/tools/bin/../lib/gcc/arm-none-eabi/7.3.1/../../../../arm-none-eabi/lib/thumb/v7e-m/fpv4-sp/hard/libc_nano.a(lib_a-assert.o)
                              Core/Src/o1heap.o (__assert_func)
/opt/st/stm32cubeide_1.3.0/plugins/com.st.stm32cube.ide.mcu.externaltools.gnu-tools-for-stm32.7-2018-q2-update.linux64_1.0.0.201904181610/tools/bin/../lib/gcc/arm-none-eabi/7.3.1/../../../../arm-none-eabi/lib/thumb/v7e-m/fpv4-sp/hard/libc_nano.a(lib_a-atoi.o)
                              Core/Src/payload.o (atoi)
/opt/st/stm32cubeide_1.3.0/plugins/com.st.stm32cube.ide.mcu.externaltools.gnu-tools-for-stm32.7-2018-q2-update.linux64_1.0.0.201904181610/tools/bin/../lib/gcc/arm-none-eabi/7.3.1/../../../../arm-none-eabi/lib/thumb/v7e-m/fpv4-sp/hard/libc_nano.a(lib_a-errno.o)
                              Core/Src/syscalls.o (__errno)
/opt/st/stm32cubeide_1.3.0/plugins/com.st.stm32cube.ide.mcu.externaltools.gnu-tools-for-stm32.7-2018-q2-update.linux64_1.0.0.201904181610/tools/bin/../lib/gcc/arm-none-eabi/7.3.1/../../../../arm-none-eabi/lib/thumb/v7e-m/fpv4-sp/hard/libc_nano.a(lib_a-exit.o)
                              /opt/st/stm32cubeide_1.3.0/plugins/com.st.stm32cube.ide.mcu.externaltools.gnu-tools-for-stm32.7-2018-q2-update.linux64_1.0.0.201904181610/tools/bin/../lib/gcc/arm-none-eabi/7.3.1/../../../../arm-none-eabi/lib/thumb/v7e-m/fpv4-sp/hard/crt0.o (exit)
/opt/st/stm32cubeide_1.3.0/plugins/com.st.stm32cube.ide.mcu.externaltools.gnu-tools-for-stm32.7-2018-q2-update.linux64_1.0.0.201904181610/tools/bin/../lib/gcc/arm-none-eabi/7.3.1/../../../../arm-none-eabi/lib/thumb/v7e-m/fpv4-sp/hard/libc_nano.a(lib_a-fprintf.o)
                              /opt/st/stm32cubeide_1.3.0/plugins/com.st.stm32cube.ide.mcu.externaltools.gnu-tools-for-stm32.7-2018-q2-update.linux64_1.0.0.201904181610/tools/bin/../lib/gcc/arm-none-eabi/7.3.1/../../../../arm-none-eabi/lib/thumb/v7e-m/fpv4-sp/hard/libc_nano.a(lib_a-assert.o) (fiprintf)
/opt/st/stm32cubeide_1.3.0/plugins/com.st.stm32cube.ide.mcu.externaltools.gnu-tools-for-stm32.7-2018-q2-update.linux64_1.0.0.201904181610/tools/bin/../lib/gcc/arm-none-eabi/7.3.1/../../../../arm-none-eabi/lib/thumb/v7e-m/fpv4-sp/hard/libc_nano.a(lib_a-impure.o)
                              /opt/st/stm32cubeide_1.3.0/plugins/com.st.stm32cube.ide.mcu.externaltools.gnu-tools-for-stm32.7-2018-q2-update.linux64_1.0.0.201904181610/tools/bin/../lib/gcc/arm-none-eabi/7.3.1/../../../../arm-none-eabi/lib/thumb/v7e-m/fpv4-sp/hard/libc_nano.a(lib_a-exit.o) (_global_impure_ptr)
/opt/st/stm32cubeide_1.3.0/plugins/com.st.stm32cube.ide.mcu.externaltools.gnu-tools-for-stm32.7-2018-q2-update.linux64_1.0.0.201904181610/tools/bin/../lib/gcc/arm-none-eabi/7.3.1/../../../../arm-none-eabi/lib/thumb/v7e-m/fpv4-sp/hard/libc_nano.a(lib_a-init.o)
                              /opt/st/stm32cubeide_1.3.0/plugins/com.st.stm32cube.ide.mcu.externaltools.gnu-tools-for-stm32.7-2018-q2-update.linux64_1.0.0.201904181610/tools/bin/../lib/gcc/arm-none-eabi/7.3.1/../../../../arm-none-eabi/lib/thumb/v7e-m/fpv4-sp/hard/crt0.o (__libc_init_array)
/opt/st/stm32cubeide_1.3.0/plugins/com.st.stm32cube.ide.mcu.externaltools.gnu-tools-for-stm32.7-2018-q2-update.linux64_1.0.0.201904181610/tools/bin/../lib/gcc/arm-none-eabi/7.3.1/../../../../arm-none-eabi/lib/thumb/v7e-m/fpv4-sp/hard/libc_nano.a(lib_a-memcmp.o)
                              Core/Src/payload.o (memcmp)
/opt/st/stm32cubeide_1.3.0/plugins/com.st.stm32cube.ide.mcu.externaltools.gnu-tools-for-stm32.7-2018-q2-update.linux64_1.0.0.201904181610/tools/bin/../lib/gcc/arm-none-eabi/7.3.1/../../../../arm-none-eabi/lib/thumb/v7e-m/fpv4-sp/hard/libc_nano.a(lib_a-memcpy-stub.o)
                              Core/Src/queue.o (memcpy)
/opt/st/stm32cubeide_1.3.0/plugins/com.st.stm32cube.ide.mcu.externaltools.gnu-tools-for-stm32.7-2018-q2-update.linux64_1.0.0.201904181610/tools/bin/../lib/gcc/arm-none-eabi/7.3.1/../../../../arm-none-eabi/lib/thumb/v7e-m/fpv4-sp/hard/libc_nano.a(lib_a-memset.o)
                              /opt/st/stm32cubeide_1.3.0/plugins/com.st.stm32cube.ide.mcu.externaltools.gnu-tools-for-stm32.7-2018-q2-update.linux64_1.0.0.201904181610/tools/bin/../lib/gcc/arm-none-eabi/7.3.1/../../../../arm-none-eabi/lib/thumb/v7e-m/fpv4-sp/hard/crt0.o (memset)
/opt/st/stm32cubeide_1.3.0/plugins/com.st.stm32cube.ide.mcu.externaltools.gnu-tools-for-stm32.7-2018-q2-update.linux64_1.0.0.201904181610/tools/bin/../lib/gcc/arm-none-eabi/7.3.1/../../../../arm-none-eabi/lib/thumb/v7e-m/fpv4-sp/hard/libc_nano.a(lib_a-nano-vfprintf.o)
[...]
Memory Configuration

Name             Origin             Length             Attributes
CCMRAM           0x0000000010000000 0x0000000000010000 xrw
RAM              0x0000000020000000 0x0000000000020000 xrw
FLASH            0x0000000008000000 0x0000000000100000 xr
*default*        0x0000000000000000 0xffffffffffffffff

Linker script and memory map

LOAD /opt/st/stm32cubeide_1.3.0/plugins/com.st.stm32cube.ide.mcu.externaltools.gnu-tools-for-stm32.7-2018-q2-update.linux64_1.0.0.201904181610/tools/bin/../lib/gcc/arm-none-eabi/7.3.1/thumb/v7e-m/fpv4-sp/hard/crti.o
LOAD /opt/st/stm32cubeide_1.3.0/plugins/com.st.stm32cube.ide.mcu.externaltools.gnu-tools-for-stm32.7-2018-q2-update.linux64_1.0.0.201904181610/tools/bin/../lib/gcc/arm-none-eabi/7.3.1/thumb/v7e-m/fpv4-sp/hard/crtbegin.o
LOAD /opt/st/stm32cubeide_1.3.0/plugins/com.st.stm32cube.ide.mcu.externaltools.gnu-tools-for-stm32.7-2018-q2-update.linux64_1.0.0.201904181610/tools/bin/../lib/gcc/arm-none-eabi/7.3.1/../../../../arm-none-eabi/lib/thumb/v7e-m/fpv4-sp/hard/crt0.o
LOAD Core/Src/can.o
LOAD Core/Src/crc.o
LOAD Core/Src/float32_float16_convert.o
LOAD Core/Src/gimbal_camera_ctrl.o
LOAD Core/Src/gpio.o
LOAD Core/Src/main.o
LOAD Core/Src/o1heap.o
LOAD Core/Src/payload.o
LOAD Core/Src/queue.o
LOAD Core/Src/stm32f4xx_hal_msp.o
LOAD Core/Src/stm32f4xx_it.o
LOAD Core/Src/syscalls.o
LOAD Core/Src/sysmem.o
LOAD Core/Src/system_stm32f4xx.o
LOAD Core/Src/usart.o
LOAD Core/Startup/startup_stm32f405rgtx.o
LOAD Drivers/STM32F4xx_HAL_Driver/Src/stm32f4xx_hal.o
LOAD Drivers/STM32F4xx_HAL_Driver/Src/stm32f4xx_hal_can.o
LOAD Drivers/STM32F4xx_HAL_Driver/Src/stm32f4xx_hal_cortex.o
LOAD Drivers/STM32F4xx_HAL_Driver/Src/stm32f4xx_hal_dma.o
LOAD Drivers/STM32F4xx_HAL_Driver/Src/stm32f4xx_hal_dma_ex.o
LOAD Drivers/STM32F4xx_HAL_Driver/Src/stm32f4xx_hal_exti.o
LOAD Drivers/STM32F4xx_HAL_Driver/Src/stm32f4xx_hal_flash.o
LOAD Drivers/STM32F4xx_HAL_Driver/Src/stm32f4xx_hal_flash_ex.o
LOAD Drivers/STM32F4xx_HAL_Driver/Src/stm32f4xx_hal_flash_ramfunc.o
LOAD Drivers/STM32F4xx_HAL_Driver/Src/stm32f4xx_hal_gpio.o
LOAD Drivers/STM32F4xx_HAL_Driver/Src/stm32f4xx_hal_pwr.o
LOAD Drivers/STM32F4xx_HAL_Driver/Src/stm32f4xx_hal_pwr_ex.o
LOAD Drivers/STM32F4xx_HAL_Driver/Src/stm32f4xx_hal_rcc.o
LOAD Drivers/STM32F4xx_HAL_Driver/Src/stm32f4xx_hal_rcc_ex.o
LOAD Drivers/STM32F4xx_HAL_Driver/Src/stm32f4xx_hal_tim.o
LOAD Drivers/STM32F4xx_HAL_Driver/Src/stm32f4xx_hal_tim_ex.o
LOAD Drivers/STM32F4xx_HAL_Driver/Src/stm32f4xx_hal_uart.o
START GROUP
LOAD /opt/st/stm32cubeide_1.3.0/plugins/com.st.stm32cube.ide.mcu.externaltools.gnu-tools-for-stm32.7-2018-q2-update.linux64_1.0.0.201904181610/tools/bin/../lib/gcc/arm-none-eabi/7.3.1/../../../../arm-none-eabi/lib/thumb/v7e-m/fpv4-sp/hard/libc_nano.a
LOAD /opt/st/stm32cubeide_1.3.0/plugins/com.st.stm32cube.ide.mcu.externaltools.gnu-tools-for-stm32.7-2018-q2-update.linux64_1.0.0.201904181610/tools/bin/../lib/gcc/arm-none-eabi/7.3.1/../../../../arm-none-eabi/lib/thumb/v7e-m/fpv4-sp/hard/libm.a
END GROUP
START GROUP
LOAD /opt/st/stm32cubeide_1.3.0/plugins/com.st.stm32cube.ide.mcu.externaltools.gnu-tools-for-stm32.7-2018-q2-update.linux64_1.0.0.201904181610/tools/bin/../lib/gcc/arm-none-eabi/7.3.1/thumb/v7e-m/fpv4-sp/hard/libgcc.a
LOAD /opt/st/stm32cubeide_1.3.0/plugins/com.st.stm32cube.ide.mcu.externaltools.gnu-tools-for-stm32.7-2018-q2-update.linux64_1.0.0.201904181610/tools/bin/../lib/gcc/arm-none-eabi/7.3.1/../../../../arm-none-eabi/lib/thumb/v7e-m/fpv4-sp/hard/libc_nano.a
END GROUP
START GROUP
LOAD /opt/st/stm32cubeide_1.3.0/plugins/com.st.stm32cube.ide.mcu.externaltools.gnu-tools-for-stm32.7-2018-q2-update.linux64_1.0.0.201904181610/tools/bin/../lib/gcc/arm-none-eabi/7.3.1/thumb/v7e-m/fpv4-sp/hard/libgcc.a
LOAD /opt/st/stm32cubeide_1.3.0/plugins/com.st.stm32cube.ide.mcu.externaltools.gnu-tools-for-stm32.7-2018-q2-update.linux64_1.0.0.201904181610/tools/bin/../lib/gcc/arm-none-eabi/7.3.1/../../../../arm-none-eabi/lib/thumb/v7e-m/fpv4-sp/hard/libc_nano.a
LOAD /opt/st/stm32cubeide_1.3.0/plugins/com.st.stm32cube.ide.mcu.externaltools.gnu-tools-for-stm32.7-2018-q2-update.linux64_1.0.0.201904181610/tools/bin/../lib/gcc/arm-none-eabi/7.3.1/../../../../arm-none-eabi/lib/thumb/v7e-m/fpv4-sp/hard/libnosys.a
END GROUP
START GROUP
LOAD /opt/st/stm32cubeide_1.3.0/plugins/com.st.stm32cube.ide.mcu.externaltools.gnu-tools-for-stm32.7-2018-q2-update.linux64_1.0.0.201904181610/tools/bin/../lib/gcc/arm-none-eabi/7.3.1/thumb/v7e-m/fpv4-sp/hard/libgcc.a
LOAD /opt/st/stm32cubeide_1.3.0/plugins/com.st.stm32cube.ide.mcu.externaltools.gnu-tools-for-stm32.7-2018-q2-update.linux64_1.0.0.201904181610/tools/bin/../lib/gcc/arm-none-eabi/7.3.1/../../../../arm-none-eabi/lib/thumb/v7e-m/fpv4-sp/hard/libc_nano.a
LOAD /opt/st/stm32cubeide_1.3.0/plugins/com.st.stm32cube.ide.mcu.externaltools.gnu-tools-for-stm32.7-2018-q2-update.linux64_1.0.0.201904181610/tools/bin/../lib/gcc/arm-none-eabi/7.3.1/../../../../arm-none-eabi/lib/thumb/v7e-m/fpv4-sp/hard/libnosys.a
END GROUP
LOAD /opt/st/stm32cubeide_1.3.0/plugins/com.st.stm32cube.ide.mcu.externaltools.gnu-tools-for-stm32.7-2018-q2-update.linux64_1.0.0.201904181610/tools/bin/../lib/gcc/arm-none-eabi/7.3.1/thumb/v7e-m/fpv4-sp/hard/crtend.o
LOAD /opt/st/stm32cubeide_1.3.0/plugins/com.st.stm32cube.ide.mcu.externaltools.gnu-tools-for-stm32.7-2018-q2-update.linux64_1.0.0.201904181610/tools/bin/../lib/gcc/arm-none-eabi/7.3.1/thumb/v7e-m/fpv4-sp/hard/crtn.o
                0x0000000020020000                _estack = (ORIGIN (RAM) + LENGTH (RAM))
                0x0000000000000800                _Min_Heap_Size = 0x800
                0x0000000000000800                _Min_Stack_Size = 0x800

.isr_vector     0x0000000008000000      0x188
                0x0000000008000000                . = ALIGN (0x4)
 *(.isr_vector)
 .isr_vector    0x0000000008000000      0x188 Core/Startup/startup_stm32f405rgtx.o
                0x0000000008000000                g_pfnVectors
                0x0000000008000188                . = ALIGN (0x4)

.text           0x0000000008000190     0x6924
                0x0000000008000190                . = ALIGN (0x4)
 *(.text)
 .text          0x0000000008000190       0x40 /opt/st/stm32cubeide_1.3.0/plugins/com.st.stm32cube.ide.mcu.externaltools.gnu-tools-for-stm32.7-2018-q2-update.linux64_1.0.0.201904181610/tools/bin/../lib/gcc/arm-none-eabi/7.3.1/thumb/v7e-m/fpv4-sp/hard/crtbegin.o
 .text          0x00000000080001d0       0xa0 /opt/st/stm32cubeide_1.3.0/plugins/com.st.stm32cube.ide.mcu.externaltools.gnu-tools-for-stm32.7-2018-q2-update.linux64_1.0.0.201904181610/tools/bin/../lib/gcc/arm-none-eabi/7.3.1/../../../../arm-none-eabi/lib/thumb/v7e-m/fpv4-sp/hard/libc_nano.a(lib_a-memchr.o)
                0x00000000080001d0                memchr
 .text          0x0000000008000270       0x30 /opt/st/stm32cubeide_1.3.0/plugins/com.st.stm32cube.ide.mcu.externaltools.gnu-tools-for-stm32.7-2018-q2-update.linux64_1.0.0.201904181610/tools/bin/../lib/gcc/arm-none-eabi/7.3.1/thumb/v7e-m/fpv4-sp/hard/libgcc.a(_aeabi_uldivmod.o)
                0x0000000008000270                __aeabi_uldivmod
 .text          0x00000000080002a0      0x2cc /opt/st/stm32cubeide_1.3.0/plugins/com.st.stm32cube.ide.mcu.externaltools.gnu-tools-for-stm32.7-2018-q2-update.linux64_1.0.0.201904181610/tools/bin/../lib/gcc/arm-none-eabi/7.3.1/thumb/v7e-m/fpv4-sp/hard/libgcc.a(_udivmoddi4.o)
                0x00000000080002a0                __udivmoddi4
 .text          0x000000000800056c        0x4 /opt/st/stm32cubeide_1.3.0/plugins/com.st.stm32cube.ide.mcu.externaltools.gnu-tools-for-stm32.7-2018-q2-update.linux64_1.0.0.201904181610/tools/bin/../lib/gcc/arm-none-eabi/7.3.1/thumb/v7e-m/fpv4-sp/hard/libgcc.a(_dvmd_tls.o)
                0x000000000800056c                __aeabi_ldiv0
                0x000000000800056c                __aeabi_idiv0
 *(.text*)
 .text.MX_CAN1_Init
                0x0000000008000570       0x74 Core/Src/can.o
                0x0000000008000570                MX_CAN1_Init
 .text.MX_CAN2_Init
                0x00000000080005e4       0x6c Core/Src/can.o
                0x00000000080005e4                MX_CAN2_Init
 .text.HAL_CAN_MspInit
                0x0000000008000650      0x1c0 Core/Src/can.o
                0x0000000008000650                HAL_CAN_MspInit
 .text.user_Init
                0x0000000008000810       0x84 Core/Src/can.o
 .text.g_generate_crc
                0x0000000008000894       0x44 Core/Src/crc.o
                0x0000000008000894                g_generate_crc
 .text.g_convert_float16_to_native_float
                0x00000000080008d8       0x70 Core/Src/float32_float16_convert.o
                0x00000000080008d8                g_convert_float16_to_native_float
 .text.g_take_photo
                0x0000000008000948       0x18 Core/Src/gimbal_camera_ctrl.o
                0x0000000008000948                g_take_photo
 .text.g_record
                0x0000000008000960       0x16 Core/Src/gimbal_camera_ctrl.o
                0x0000000008000960                g_record
 .text.g_pitch_control
                0x0000000008000976       0x16 Core/Src/gimbal_camera_ctrl.o
                0x0000000008000976                g_pitch_control
 .text.g_yaw_control
                0x000000000800098c       0x16 Core/Src/gimbal_camera_ctrl.o
                0x000000000800098c                g_yaw_control
 .text.g_gimbal_mode
                0x00000000080009a2       0x16 Core/Src/gimbal_camera_ctrl.o
                0x00000000080009a2                g_gimbal_mode
 .text.g_set_gimbal_pitch
                0x00000000080009b8       0x16 Core/Src/gimbal_camera_ctrl.o
                0x00000000080009b8                g_set_gimbal_pitch
 .text.g_set_gimbal_yaw
                0x00000000080009ce       0x16 Core/Src/gimbal_camera_ctrl.o
                0x00000000080009ce                g_set_gimbal_yaw
 .text.g_control_zoom
                0x00000000080009e4       0x16 Core/Src/gimbal_camera_ctrl.o
                0x00000000080009e4                g_control_zoom
 *fill*         0x00000000080009fa        0x2 
 .text.MX_GPIO_Init
                0x00000000080009fc       0x6c Core/Src/gpio.o
                0x00000000080009fc                MX_GPIO_Init
 .text.main     0x0000000008000a68       0x26 Core/Src/main.o
                0x0000000008000a68                main
 *fill*         0x0000000008000a8e        0x2 
 .text.SystemClock_Config
                0x0000000008000a90       0xd4 Core/Src/main.o
                0x0000000008000a90                SystemClock_Config
 .text.Error_Handler
                0x0000000008000b64        0xe Core/Src/main.o
                0x0000000008000b64                Error_Handler
 .text.assert_failed
                0x0000000008000b72       0x16 Core/Src/main.o
                0x0000000008000b72                assert_failed
 .text.isPowerOf2
                0x0000000008000b88       0x26 Core/Src/o1heap.o
 .text.log2Floor
                0x0000000008000bae       0x32 Core/Src/o1heap.o
 .text.log2Ceil
                0x0000000008000be0       0x2c Core/Src/o1heap.o
 .text.pow2     0x0000000008000c0c       0x1e Core/Src/o1heap.o
 .text.invoke   0x0000000008000c2a       0x1a Core/Src/o1heap.o
 .text.interlink
                0x0000000008000c44       0x42 Core/Src/o1heap.o
 *fill*         0x0000000008000c86        0x2 
 .text.rebin    0x0000000008000c88       0xf8 Core/Src/o1heap.o
 .text.unbin    0x0000000008000d80      0x144 Core/Src/o1heap.o
 .text.o1heapInit
                0x0000000008000ec4      0x1a4 Core/Src/o1heap.o
                0x0000000008000ec4                o1heapInit
 .text.o1heapAllocate
                0x0000000008001068      0x414 Core/Src/o1heap.o
                0x0000000008001068                o1heapAllocate
 .text.o1heapFree
                0x000000000800147c      0x340 Core/Src/o1heap.o
                0x000000000800147c                o1heapFree
 .text.g_payload_init
                0x00000000080017bc       0x40 Core/Src/payload.o
                0x00000000080017bc                g_payload_init
 .text.g_send_to_drone
                0x00000000080017fc       0xc4 Core/Src/payload.o
                0x00000000080017fc                g_send_to_drone
 .text.request_identify
                0x00000000080018c0       0x3c Core/Src/payload.o
 .text.get_compile_date
                0x00000000080018fc       0xb4 Core/Src/payload.o
 .text.g_get_version
                0x00000000080019b0       0x44 Core/Src/payload.o
                0x00000000080019b0                g_get_version
 .text.send_photo_count_to_drone
                0x00000000080019f4       0x46 Core/Src/payload.o
                0x00000000080019f4                send_photo_count_to_drone
 *fill*         0x0000000008001a3a        0x2 
 .text.send_UID
                0x0000000008001a3c       0x90 Core/Src/payload.o
                0x0000000008001a3c                send_UID
 .text.send_page_info
                0x0000000008001acc       0x94 Core/Src/payload.o
                0x0000000008001acc                send_page_info
 .text.g_identification
                0x0000000008001b60       0x58 Core/Src/payload.o
                0x0000000008001b60                g_identification
 .text.g_update_identification_procedure
                0x0000000008001bb8       0x38 Core/Src/payload.o
                0x0000000008001bb8                g_update_identification_procedure
 .text.send_can_msg_to_drone
                0x0000000008001bf0       0x50 Core/Src/payload.o
 .text.g_handle_drone_instruction
                0x0000000008001c40      0x22c Core/Src/payload.o
                0x0000000008001c40                g_handle_drone_instruction
 .text.g_parser_drone_packet
                0x0000000008001e6c      0x140 Core/Src/payload.o
                0x0000000008001e6c                g_parser_drone_packet
 .text.HAL_CAN_RxFifo0MsgPendingCallback
                0x0000000008001fac       0x36 Core/Src/payload.o
                0x0000000008001fac                HAL_CAN_RxFifo0MsgPendingCallback
 *fill*         0x0000000008001fe2        0x2 
 .text.can_send_complete
                0x0000000008001fe4       0x58 Core/Src/payload.o
                0x0000000008001fe4                can_send_complete
 .text.HAL_CAN_TxMailbox0CompleteCallback
                0x000000000800203c       0x16 Core/Src/payload.o
                0x000000000800203c                HAL_CAN_TxMailbox0CompleteCallback
 .text.HAL_CAN_TxMailbox1CompleteCallback
                0x0000000008002052       0x16 Core/Src/payload.o
                0x0000000008002052                HAL_CAN_TxMailbox1CompleteCallback
 .text.HAL_CAN_TxMailbox2CompleteCallback
                0x0000000008002068       0x16 Core/Src/payload.o
                0x0000000008002068                HAL_CAN_TxMailbox2CompleteCallback
 *fill*         0x000000000800207e        0x2 
 .text.g_o1heap_init
                0x0000000008002080       0x24 Core/Src/queue.o
                0x0000000008002080                g_o1heap_init
 .text.g_queue_init
                0x00000000080020a4       0x26 Core/Src/queue.o
                0x00000000080020a4                g_queue_init
 *fill*         0x00000000080020ca        0x2 
 .text.queue_pop
                0x00000000080020cc       0x84 Core/Src/queue.o
                0x00000000080020cc                queue_pop
 .text.queue_push
                0x0000000008002150       0x8c Core/Src/queue.o
                0x0000000008002150                queue_push
 .text.HAL_MspInit
                0x00000000080021dc       0x50 Core/Src/stm32f4xx_hal_msp.o
                0x00000000080021dc                HAL_MspInit
 .text.NMI_Handler
                0x000000000800222c        0xe Core/Src/stm32f4xx_it.o
                0x000000000800222c                NMI_Handler
 .text.HardFault_Handler
                0x000000000800223a        0x6 Core/Src/stm32f4xx_it.o
                0x000000000800223a                HardFault_Handler
 .text.MemManage_Handler
                0x0000000008002240        0x6 Core/Src/stm32f4xx_it.o
                0x0000000008002240                MemManage_Handler
 .text.BusFault_Handler
                0x0000000008002246        0x6 Core/Src/stm32f4xx_it.o
                0x0000000008002246                BusFault_Handler
 .text.UsageFault_Handler
                0x000000000800224c        0x6 Core/Src/stm32f4xx_it.o
                0x000000000800224c                UsageFault_Handler
 .text.SVC_Handler
                0x0000000008002252        0xe Core/Src/stm32f4xx_it.o
                0x0000000008002252                SVC_Handler
 .text.DebugMon_Handler
                0x0000000008002260        0xe Core/Src/stm32f4xx_it.o
                0x0000000008002260                DebugMon_Handler
 .text.PendSV_Handler
                0x000000000800226e        0xe Core/Src/stm32f4xx_it.o
                0x000000000800226e                PendSV_Handler
 .text.SysTick_Handler
                0x000000000800227c       0x30 Core/Src/stm32f4xx_it.o
                0x000000000800227c                SysTick_Handler
 .text.CAN1_TX_IRQHandler
                0x00000000080022ac       0x14 Core/Src/stm32f4xx_it.o
                0x00000000080022ac                CAN1_TX_IRQHandler
 .text.CAN1_RX0_IRQHandler
                0x00000000080022c0       0x14 Core/Src/stm32f4xx_it.o
                0x00000000080022c0                CAN1_RX0_IRQHandler
 .text.CAN1_RX1_IRQHandler
                0x00000000080022d4       0x14 Core/Src/stm32f4xx_it.o
                0x00000000080022d4                CAN1_RX1_IRQHandler
 .text.CAN1_SCE_IRQHandler
                0x00000000080022e8       0x14 Core/Src/stm32f4xx_it.o
                0x00000000080022e8                CAN1_SCE_IRQHandler
 .text.USART1_IRQHandler
                0x00000000080022fc       0x14 Core/Src/stm32f4xx_it.o
                0x00000000080022fc                USART1_IRQHandler
 .text.USART2_IRQHandler
                0x0000000008002310       0x14 Core/Src/stm32f4xx_it.o
                0x0000000008002310                USART2_IRQHandler
 .text.CAN2_TX_IRQHandler
                0x0000000008002324       0x14 Core/Src/stm32f4xx_it.o
                0x0000000008002324                CAN2_TX_IRQHandler
 .text.CAN2_RX0_IRQHandler
                0x0000000008002338       0x14 Core/Src/stm32f4xx_it.o
                0x0000000008002338                CAN2_RX0_IRQHandler
 .text.CAN2_RX1_IRQHandler
                0x000000000800234c       0x14 Core/Src/stm32f4xx_it.o
                0x000000000800234c                CAN2_RX1_IRQHandler
 .text.CAN2_SCE_IRQHandler
                0x0000000008002360       0x14 Core/Src/stm32f4xx_it.o
                0x0000000008002360                CAN2_SCE_IRQHandler
 .text._getpid  0x0000000008002374       0x10 Core/Src/syscalls.o
                0x0000000008002374                _getpid
 .text._kill    0x0000000008002384       0x20 Core/Src/syscalls.o
                0x0000000008002384                _kill
 .text._exit    0x00000000080023a4       0x14 Core/Src/syscalls.o
                0x00000000080023a4                _exit
 .text._read    0x00000000080023b8       0x3a Core/Src/syscalls.o
                0x00000000080023b8                _read
 .text._write   0x00000000080023f2       0x38 Core/Src/syscalls.o
                0x00000000080023f2                _write
 .text._close   0x000000000800242a       0x18 Core/Src/syscalls.o
                0x000000000800242a                _close
 .text._fstat   0x0000000008002442       0x20 Core/Src/syscalls.o
                0x0000000008002442                _fstat
 .text._isatty  0x0000000008002462       0x16 Core/Src/syscalls.o
                0x0000000008002462                _isatty
 .text._lseek   0x0000000008002478       0x1a Core/Src/syscalls.o
                0x0000000008002478                _lseek
 *fill*         0x0000000008002492        0x2 
 .text._sbrk    0x0000000008002494       0x58 Core/Src/sysmem.o
                0x0000000008002494                _sbrk
 .text.SystemInit
                0x00000000080024ec       0x2c Core/Src/system_stm32f4xx.o
                0x00000000080024ec                SystemInit
 .text.MX_USART1_UART_Init
                0x0000000008002518       0x54 Core/Src/usart.o
                0x0000000008002518                MX_USART1_UART_Init
 .text.MX_USART2_UART_Init
                0x000000000800256c       0x54 Core/Src/usart.o
                0x000000000800256c                MX_USART2_UART_Init
 .text.HAL_UART_MspInit
                0x00000000080025c0      0x118 Core/Src/usart.o
                0x00000000080025c0                HAL_UART_MspInit
 .text.Reset_Handler
                0x00000000080026d8       0x50 Core/Startup/startup_stm32f405rgtx.o
                0x00000000080026d8                Reset_Handler
 .text.Default_Handler
                0x0000000008002728        0x2 Core/Startup/startup_stm32f405rgtx.o
                0x0000000008002728                RTC_Alarm_IRQHandler
                0x0000000008002728                HASH_RNG_IRQHandler
                0x0000000008002728                EXTI2_IRQHandler
                0x0000000008002728                TIM8_CC_IRQHandler
                0x0000000008002728                TIM1_CC_IRQHandler
                0x0000000008002728                DMA2_Stream5_IRQHandler
                0x0000000008002728                DMA1_Stream5_IRQHandler
                0x0000000008002728                PVD_IRQHandler
                0x0000000008002728                SDIO_IRQHandler
                0x0000000008002728                TAMP_STAMP_IRQHandler
                0x0000000008002728                EXTI3_IRQHandler
                0x0000000008002728                TIM8_TRG_COM_TIM14_IRQHandler
                0x0000000008002728                TIM1_UP_TIM10_IRQHandler
                0x0000000008002728                TIM8_UP_TIM13_IRQHandler
                0x0000000008002728                I2C3_ER_IRQHandler
                0x0000000008002728                EXTI0_IRQHandler
                0x0000000008002728                I2C2_EV_IRQHandler
                0x0000000008002728                DMA1_Stream2_IRQHandler
                0x0000000008002728                FPU_IRQHandler
                0x0000000008002728                OTG_HS_WKUP_IRQHandler
                0x0000000008002728                DMA2_Stream2_IRQHandler
                0x0000000008002728                SPI1_IRQHandler
                0x0000000008002728                TIM6_DAC_IRQHandler
                0x0000000008002728                TIM1_BRK_TIM9_IRQHandler
                0x0000000008002728                DMA2_Stream3_IRQHandler
                0x0000000008002728                USART6_IRQHandler
                0x0000000008002728                USART3_IRQHandler
                0x0000000008002728                UART5_IRQHandler
                0x0000000008002728                DMA2_Stream0_IRQHandler
                0x0000000008002728                TIM4_IRQHandler
                0x0000000008002728                I2C1_EV_IRQHandler
                0x0000000008002728                DMA1_Stream6_IRQHandler
                0x0000000008002728                DMA1_Stream1_IRQHandler
                0x0000000008002728                UART4_IRQHandler
                0x0000000008002728                TIM3_IRQHandler
                0x0000000008002728                RCC_IRQHandler
                0x0000000008002728                TIM8_BRK_TIM12_IRQHandler
                0x0000000008002728                Default_Handler
                0x0000000008002728                EXTI15_10_IRQHandler
                0x0000000008002728                ADC_IRQHandler
                0x0000000008002728                DMA1_Stream7_IRQHandler
                0x0000000008002728                TIM7_IRQHandler
                0x0000000008002728                TIM5_IRQHandler
                0x0000000008002728                DMA2_Stream7_IRQHandler
                0x0000000008002728                I2C3_EV_IRQHandler
                0x0000000008002728                EXTI9_5_IRQHandler
                0x0000000008002728                RTC_WKUP_IRQHandler
                0x0000000008002728                SPI2_IRQHandler
                0x0000000008002728                OTG_HS_EP1_IN_IRQHandler
                0x0000000008002728                DMA1_Stream0_IRQHandler
                0x0000000008002728                EXTI4_IRQHandler
                0x0000000008002728                FSMC_IRQHandler
                0x0000000008002728                OTG_HS_EP1_OUT_IRQHandler
                0x0000000008002728                WWDG_IRQHandler
                0x0000000008002728                TIM2_IRQHandler
                0x0000000008002728                OTG_FS_WKUP_IRQHandler
                0x0000000008002728                TIM1_TRG_COM_TIM11_IRQHandler
                0x0000000008002728                OTG_HS_IRQHandler
                0x0000000008002728                EXTI1_IRQHandler
                0x0000000008002728                I2C2_ER_IRQHandler
                0x0000000008002728                DMA2_Stream1_IRQHandler
                0x0000000008002728                FLASH_IRQHandler
                0x0000000008002728                DMA2_Stream4_IRQHandler
                0x0000000008002728                OTG_FS_IRQHandler
                0x0000000008002728                SPI3_IRQHandler
                0x0000000008002728                DMA1_Stream4_IRQHandler
                0x0000000008002728                I2C1_ER_IRQHandler
                0x0000000008002728                DMA2_Stream6_IRQHandler
                0x0000000008002728                DMA1_Stream3_IRQHandler
 *fill*         0x000000000800272a        0x2 
 .text.HAL_Init
                0x000000000800272c       0x44 Drivers/STM32F4xx_HAL_Driver/Src/stm32f4xx_hal.o
                0x000000000800272c                HAL_Init
 .text.HAL_InitTick
                0x0000000008002770       0x60 Drivers/STM32F4xx_HAL_Driver/Src/stm32f4xx_hal.o
                0x0000000008002770                HAL_InitTick
 .text.HAL_IncTick
                0x00000000080027d0       0x28 Drivers/STM32F4xx_HAL_Driver/Src/stm32f4xx_hal.o
                0x00000000080027d0                HAL_IncTick
 .text.HAL_GetTick
                0x00000000080027f8       0x18 Drivers/STM32F4xx_HAL_Driver/Src/stm32f4xx_hal.o
                0x00000000080027f8                HAL_GetTick
 .text.HAL_CAN_Init
                0x0000000008002810      0x438 Drivers/STM32F4xx_HAL_Driver/Src/stm32f4xx_hal_can.o
                0x0000000008002810                HAL_CAN_Init
 .text.HAL_CAN_ConfigFilter
                0x0000000008002c48      0x29c Drivers/STM32F4xx_HAL_Driver/Src/stm32f4xx_hal_can.o
                0x0000000008002c48                HAL_CAN_ConfigFilter
 .text.HAL_CAN_Start
                0x0000000008002ee4       0x88 Drivers/STM32F4xx_HAL_Driver/Src/stm32f4xx_hal_can.o
                0x0000000008002ee4                HAL_CAN_Start
 .text.HAL_CAN_AddTxMessage
                0x0000000008002f6c      0x248 Drivers/STM32F4xx_HAL_Driver/Src/stm32f4xx_hal_can.o
                0x0000000008002f6c                HAL_CAN_AddTxMessage
 .text.HAL_CAN_GetRxMessage
                0x00000000080031b4      0x23c Drivers/STM32F4xx_HAL_Driver/Src/stm32f4xx_hal_can.o
                0x00000000080031b4                HAL_CAN_GetRxMessage
 .text.HAL_CAN_ActivateNotification
                0x00000000080033f0       0x64 Drivers/STM32F4xx_HAL_Driver/Src/stm32f4xx_hal_can.o
                0x00000000080033f0                HAL_CAN_ActivateNotification
 .text.HAL_CAN_IRQHandler
                0x0000000008003454      0x362 Drivers/STM32F4xx_HAL_Driver/Src/stm32f4xx_hal_can.o
                0x0000000008003454                HAL_CAN_IRQHandler
 .text.HAL_CAN_TxMailbox0AbortCallback
                0x00000000080037b6       0x14 Drivers/STM32F4xx_HAL_Driver/Src/stm32f4xx_hal_can.o
                0x00000000080037b6                HAL_CAN_TxMailbox0AbortCallback
 .text.HAL_CAN_TxMailbox1AbortCallback
                0x00000000080037ca       0x14 Drivers/STM32F4xx_HAL_Driver/Src/stm32f4xx_hal_can.o
                0x00000000080037ca                HAL_CAN_TxMailbox1AbortCallback
 .text.HAL_CAN_TxMailbox2AbortCallback
                0x00000000080037de       0x14 Drivers/STM32F4xx_HAL_Driver/Src/stm32f4xx_hal_can.o
                0x00000000080037de                HAL_CAN_TxMailbox2AbortCallback
 .text.HAL_CAN_RxFifo0FullCallback
                0x00000000080037f2       0x14 Drivers/STM32F4xx_HAL_Driver/Src/stm32f4xx_hal_can.o
                0x00000000080037f2                HAL_CAN_RxFifo0FullCallback
 .text.HAL_CAN_RxFifo1MsgPendingCallback
                0x0000000008003806       0x14 Drivers/STM32F4xx_HAL_Driver/Src/stm32f4xx_hal_can.o
                0x0000000008003806                HAL_CAN_RxFifo1MsgPendingCallback
 .text.HAL_CAN_RxFifo1FullCallback
                0x000000000800381a       0x14 Drivers/STM32F4xx_HAL_Driver/Src/stm32f4xx_hal_can.o
                0x000000000800381a                HAL_CAN_RxFifo1FullCallback
 .text.HAL_CAN_SleepCallback
                0x000000000800382e       0x14 Drivers/STM32F4xx_HAL_Driver/Src/stm32f4xx_hal_can.o
                0x000000000800382e                HAL_CAN_SleepCallback
 .text.HAL_CAN_WakeUpFromRxMsgCallback
                0x0000000008003842       0x14 Drivers/STM32F4xx_HAL_Driver/Src/stm32f4xx_hal_can.o
                0x0000000008003842                HAL_CAN_WakeUpFromRxMsgCallback
 .text.HAL_CAN_ErrorCallback
                0x0000000008003856       0x14 Drivers/STM32F4xx_HAL_Driver/Src/stm32f4xx_hal_can.o
                0x0000000008003856                HAL_CAN_ErrorCallback
 *fill*         0x000000000800386a        0x2 
 .text.__NVIC_SetPriorityGrouping
                0x000000000800386c       0x48 Drivers/STM32F4xx_HAL_Driver/Src/stm32f4xx_hal_cortex.o
 .text.__NVIC_GetPriorityGrouping
                0x00000000080038b4       0x1c Drivers/STM32F4xx_HAL_Driver/Src/stm32f4xx_hal_cortex.o
 .text.__NVIC_EnableIRQ
                0x00000000080038d0       0x3c Drivers/STM32F4xx_HAL_Driver/Src/stm32f4xx_hal_cortex.o
 .text.__NVIC_SetPriority
                0x000000000800390c       0x54 Drivers/STM32F4xx_HAL_Driver/Src/stm32f4xx_hal_cortex.o
 .text.NVIC_EncodePriority
                0x0000000008003960       0x66 Drivers/STM32F4xx_HAL_Driver/Src/stm32f4xx_hal_cortex.o
 *fill*         0x00000000080039c6        0x2 
 .text.SysTick_Config
                0x00000000080039c8       0x44 Drivers/STM32F4xx_HAL_Driver/Src/stm32f4xx_hal_cortex.o
 .text.HAL_NVIC_SetPriorityGrouping
                0x0000000008003a0c       0x40 Drivers/STM32F4xx_HAL_Driver/Src/stm32f4xx_hal_cortex.o
                0x0000000008003a0c                HAL_NVIC_SetPriorityGrouping
 .text.HAL_NVIC_SetPriority
                0x0000000008003a4c       0x58 Drivers/STM32F4xx_HAL_Driver/Src/stm32f4xx_hal_cortex.o
                0x0000000008003a4c                HAL_NVIC_SetPriority
 .text.HAL_NVIC_EnableIRQ
                0x0000000008003aa4       0x30 Drivers/STM32F4xx_HAL_Driver/Src/stm32f4xx_hal_cortex.o
                0x0000000008003aa4                HAL_NVIC_EnableIRQ
 .text.HAL_SYSTICK_Config
                0x0000000008003ad4       0x18 Drivers/STM32F4xx_HAL_Driver/Src/stm32f4xx_hal_cortex.o
                0x0000000008003ad4                HAL_SYSTICK_Config
 .text.HAL_DMA_Abort_IT
                0x0000000008003aec       0x44 Drivers/STM32F4xx_HAL_Driver/Src/stm32f4xx_hal_dma.o
                0x0000000008003aec                HAL_DMA_Abort_IT
 .text.HAL_GPIO_Init
                0x0000000008003b30      0x5c4 Drivers/STM32F4xx_HAL_Driver/Src/stm32f4xx_hal_gpio.o
                0x0000000008003b30                HAL_GPIO_Init
 .text.HAL_RCC_OscConfig
                0x00000000080040f4      0x640 Drivers/STM32F4xx_HAL_Driver/Src/stm32f4xx_hal_rcc.o
                0x00000000080040f4                HAL_RCC_OscConfig
 .text.HAL_RCC_ClockConfig
                0x0000000008004734      0x31c Drivers/STM32F4xx_HAL_Driver/Src/stm32f4xx_hal_rcc.o
                0x0000000008004734                HAL_RCC_ClockConfig
 .text.HAL_RCC_GetSysClockFreq
                0x0000000008004a50      0x1b0 Drivers/STM32F4xx_HAL_Driver/Src/stm32f4xx_hal_rcc.o
                0x0000000008004a50                HAL_RCC_GetSysClockFreq
 .text.HAL_RCC_GetHCLKFreq
                0x0000000008004c00       0x18 Drivers/STM32F4xx_HAL_Driver/Src/stm32f4xx_hal_rcc.o
                0x0000000008004c00                HAL_RCC_GetHCLKFreq
 .text.HAL_RCC_GetPCLK1Freq
                0x0000000008004c18       0x28 Drivers/STM32F4xx_HAL_Driver/Src/stm32f4xx_hal_rcc.o
                0x0000000008004c18                HAL_RCC_GetPCLK1Freq
 .text.HAL_RCC_GetPCLK2Freq
                0x0000000008004c40       0x28 Drivers/STM32F4xx_HAL_Driver/Src/stm32f4xx_hal_rcc.o
                0x0000000008004c40                HAL_RCC_GetPCLK2Freq
 .text.HAL_UART_Init
                0x0000000008004c68      0x1a0 Drivers/STM32F4xx_HAL_Driver/Src/stm32f4xx_hal_uart.o
                0x0000000008004c68                HAL_UART_Init
 .text.HAL_UART_IRQHandler
                0x0000000008004e08      0x200 Drivers/STM32F4xx_HAL_Driver/Src/stm32f4xx_hal_uart.o
                0x0000000008004e08                HAL_UART_IRQHandler
 .text.HAL_UART_TxCpltCallback
                0x0000000008005008       0x14 Drivers/STM32F4xx_HAL_Driver/Src/stm32f4xx_hal_uart.o
                0x0000000008005008                HAL_UART_TxCpltCallback
 .text.HAL_UART_RxCpltCallback
                0x000000000800501c       0x14 Drivers/STM32F4xx_HAL_Driver/Src/stm32f4xx_hal_uart.o
                0x000000000800501c                HAL_UART_RxCpltCallback
 .text.HAL_UART_ErrorCallback
                0x0000000008005030       0x14 Drivers/STM32F4xx_HAL_Driver/Src/stm32f4xx_hal_uart.o
                0x0000000008005030                HAL_UART_ErrorCallback
 .text.UART_EndRxTransfer
                0x0000000008005044       0x3c Drivers/STM32F4xx_HAL_Driver/Src/stm32f4xx_hal_uart.o
 .text.UART_DMAAbortOnError
                0x0000000008005080       0x28 Drivers/STM32F4xx_HAL_Driver/Src/stm32f4xx_hal_uart.o
 .text.UART_Transmit_IT
                0x00000000080050a8       0xac Drivers/STM32F4xx_HAL_Driver/Src/stm32f4xx_hal_uart.o
 .text.UART_EndTransmit_IT
                0x0000000008005154       0x30 Drivers/STM32F4xx_HAL_Driver/Src/stm32f4xx_hal_uart.o
 .text.UART_Receive_IT
                0x0000000008005184      0x102 Drivers/STM32F4xx_HAL_Driver/Src/stm32f4xx_hal_uart.o
 *fill*         0x0000000008005286        0x2 
 .text.UART_SetConfig
                0x0000000008005288      0x77c Drivers/STM32F4xx_HAL_Driver/Src/stm32f4xx_hal_uart.o
 .text.__assert_func
                0x0000000008005a04       0x3c /opt/st/stm32cubeide_1.3.0/plugins/com.st.stm32cube.ide.mcu.externaltools.gnu-tools-for-stm32.7-2018-q2-update.linux64_1.0.0.201904181610/tools/bin/../lib/gcc/arm-none-eabi/7.3.1/../../../../arm-none-eabi/lib/thumb/v7e-m/fpv4-sp/hard/libc_nano.a(lib_a-assert.o)
                0x0000000008005a04                __assert_func
 .text.atoi     0x0000000008005a40        0x8 /opt/st/stm32cubeide_1.3.0/plugins/com.st.stm32cube.ide.mcu.externaltools.gnu-tools-for-stm32.7-2018-q2-update.linux64_1.0.0.201904181610/tools/bin/../lib/gcc/arm-none-eabi/7.3.1/../../../../arm-none-eabi/lib/thumb/v7e-m/fpv4-sp/hard/libc_nano.a(lib_a-atoi.o)
                0x0000000008005a40                atoi
 .text.__errno  0x0000000008005a48        0xc /opt/st/stm32cubeide_1.3.0/plugins/com.st.stm32cube.ide.mcu.externaltools.gnu-tools-for-stm32.7-2018-q2-update.linux64_1.0.0.201904181610/tools/bin/../lib/gcc/arm-none-eabi/7.3.1/../../../../arm-none-eabi/lib/thumb/v7e-m/fpv4-sp/hard/libc_nano.a(lib_a-errno.o)
                0x0000000008005a48                __errno
 .text.fprintf  0x0000000008005a54       0x24 /opt/st/stm32cubeide_1.3.0/plugins/com.st.stm32cube.ide.mcu.externaltools.gnu-tools-for-stm32.7-2018-q2-update.linux64_1.0.0.201904181610/tools/bin/../lib/gcc/arm-none-eabi/7.3.1/../../../../arm-none-eabi/lib/thumb/v7e-m/fpv4-sp/hard/libc_nano.a(lib_a-fprintf.o)
                0x0000000008005a54                fprintf
                0x0000000008005a54                fiprintf
 .text.__libc_init_array
                0x0000000008005a78       0x48 /opt/st/stm32cubeide_1.3.0/plugins/com.st.stm32cube.ide.mcu.externaltools.gnu-tools-for-stm32.7-2018-q2-update.linux64_1.0.0.201904181610/tools/bin/../lib/gcc/arm-none-eabi/7.3.1/../../../../arm-none-eabi/lib/thumb/v7e-m/fpv4-sp/hard/libc_nano.a(lib_a-init.o)
                0x0000000008005a78                __libc_init_array
 .text.memcmp   0x0000000008005ac0       0x1e /opt/st/stm32cubeide_1.3.0/plugins/com.st.stm32cube.ide.mcu.externaltools.gnu-tools-for-stm32.7-2018-q2-update.linux64_1.0.0.201904181610/tools/bin/../lib/gcc/arm-none-eabi/7.3.1/../../../../arm-none-eabi/lib/thumb/v7e-m/fpv4-sp/hard/libc_nano.a(lib_a-memcmp.o)
                0x0000000008005ac0                memcmp
 .text.memcpy   0x0000000008005ade       0x16 /opt/st/stm32cubeide_1.3.0/plugins/com.st.stm32cube.ide.mcu.externaltools.gnu-tools-for-stm32.7-2018-q2-update.linux64_1.0.0.201904181610/tools/bin/../lib/gcc/arm-none-eabi/7.3.1/../../../../arm-none-eabi/lib/thumb/v7e-m/fpv4-sp/hard/libc_nano.a(lib_a-memcpy-stub.o)
                0x0000000008005ade                memcpy
 .text.memset   0x0000000008005af4       0x10 /opt/st/stm32cubeide_1.3.0/plugins/com.st.stm32cube.ide.mcu.externaltools.gnu-tools-for-stm32.7-2018-q2-update.linux64_1.0.0.201904181610/tools/bin/../lib/gcc/arm-none-eabi/7.3.1/../../../../arm-none-eabi/lib/thumb/v7e-m/fpv4-sp/hard/libc_nano.a(lib_a-memset.o)
                0x0000000008005af4                memset
 .text.__sfputc_r
                0x0000000008005b04       0x2e /opt/st/stm32cubeide_1.3.0/plugins/com.st.stm32cube.ide.mcu.externaltools.gnu-tools-for-stm32.7-2018-q2-update.linux64_1.0.0.201904181610/tools/bin/../lib/gcc/arm-none-eabi/7.3.1/../../../../arm-none-eabi/lib/thumb/v7e-m/fpv4-sp/hard/libc_nano.a(lib_a-nano-vfprintf.o)
 .text.__sfputs_r
                0x0000000008005b32       0x24 /opt/st/stm32cubeide_1.3.0/plugins/com.st.stm32cube.ide.mcu.externaltools.gnu-tools-for-stm32.7-2018-q2-update.linux64_1.0.0.201904181610/tools/bin/../lib/gcc/arm-none-eabi/7.3.1/../../../../arm-none-eabi/lib/thumb/v7e-m/fpv4-sp/hard/libc_nano.a(lib_a-nano-vfprintf.o)
                0x0000000008005b32                __sfputs_r
 *fill*         0x0000000008005b56        0x2 
 .text._vfprintf_r
                0x0000000008005b58      0x22c /opt/st/stm32cubeide_1.3.0/plugins/com.st.stm32cube.ide.mcu.externaltools.gnu-tools-for-stm32.7-2018-q2-update.linux64_1.0.0.201904181610/tools/bin/../lib/gcc/arm-none-eabi/7.3.1/../../../../arm-none-eabi/lib/thumb/v7e-m/fpv4-sp/hard/libc_nano.a(lib_a-nano-vfprintf.o)
                0x0000000008005b58                _vfiprintf_r
                0x0000000008005b58                _vfprintf_r
 .text._printf_common
                0x0000000008005d84       0xea /opt/st/stm32cubeide_1.3.0/plugins/com.st.stm32cube.ide.mcu.externaltools.gnu-tools-for-stm32.7-2018-q2-update.linux64_1.0.0.201904181610/tools/bin/../lib/gcc/arm-none-eabi/7.3.1/../../../../arm-none-eabi/lib/thumb/v7e-m/fpv4-sp/hard/libc_nano.a(lib_a-nano-vfprintf_i.o)
                0x0000000008005d84                _printf_common
 *fill*         0x0000000008005e6e        0x2 
 .text._printf_i
                0x0000000008005e70      0x224 /opt/st/stm32cubeide_1.3.0/plugins/com.st.stm32cube.ide.mcu.externaltools.gnu-tools-for-stm32.7-2018-q2-update.linux64_1.0.0.201904181610/tools/bin/../lib/gcc/arm-none-eabi/7.3.1/../../../../arm-none-eabi/lib/thumb/v7e-m/fpv4-sp/hard/libc_nano.a(lib_a-nano-vfprintf_i.o)
                0x0000000008005e70                _printf_i
 .text._strtol_l.isra.0
                0x0000000008006094       0xf6 /opt/st/stm32cubeide_1.3.0/plugins/com.st.stm32cube.ide.mcu.externaltools.gnu-tools-for-stm32.7-2018-q2-update.linux64_1.0.0.201904181610/tools/bin/../lib/gcc/arm-none-eabi/7.3.1/../../../../arm-none-eabi/lib/thumb/v7e-m/fpv4-sp/hard/libc_nano.a(lib_a-strtol.o)
 *fill*         0x000000000800618a        0x2 
 .text.strtol   0x000000000800618c       0x2c /opt/st/stm32cubeide_1.3.0/plugins/com.st.stm32cube.ide.mcu.externaltools.gnu-tools-for-stm32.7-2018-q2-update.linux64_1.0.0.201904181610/tools/bin/../lib/gcc/arm-none-eabi/7.3.1/../../../../arm-none-eabi/lib/thumb/v7e-m/fpv4-sp/hard/libc_nano.a(lib_a-strtol.o)
                0x000000000800618c                strtol
 .text.__swbuf_r
                0x00000000080061b8       0xa4 /opt/st/stm32cubeide_1.3.0/plugins/com.st.stm32cube.ide.mcu.externaltools.gnu-tools-for-stm32.7-2018-q2-update.linux64_1.0.0.201904181610/tools/bin/../lib/gcc/arm-none-eabi/7.3.1/../../../../arm-none-eabi/lib/thumb/v7e-m/fpv4-sp/hard/libc_nano.a(lib_a-wbuf.o)
                0x00000000080061b8                __swbuf_r
 .text.__swsetup_r
                0x000000000800625c       0xdc /opt/st/stm32cubeide_1.3.0/plugins/com.st.stm32cube.ide.mcu.externaltools.gnu-tools-for-stm32.7-2018-q2-update.linux64_1.0.0.201904181610/tools/bin/../lib/gcc/arm-none-eabi/7.3.1/../../../../arm-none-eabi/lib/thumb/v7e-m/fpv4-sp/hard/libc_nano.a(lib_a-wsetup.o)
                0x000000000800625c                __swsetup_r
 .text.abort    0x0000000008006338        0xe /opt/st/stm32cubeide_1.3.0/plugins/com.st.stm32cube.ide.mcu.externaltools.gnu-tools-for-stm32.7-2018-q2-update.linux64_1.0.0.201904181610/tools/bin/../lib/gcc/arm-none-eabi/7.3.1/../../../../arm-none-eabi/lib/thumb/v7e-m/fpv4-sp/hard/libc_nano.a(lib_a-abort.o)
                0x0000000008006338                abort
 *fill*         0x0000000008006346        0x2 
 .text.__sflush_r
                0x0000000008006348      0x10c /opt/st/stm32cubeide_1.3.0/plugins/com.st.stm32cube.ide.mcu.externaltools.gnu-tools-for-stm32.7-2018-q2-update.linux64_1.0.0.201904181610/tools/bin/../lib/gcc/arm-none-eabi/7.3.1/../../../../arm-none-eabi/lib/thumb/v7e-m/fpv4-sp/hard/libc_nano.a(lib_a-fflush.o)
                0x0000000008006348                __sflush_r
 .text._fflush_r
                0x0000000008006454       0x54 /opt/st/stm32cubeide_1.3.0/plugins/com.st.stm32cube.ide.mcu.externaltools.gnu-tools-for-stm32.7-2018-q2-update.linux64_1.0.0.201904181610/tools/bin/../lib/gcc/arm-none-eabi/7.3.1/../../../../arm-none-eabi/lib/thumb/v7e-m/fpv4-sp/hard/libc_nano.a(lib_a-fflush.o)
                0x0000000008006454                _fflush_r
 .text.std      0x00000000080064a8       0x48 /opt/st/stm32cubeide_1.3.0/plugins/com.st.stm32cube.ide.mcu.externaltools.gnu-tools-for-stm32.7-2018-q2-update.linux64_1.0.0.201904181610/tools/bin/../lib/gcc/arm-none-eabi/7.3.1/../../../../arm-none-eabi/lib/thumb/v7e-m/fpv4-sp/hard/libc_nano.a(lib_a-findfp.o)
 .text._cleanup_r
                0x00000000080064f0        0xc /opt/st/stm32cubeide_1.3.0/plugins/com.st.stm32cube.ide.mcu.externaltools.gnu-tools-for-stm32.7-2018-q2-update.linux64_1.0.0.201904181610/tools/bin/../lib/gcc/arm-none-eabi/7.3.1/../../../../arm-none-eabi/lib/thumb/v7e-m/fpv4-sp/hard/libc_nano.a(lib_a-findfp.o)
                0x00000000080064f0                _cleanup_r
 .text.__sfmoreglue
                0x00000000080064fc       0x2c /opt/st/stm32cubeide_1.3.0/plugins/com.st.stm32cube.ide.mcu.externaltools.gnu-tools-for-stm32.7-2018-q2-update.linux64_1.0.0.201904181610/tools/bin/../lib/gcc/arm-none-eabi/7.3.1/../../../../arm-none-eabi/lib/thumb/v7e-m/fpv4-sp/hard/libc_nano.a(lib_a-findfp.o)
                0x00000000080064fc                __sfmoreglue
 .text.__sinit  0x0000000008006528       0x60 /opt/st/stm32cubeide_1.3.0/plugins/com.st.stm32cube.ide.mcu.externaltools.gnu-tools-for-stm32.7-2018-q2-update.linux64_1.0.0.201904181610/tools/bin/../lib/gcc/arm-none-eabi/7.3.1/../../../../arm-none-eabi/lib/thumb/v7e-m/fpv4-sp/hard/libc_nano.a(lib_a-findfp.o)
                0x0000000008006528                __sinit
 .text.__sfp    0x0000000008006588       0x78 /opt/st/stm32cubeide_1.3.0/plugins/com.st.stm32cube.ide.mcu.externaltools.gnu-tools-for-stm32.7-2018-q2-update.linux64_1.0.0.201904181610/tools/bin/../lib/gcc/arm-none-eabi/7.3.1/../../../../arm-none-eabi/lib/thumb/v7e-m/fpv4-sp/hard/libc_nano.a(lib_a-findfp.o)
                0x0000000008006588                __sfp
 .text._fwalk_reent
                0x0000000008006600       0x3c /opt/st/stm32cubeide_1.3.0/plugins/com.st.stm32cube.ide.mcu.externaltools.gnu-tools-for-stm32.7-2018-q2-update.linux64_1.0.0.201904181610/tools/bin/../lib/gcc/arm-none-eabi/7.3.1/../../../../arm-none-eabi/lib/thumb/v7e-m/fpv4-sp/hard/libc_nano.a(lib_a-fwalk.o)
                0x0000000008006600                _fwalk_reent
 .text.__locale_ctype_ptr_l
                0x000000000800663c        0x6 /opt/st/stm32cubeide_1.3.0/plugins/com.st.stm32cube.ide.mcu.externaltools.gnu-tools-for-stm32.7-2018-q2-update.linux64_1.0.0.201904181610/tools/bin/../lib/gcc/arm-none-eabi/7.3.1/../../../../arm-none-eabi/lib/thumb/v7e-m/fpv4-sp/hard/libc_nano.a(lib_a-locale.o)
                0x000000000800663c                __locale_ctype_ptr_l
 .text.__swhatbuf_r
                0x0000000008006642       0x48 /opt/st/stm32cubeide_1.3.0/plugins/com.st.stm32cube.ide.mcu.externaltools.gnu-tools-for-stm32.7-2018-q2-update.linux64_1.0.0.201904181610/tools/bin/../lib/gcc/arm-none-eabi/7.3.1/../../../../arm-none-eabi/lib/thumb/v7e-m/fpv4-sp/hard/libc_nano.a(lib_a-makebuf.o)
                0x0000000008006642                __swhatbuf_r
 *fill*         0x000000000800668a        0x2 
 .text.__smakebuf_r
                0x000000000800668c       0x80 /opt/st/stm32cubeide_1.3.0/plugins/com.st.stm32cube.ide.mcu.externaltools.gnu-tools-for-stm32.7-2018-q2-update.linux64_1.0.0.201904181610/tools/bin/../lib/gcc/arm-none-eabi/7.3.1/../../../../arm-none-eabi/lib/thumb/v7e-m/fpv4-sp/hard/libc_nano.a(lib_a-makebuf.o)
                0x000000000800668c                __smakebuf_r
 .text.__ascii_mbtowc
                0x000000000800670c       0x24 /opt/st/stm32cubeide_1.3.0/plugins/com.st.stm32cube.ide.mcu.externaltools.gnu-tools-for-stm32.7-2018-q2-update.linux64_1.0.0.201904181610/tools/bin/../lib/gcc/arm-none-eabi/7.3.1/../../../../arm-none-eabi/lib/thumb/v7e-m/fpv4-sp/hard/libc_nano.a(lib_a-mbtowc_r.o)
                0x000000000800670c                __ascii_mbtowc
 .text._free_r  0x0000000008006730       0x9c /opt/st/stm32cubeide_1.3.0/plugins/com.st.stm32cube.ide.mcu.externaltools.gnu-tools-for-stm32.7-2018-q2-update.linux64_1.0.0.201904181610/tools/bin/../lib/gcc/arm-none-eabi/7.3.1/../../../../arm-none-eabi/lib/thumb/v7e-m/fpv4-sp/hard/libc_nano.a(lib_a-nano-freer.o)
                0x0000000008006730                _free_r
 .text._malloc_r
                0x00000000080067cc       0xb4 /opt/st/stm32cubeide_1.3.0/plugins/com.st.stm32cube.ide.mcu.externaltools.gnu-tools-for-stm32.7-2018-q2-update.linux64_1.0.0.201904181610/tools/bin/../lib/gcc/arm-none-eabi/7.3.1/../../../../arm-none-eabi/lib/thumb/v7e-m/fpv4-sp/hard/libc_nano.a(lib_a-nano-mallocr.o)
                0x00000000080067cc                _malloc_r
 .text._sbrk_r  0x0000000008006880       0x20 /opt/st/stm32cubeide_1.3.0/plugins/com.st.stm32cube.ide.mcu.externaltools.gnu-tools-for-stm32.7-2018-q2-update.linux64_1.0.0.201904181610/tools/bin/../lib/gcc/arm-none-eabi/7.3.1/../../../../arm-none-eabi/lib/thumb/v7e-m/fpv4-sp/hard/libc_nano.a(lib_a-sbrkr.o)
                0x0000000008006880                _sbrk_r
 .text._raise_r
                0x00000000080068a0       0x50 /opt/st/stm32cubeide_1.3.0/plugins/com.st.stm32cube.ide.mcu.externaltools.gnu-tools-for-stm32.7-2018-q2-update.linux64_1.0.0.201904181610/tools/bin/../lib/gcc/arm-none-eabi/7.3.1/../../../../arm-none-eabi/lib/thumb/v7e-m/fpv4-sp/hard/libc_nano.a(lib_a-signal.o)
                0x00000000080068a0                _raise_r
 .text.raise    0x00000000080068f0       0x10 /opt/st/stm32cubeide_1.3.0/plugins/com.st.stm32cube.ide.mcu.externaltools.gnu-tools-for-stm32.7-2018-q2-update.linux64_1.0.0.201904181610/tools/bin/../lib/gcc/arm-none-eabi/7.3.1/../../../../arm-none-eabi/lib/thumb/v7e-m/fpv4-sp/hard/libc_nano.a(lib_a-signal.o)
                0x00000000080068f0                raise
 .text._kill_r  0x0000000008006900       0x24 /opt/st/stm32cubeide_1.3.0/plugins/com.st.stm32cube.ide.mcu.externaltools.gnu-tools-for-stm32.7-2018-q2-update.linux64_1.0.0.201904181610/tools/bin/../lib/gcc/arm-none-eabi/7.3.1/../../../../arm-none-eabi/lib/thumb/v7e-m/fpv4-sp/hard/libc_nano.a(lib_a-signalr.o)
                0x0000000008006900                _kill_r
 .text._getpid_r
                0x0000000008006924        0x4 /opt/st/stm32cubeide_1.3.0/plugins/com.st.stm32cube.ide.mcu.externaltools.gnu-tools-for-stm32.7-2018-q2-update.linux64_1.0.0.201904181610/tools/bin/../lib/gcc/arm-none-eabi/7.3.1/../../../../arm-none-eabi/lib/thumb/v7e-m/fpv4-sp/hard/libc_nano.a(lib_a-signalr.o)
                0x0000000008006924                _getpid_r
 .text.__sread  0x0000000008006928       0x22 /opt/st/stm32cubeide_1.3.0/plugins/com.st.stm32cube.ide.mcu.externaltools.gnu-tools-for-stm32.7-2018-q2-update.linux64_1.0.0.201904181610/tools/bin/../lib/gcc/arm-none-eabi/7.3.1/../../../../arm-none-eabi/lib/thumb/v7e-m/fpv4-sp/hard/libc_nano.a(lib_a-stdio.o)
                0x0000000008006928                __sread
 .text.__swrite
                0x000000000800694a       0x38 /opt/st/stm32cubeide_1.3.0/plugins/com.st.stm32cube.ide.mcu.externaltools.gnu-tools-for-stm32.7-2018-q2-update.linux64_1.0.0.201904181610/tools/bin/../lib/gcc/arm-none-eabi/7.3.1/../../../../arm-none-eabi/lib/thumb/v7e-m/fpv4-sp/hard/libc_nano.a(lib_a-stdio.o)
                0x000000000800694a                __swrite
 .text.__sseek  0x0000000008006982       0x24 /opt/st/stm32cubeide_1.3.0/plugins/com.st.stm32cube.ide.mcu.externaltools.gnu-tools-for-stm32.7-2018-q2-update.linux64_1.0.0.201904181610/tools/bin/../lib/gcc/arm-none-eabi/7.3.1/../../../../arm-none-eabi/lib/thumb/v7e-m/fpv4-sp/hard/libc_nano.a(lib_a-stdio.o)
                0x0000000008006982                __sseek
 .text.__sclose
                0x00000000080069a6        0x8 /opt/st/stm32cubeide_1.3.0/plugins/com.st.stm32cube.ide.mcu.externaltools.gnu-tools-for-stm32.7-2018-q2-update.linux64_1.0.0.201904181610/tools/bin/../lib/gcc/arm-none-eabi/7.3.1/../../../../arm-none-eabi/lib/thumb/v7e-m/fpv4-sp/hard/libc_nano.a(lib_a-stdio.o)
                0x00000000080069a6                __sclose
 .text.__ascii_wctomb
                0x00000000080069ae       0x1a /opt/st/stm32cubeide_1.3.0/plugins/com.st.stm32cube.ide.mcu.externaltools.gnu-tools-for-stm32.7-2018-q2-update.linux64_1.0.0.201904181610/tools/bin/../lib/gcc/arm-none-eabi/7.3.1/../../../../arm-none-eabi/lib/thumb/v7e-m/fpv4-sp/hard/libc_nano.a(lib_a-wctomb_r.o)
                0x00000000080069ae                __ascii_wctomb
 .text._write_r
                0x00000000080069c8       0x24 /opt/st/stm32cubeide_1.3.0/plugins/com.st.stm32cube.ide.mcu.externaltools.gnu-tools-for-stm32.7-2018-q2-update.linux64_1.0.0.201904181610/tools/bin/../lib/gcc/arm-none-eabi/7.3.1/../../../../arm-none-eabi/lib/thumb/v7e-m/fpv4-sp/hard/libc_nano.a(lib_a-writer.o)
                0x00000000080069c8                _write_r
 .text._close_r
                0x00000000080069ec       0x20 /opt/st/stm32cubeide_1.3.0/plugins/com.st.stm32cube.ide.mcu.externaltools.gnu-tools-for-stm32.7-2018-q2-update.linux64_1.0.0.201904181610/tools/bin/../lib/gcc/arm-none-eabi/7.3.1/../../../../arm-none-eabi/lib/thumb/v7e-m/fpv4-sp/hard/libc_nano.a(lib_a-closer.o)
                0x00000000080069ec                _close_r
 .text._fstat_r
                0x0000000008006a0c       0x24 /opt/st/stm32cubeide_1.3.0/plugins/com.st.stm32cube.ide.mcu.externaltools.gnu-tools-for-stm32.7-2018-q2-update.linux64_1.0.0.201904181610/tools/bin/../lib/gcc/arm-none-eabi/7.3.1/../../../../arm-none-eabi/lib/thumb/v7e-m/fpv4-sp/hard/libc_nano.a(lib_a-fstatr.o)
                0x0000000008006a0c                _fstat_r
 .text._isatty_r
                0x0000000008006a30       0x20 /opt/st/stm32cubeide_1.3.0/plugins/com.st.stm32cube.ide.mcu.externaltools.gnu-tools-for-stm32.7-2018-q2-update.linux64_1.0.0.201904181610/tools/bin/../lib/gcc/arm-none-eabi/7.3.1/../../../../arm-none-eabi/lib/thumb/v7e-m/fpv4-sp/hard/libc_nano.a(lib_a-isattyr.o)
                0x0000000008006a30                _isatty_r
 .text._lseek_r
                0x0000000008006a50       0x24 /opt/st/stm32cubeide_1.3.0/plugins/com.st.stm32cube.ide.mcu.externaltools.gnu-tools-for-stm32.7-2018-q2-update.linux64_1.0.0.201904181610/tools/bin/../lib/gcc/arm-none-eabi/7.3.1/../../../../arm-none-eabi/lib/thumb/v7e-m/fpv4-sp/hard/libc_nano.a(lib_a-lseekr.o)
                0x0000000008006a50                _lseek_r
 .text.__malloc_lock
                0x0000000008006a74        0x2 /opt/st/stm32cubeide_1.3.0/plugins/com.st.stm32cube.ide.mcu.externaltools.gnu-tools-for-stm32.7-2018-q2-update.linux64_1.0.0.201904181610/tools/bin/../lib/gcc/arm-none-eabi/7.3.1/../../../../arm-none-eabi/lib/thumb/v7e-m/fpv4-sp/hard/libc_nano.a(lib_a-mlock.o)
                0x0000000008006a74                __malloc_lock
 .text.__malloc_unlock
                0x0000000008006a76        0x2 /opt/st/stm32cubeide_1.3.0/plugins/com.st.stm32cube.ide.mcu.externaltools.gnu-tools-for-stm32.7-2018-q2-update.linux64_1.0.0.201904181610/tools/bin/../lib/gcc/arm-none-eabi/7.3.1/../../../../arm-none-eabi/lib/thumb/v7e-m/fpv4-sp/hard/libc_nano.a(lib_a-mlock.o)
                0x0000000008006a76                __malloc_unlock
 .text._read_r  0x0000000008006a78       0x24 /opt/st/stm32cubeide_1.3.0/plugins/com.st.stm32cube.ide.mcu.externaltools.gnu-tools-for-stm32.7-2018-q2-update.linux64_1.0.0.201904181610/tools/bin/../lib/gcc/arm-none-eabi/7.3.1/../../../../arm-none-eabi/lib/thumb/v7e-m/fpv4-sp/hard/libc_nano.a(lib_a-readr.o)
                0x0000000008006a78                _read_r
 *(.glue_7)
 .glue_7        0x0000000008006a9c        0x0 linker stubs
 *(.glue_7t)
 .glue_7t       0x0000000008006a9c        0x0 linker stubs
 *(.eh_frame)
 .eh_frame      0x0000000008006a9c        0x0 /opt/st/stm32cubeide_1.3.0/plugins/com.st.stm32cube.ide.mcu.externaltools.gnu-tools-for-stm32.7-2018-q2-update.linux64_1.0.0.201904181610/tools/bin/../lib/gcc/arm-none-eabi/7.3.1/thumb/v7e-m/fpv4-sp/hard/crtbegin.o
 *(.init)
 .init          0x0000000008006a9c        0x4 /opt/st/stm32cubeide_1.3.0/plugins/com.st.stm32cube.ide.mcu.externaltools.gnu-tools-for-stm32.7-2018-q2-update.linux64_1.0.0.201904181610/tools/bin/../lib/gcc/arm-none-eabi/7.3.1/thumb/v7e-m/fpv4-sp/hard/crti.o
                0x0000000008006a9c                _init
 .init          0x0000000008006aa0        0x8 /opt/st/stm32cubeide_1.3.0/plugins/com.st.stm32cube.ide.mcu.externaltools.gnu-tools-for-stm32.7-2018-q2-update.linux64_1.0.0.201904181610/tools/bin/../lib/gcc/arm-none-eabi/7.3.1/thumb/v7e-m/fpv4-sp/hard/crtn.o
 *(.fini)
 .fini          0x0000000008006aa8        0x4 /opt/st/stm32cubeide_1.3.0/plugins/com.st.stm32cube.ide.mcu.externaltools.gnu-tools-for-stm32.7-2018-q2-update.linux64_1.0.0.201904181610/tools/bin/../lib/gcc/arm-none-eabi/7.3.1/thumb/v7e-m/fpv4-sp/hard/crti.o
                0x0000000008006aa8                _fini
 .fini          0x0000000008006aac        0x8 /opt/st/stm32cubeide_1.3.0/plugins/com.st.stm32cube.ide.mcu.externaltools.gnu-tools-for-stm32.7-2018-q2-update.linux64_1.0.0.201904181610/tools/bin/../lib/gcc/arm-none-eabi/7.3.1/thumb/v7e-m/fpv4-sp/hard/crtn.o
                0x0000000008006ab4                . = ALIGN (0x4)
                0x0000000008006ab4                _etext = .

.vfp11_veneer   0x0000000008006ab4        0x0
 .vfp11_veneer  0x0000000008006ab4        0x0 linker stubs

.v4_bx          0x0000000008006ab4        0x0
 .v4_bx         0x0000000008006ab4        0x0 linker stubs

.iplt           0x0000000008006ab4        0x0
 .iplt          0x0000000008006ab4        0x0 /opt/st/stm32cubeide_1.3.0/plugins/com.st.stm32cube.ide.mcu.externaltools.gnu-tools-for-stm32.7-2018-q2-update.linux64_1.0.0.201904181610/tools/bin/../lib/gcc/arm-none-eabi/7.3.1/thumb/v7e-m/fpv4-sp/hard/crtbegin.o

.rodata         0x0000000008006ab4      0xce8
                0x0000000008006ab4                . = ALIGN (0x4)
 *(.rodata)
 .rodata        0x0000000008006ab4      0x818 Core/Src/o1heap.o
 .rodata        0x00000000080072cc       0x7b Core/Src/payload.o
 *fill*         0x0000000008007347        0x1 
 .rodata        0x0000000008007348       0x38 Drivers/STM32F4xx_HAL_Driver/Src/stm32f4xx_hal_can.o
 .rodata        0x0000000008007380       0x3b Drivers/STM32F4xx_HAL_Driver/Src/stm32f4xx_hal_cortex.o
 *fill*         0x00000000080073bb        0x1 
 .rodata        0x00000000080073bc       0x39 Drivers/STM32F4xx_HAL_Driver/Src/stm32f4xx_hal_gpio.o
 *fill*         0x00000000080073f5        0x3 
 .rodata        0x00000000080073f8       0x38 Drivers/STM32F4xx_HAL_Driver/Src/stm32f4xx_hal_rcc.o
 .rodata        0x0000000008007430       0x39 Drivers/STM32F4xx_HAL_Driver/Src/stm32f4xx_hal_uart.o
 *(.rodata*)
 *fill*         0x0000000008007469        0x3 
 .rodata.crc_table
                0x000000000800746c      0x100 Core/Src/crc.o
                0x000000000800746c                crc_table
 .rodata.__func__.5541
                0x000000000800756c        0xb Core/Src/o1heap.o
 *fill*         0x0000000008007577        0x1 
 .rodata.__func__.5523
                0x0000000008007578        0x6 Core/Src/o1heap.o
 *fill*         0x000000000800757e        0x2 
 .rodata.__func__.5555
                0x0000000008007580        0xf Core/Src/o1heap.o
 *fill*         0x000000000800758f        0x1 
 .rodata.__func__.5532
                0x0000000008007590        0x6 Core/Src/o1heap.o
 *fill*         0x0000000008007596        0x2 
 .rodata.__func__.5570
                0x0000000008007598        0xb Core/Src/o1heap.o
 *fill*         0x00000000080075a3        0x1 
 .rodata.AHBPrescTable
                0x00000000080075a4       0x10 Core/Src/system_stm32f4xx.o
                0x00000000080075a4                AHBPrescTable
 .rodata.APBPrescTable
                0x00000000080075b4        0x8 Core/Src/system_stm32f4xx.o
                0x00000000080075b4                APBPrescTable
 .rodata.__assert_func.str1.1
                0x00000000080075bc       0x3c /opt/st/stm32cubeide_1.3.0/plugins/com.st.stm32cube.ide.mcu.externaltools.gnu-tools-for-stm32.7-2018-q2-update.linux64_1.0.0.201904181610/tools/bin/../lib/gcc/arm-none-eabi/7.3.1/../../../../arm-none-eabi/lib/thumb/v7e-m/fpv4-sp/hard/libc_nano.a(lib_a-assert.o)
                                         0x3d (size before relaxing)
 .rodata._global_impure_ptr
                0x00000000080075f8        0x4 /opt/st/stm32cubeide_1.3.0/plugins/com.st.stm32cube.ide.mcu.externaltools.gnu-tools-for-stm32.7-2018-q2-update.linux64_1.0.0.201904181610/tools/bin/../lib/gcc/arm-none-eabi/7.3.1/../../../../arm-none-eabi/lib/thumb/v7e-m/fpv4-sp/hard/libc_nano.a(lib_a-impure.o)
                0x00000000080075f8                _global_impure_ptr
 .rodata._vfprintf_r.str1.1
                0x00000000080075fc       0x11 /opt/st/stm32cubeide_1.3.0/plugins/com.st.stm32cube.ide.mcu.externaltools.gnu-tools-for-stm32.7-2018-q2-update.linux64_1.0.0.201904181610/tools/bin/../lib/gcc/arm-none-eabi/7.3.1/../../../../arm-none-eabi/lib/thumb/v7e-m/fpv4-sp/hard/libc_nano.a(lib_a-nano-vfprintf.o)
 .rodata._printf_i.str1.1
                0x000000000800760d       0x22 /opt/st/stm32cubeide_1.3.0/plugins/com.st.stm32cube.ide.mcu.externaltools.gnu-tools-for-stm32.7-2018-q2-update.linux64_1.0.0.201904181610/tools/bin/../lib/gcc/arm-none-eabi/7.3.1/../../../../arm-none-eabi/lib/thumb/v7e-m/fpv4-sp/hard/libc_nano.a(lib_a-nano-vfprintf_i.o)
 *fill*         0x000000000800762f        0x1 
 .rodata.__sf_fake_stderr
                0x0000000008007630       0x20 /opt/st/stm32cubeide_1.3.0/plugins/com.st.stm32cube.ide.mcu.externaltools.gnu-tools-for-stm32.7-2018-q2-update.linux64_1.0.0.201904181610/tools/bin/../lib/gcc/arm-none-eabi/7.3.1/../../../../arm-none-eabi/lib/thumb/v7e-m/fpv4-sp/hard/libc_nano.a(lib_a-findfp.o)
                0x0000000008007630                __sf_fake_stderr
 .rodata.__sf_fake_stdin
                0x0000000008007650       0x20 /opt/st/stm32cubeide_1.3.0/plugins/com.st.stm32cube.ide.mcu.externaltools.gnu-tools-for-stm32.7-2018-q2-update.linux64_1.0.0.201904181610/tools/bin/../lib/gcc/arm-none-eabi/7.3.1/../../../../arm-none-eabi/lib/thumb/v7e-m/fpv4-sp/hard/libc_nano.a(lib_a-findfp.o)
                0x0000000008007650                __sf_fake_stdin
 .rodata.__sf_fake_stdout
                0x0000000008007670       0x20 /opt/st/stm32cubeide_1.3.0/plugins/com.st.stm32cube.ide.mcu.externaltools.gnu-tools-for-stm32.7-2018-q2-update.linux64_1.0.0.201904181610/tools/bin/../lib/gcc/arm-none-eabi/7.3.1/../../../../arm-none-eabi/lib/thumb/v7e-m/fpv4-sp/hard/libc_nano.a(lib_a-findfp.o)
                0x0000000008007670                __sf_fake_stdout
 .rodata._setlocale_r.str1.1
                0x0000000008007690        0x8 /opt/st/stm32cubeide_1.3.0/plugins/com.st.stm32cube.ide.mcu.externaltools.gnu-tools-for-stm32.7-2018-q2-update.linux64_1.0.0.201904181610/tools/bin/../lib/gcc/arm-none-eabi/7.3.1/../../../../arm-none-eabi/lib/thumb/v7e-m/fpv4-sp/hard/libc_nano.a(lib_a-locale.o)
                                          0x9 (size before relaxing)
 .rodata.str1.1
                0x0000000008007698        0x2 /opt/st/stm32cubeide_1.3.0/plugins/com.st.stm32cube.ide.mcu.externaltools.gnu-tools-for-stm32.7-2018-q2-update.linux64_1.0.0.201904181610/tools/bin/../lib/gcc/arm-none-eabi/7.3.1/../../../../arm-none-eabi/lib/thumb/v7e-m/fpv4-sp/hard/libc_nano.a(lib_a-locale.o)
 .rodata._ctype_
                0x000000000800769a      0x101 /opt/st/stm32cubeide_1.3.0/plugins/com.st.stm32cube.ide.mcu.externaltools.gnu-tools-for-stm32.7-2018-q2-update.linux64_1.0.0.201904181610/tools/bin/../lib/gcc/arm-none-eabi/7.3.1/../../../../arm-none-eabi/lib/thumb/v7e-m/fpv4-sp/hard/libc_nano.a(lib_a-ctype_.o)
                0x000000000800769a                _ctype_
                0x000000000800779c                . = ALIGN (0x4)
 *fill*         0x000000000800779b        0x1 

.ARM.extab      0x000000000800779c        0x0
                0x000000000800779c                . = ALIGN (0x4)
 *(.ARM.extab* .gnu.linkonce.armextab.*)
                0x000000000800779c                . = ALIGN (0x4)

.ARM            0x000000000800779c        0x8
                0x000000000800779c                . = ALIGN (0x4)
                0x000000000800779c                __exidx_start = .
 *(.ARM.exidx*)
 .ARM.exidx     0x000000000800779c        0x8 /opt/st/stm32cubeide_1.3.0/plugins/com.st.stm32cube.ide.mcu.externaltools.gnu-tools-for-stm32.7-2018-q2-update.linux64_1.0.0.201904181610/tools/bin/../lib/gcc/arm-none-eabi/7.3.1/thumb/v7e-m/fpv4-sp/hard/libgcc.a(_udivmoddi4.o)
                0x00000000080077a4                __exidx_end = .
                0x00000000080077a4                . = ALIGN (0x4)

.rel.dyn        0x00000000080077a4        0x0
 .rel.iplt      0x00000000080077a4        0x0 /opt/st/stm32cubeide_1.3.0/plugins/com.st.stm32cube.ide.mcu.externaltools.gnu-tools-for-stm32.7-2018-q2-update.linux64_1.0.0.201904181610/tools/bin/../lib/gcc/arm-none-eabi/7.3.1/thumb/v7e-m/fpv4-sp/hard/crtbegin.o

.preinit_array  0x00000000080077a4        0x0
                0x00000000080077a4                . = ALIGN (0x4)
                0x00000000080077a4                PROVIDE (__preinit_array_start = .)
 *(.preinit_array*)
                0x00000000080077a4                PROVIDE (__preinit_array_end = .)
                0x00000000080077a4                . = ALIGN (0x4)

.init_array     0x00000000080077a4        0x4
                0x00000000080077a4                . = ALIGN (0x4)
                0x00000000080077a4                PROVIDE (__init_array_start = .)
 *(SORT_BY_NAME(.init_array.*))
 *(.init_array*)
 .init_array    0x00000000080077a4        0x4 /opt/st/stm32cubeide_1.3.0/plugins/com.st.stm32cube.ide.mcu.externaltools.gnu-tools-for-stm32.7-2018-q2-update.linux64_1.0.0.201904181610/tools/bin/../lib/gcc/arm-none-eabi/7.3.1/thumb/v7e-m/fpv4-sp/hard/crtbegin.o
                0x00000000080077a8                PROVIDE (__init_array_end = .)
                0x00000000080077a8                . = ALIGN (0x4)

.fini_array     0x00000000080077a8        0x4
                0x00000000080077a8                . = ALIGN (0x4)
                [!provide]                        PROVIDE (__fini_array_start = .)
 *(SORT_BY_NAME(.fini_array.*))
 *(.fini_array*)
 .fini_array    0x00000000080077a8        0x4 /opt/st/stm32cubeide_1.3.0/plugins/com.st.stm32cube.ide.mcu.externaltools.gnu-tools-for-stm32.7-2018-q2-update.linux64_1.0.0.201904181610/tools/bin/../lib/gcc/arm-none-eabi/7.3.1/thumb/v7e-m/fpv4-sp/hard/crtbegin.o
                [!provide]                        PROVIDE (__fini_array_end = .)
                0x00000000080077ac                . = ALIGN (0x4)
                0x00000000080077ac                _sidata = LOADADDR (.data)

.data           0x0000000020000000      0x1dc load address 0x00000000080077ac
                0x0000000020000000                . = ALIGN (0x4)
                0x0000000020000000                _sdata = .
 *(.data)
 *(.data*)
 .data.SystemCoreClock
                0x0000000020000000        0x4 Core/Src/system_stm32f4xx.o
                0x0000000020000000                SystemCoreClock
 .data.uwTickPrio
                0x0000000020000004        0x4 Drivers/STM32F4xx_HAL_Driver/Src/stm32f4xx_hal.o
                0x0000000020000004                uwTickPrio
 .data.uwTickFreq
                0x0000000020000008        0x1 Drivers/STM32F4xx_HAL_Driver/Src/stm32f4xx_hal.o
                0x0000000020000008                uwTickFreq
 *fill*         0x0000000020000009        0x3 
 .data._impure_ptr
                0x000000002000000c        0x4 /opt/st/stm32cubeide_1.3.0/plugins/com.st.stm32cube.ide.mcu.externaltools.gnu-tools-for-stm32.7-2018-q2-update.linux64_1.0.0.201904181610/tools/bin/../lib/gcc/arm-none-eabi/7.3.1/../../../../arm-none-eabi/lib/thumb/v7e-m/fpv4-sp/hard/libc_nano.a(lib_a-impure.o)
                0x000000002000000c                _impure_ptr
 .data.impure_data
                0x0000000020000010       0x60 /opt/st/stm32cubeide_1.3.0/plugins/com.st.stm32cube.ide.mcu.externaltools.gnu-tools-for-stm32.7-2018-q2-update.linux64_1.0.0.201904181610/tools/bin/../lib/gcc/arm-none-eabi/7.3.1/../../../../arm-none-eabi/lib/thumb/v7e-m/fpv4-sp/hard/libc_nano.a(lib_a-impure.o)
 .data.__global_locale
                0x0000000020000070      0x16c /opt/st/stm32cubeide_1.3.0/plugins/com.st.stm32cube.ide.mcu.externaltools.gnu-tools-for-stm32.7-2018-q2-update.linux64_1.0.0.201904181610/tools/bin/../lib/gcc/arm-none-eabi/7.3.1/../../../../arm-none-eabi/lib/thumb/v7e-m/fpv4-sp/hard/libc_nano.a(lib_a-locale.o)
                0x0000000020000070                __global_locale
                0x00000000200001dc                . = ALIGN (0x4)
                0x00000000200001dc                _edata = .

.igot.plt       0x00000000200001dc        0x0 load address 0x0000000008007988
 .igot.plt      0x00000000200001dc        0x0 /opt/st/stm32cubeide_1.3.0/plugins/com.st.stm32cube.ide.mcu.externaltools.gnu-tools-for-stm32.7-2018-q2-update.linux64_1.0.0.201904181610/tools/bin/../lib/gcc/arm-none-eabi/7.3.1/thumb/v7e-m/fpv4-sp/hard/crtbegin.o
                0x00000000200001dc                . = ALIGN (0x4)

.bss            0x00000000200001e0     0x1648 load address 0x0000000008007988
                0x00000000200001e0                _sbss = .
                0x00000000200001e0                __bss_start__ = _sbss
 *(.bss)
 .bss           0x00000000200001e0       0x1c /opt/st/stm32cubeide_1.3.0/plugins/com.st.stm32cube.ide.mcu.externaltools.gnu-tools-for-stm32.7-2018-q2-update.linux64_1.0.0.201904181610/tools/bin/../lib/gcc/arm-none-eabi/7.3.1/thumb/v7e-m/fpv4-sp/hard/crtbegin.o
 *(.bss*)
 .bss.HAL_RCC_CAN1_CLK_ENABLED
                0x00000000200001fc        0x4 Core/Src/can.o
 .bss.identification_procedure
                0x0000000020000200        0x1 Core/Src/payload.o
                0x0000000020000200                identification_procedure
 .bss.can_busy_flag
                0x0000000020000201        0x1 Core/Src/payload.o
                0x0000000020000201                can_busy_flag
 .bss.parser_stat
                0x0000000020000202        0x1 Core/Src/payload.o
                0x0000000020000202                parser_stat
 *fill*         0x0000000020000203        0x1 
 .bss.photo     0x0000000020000204        0x4 Core/Src/payload.o
                0x0000000020000204                photo
 .bss.count.8852
                0x0000000020000208        0x1 Core/Src/payload.o
 .bss.len.8853  0x0000000020000209        0x1 Core/Src/payload.o
 .bss.crc.8854  0x000000002000020a        0x1 Core/Src/payload.o
 *fill*         0x000000002000020b        0x1 
 .bss.heap      0x000000002000020c        0x4 Core/Src/queue.o
 .bss.mem       0x0000000020000210     0x1400 Core/Src/queue.o
                0x0000000020000210                mem
 .bss.heap_end.6424
                0x0000000020001610        0x4 Core/Src/sysmem.o
 .bss.__malloc_free_list
                0x0000000020001614        0x4 /opt/st/stm32cubeide_1.3.0/plugins/com.st.stm32cube.ide.mcu.externaltools.gnu-tools-for-stm32.7-2018-q2-update.linux64_1.0.0.201904181610/tools/bin/../lib/gcc/arm-none-eabi/7.3.1/../../../../arm-none-eabi/lib/thumb/v7e-m/fpv4-sp/hard/libc_nano.a(lib_a-nano-mallocr.o)
                0x0000000020001614                __malloc_free_list
 .bss.__malloc_sbrk_start
                0x0000000020001618        0x4 /opt/st/stm32cubeide_1.3.0/plugins/com.st.stm32cube.ide.mcu.externaltools.gnu-tools-for-stm32.7-2018-q2-update.linux64_1.0.0.201904181610/tools/bin/../lib/gcc/arm-none-eabi/7.3.1/../../../../arm-none-eabi/lib/thumb/v7e-m/fpv4-sp/hard/libc_nano.a(lib_a-nano-mallocr.o)
                0x0000000020001618                __malloc_sbrk_start
 *(COMMON)
 COMMON         0x000000002000161c       0x50 Core/Src/can.o
                0x000000002000161c                hcan2
                0x0000000020001644                hcan1
 COMMON         0x000000002000166c      0x134 Core/Src/payload.o
                0x000000002000166c                drone_can_msg_head
                0x0000000020001684                gps_info
                0x0000000020001690                drone_data_buf
                0x0000000020001790                can_msg_queue
                0x000000002000179c                gesture_info
 COMMON         0x00000000200017a0       0x80 Core/Src/usart.o
                0x00000000200017a0                huart1
                0x00000000200017e0                huart2
 COMMON         0x0000000020001820        0x4 Drivers/STM32F4xx_HAL_Driver/Src/stm32f4xx_hal.o
                0x0000000020001820                uwTick
 COMMON         0x0000000020001824        0x4 /opt/st/stm32cubeide_1.3.0/plugins/com.st.stm32cube.ide.mcu.externaltools.gnu-tools-for-stm32.7-2018-q2-update.linux64_1.0.0.201904181610/tools/bin/../lib/gcc/arm-none-eabi/7.3.1/../../../../arm-none-eabi/lib/thumb/v7e-m/fpv4-sp/hard/libc_nano.a(lib_a-reent.o)
                0x0000000020001824                errno
                0x0000000020001828                . = ALIGN (0x4)
                0x0000000020001828                _ebss = .
                0x0000000020001828                __bss_end__ = _ebss

._user_heap_stack
                0x0000000020001828     0x1000 load address 0x0000000008007988
                0x0000000020001828                . = ALIGN (0x8)
                0x0000000020001828                PROVIDE (end = .)
                [!provide]                        PROVIDE (_end = .)
                0x0000000020002028                . = (. + _Min_Heap_Size)
 *fill*         0x0000000020001828      0x800 
                0x0000000020002828                . = (. + _Min_Stack_Size)
 *fill*         0x0000000020002028      0x800 
                0x0000000020002828                . = ALIGN (0x8)

/DISCARD/
 libc.a(*)
 libm.a(*)
 libgcc.a(*)

.ARM.attributes
                0x0000000000000000       0x30
 *(.ARM.attributes)
 .ARM.attributes
                0x0000000000000000       0x22 /opt/st/stm32cubeide_1.3.0/plugins/com.st.stm32cube.ide.mcu.externaltools.gnu-tools-for-stm32.7-2018-q2-update.linux64_1.0.0.201904181610/tools/bin/../lib/gcc/arm-none-eabi/7.3.1/thumb/v7e-m/fpv4-sp/hard/crti.o
 .ARM.attributes
                0x0000000000000022       0x34 /opt/st/stm32cubeide_1.3.0/plugins/com.st.stm32cube.ide.mcu.externaltools.gnu-tools-for-stm32.7-2018-q2-update.linux64_1.0.0.201904181610/tools/bin/../lib/gcc/arm-none-eabi/7.3.1/thumb/v7e-m/fpv4-sp/hard/crtbegin.o
 .ARM.attributes
                0x0000000000000056       0x39 Core/Src/can.o
 .ARM.attributes
                0x000000000000008f       0x39 Core/Src/crc.o
 .ARM.attributes
                0x00000000000000c8       0x39 Core/Src/float32_float16_convert.o
 .ARM.attributes
                0x0000000000000101       0x39 Core/Src/gimbal_camera_ctrl.o
 .ARM.attributes
                0x000000000000013a       0x39 Core/Src/gpio.o
 .ARM.attributes
                0x0000000000000173       0x39 Core/Src/main.o
 .ARM.attributes
                0x00000000000001ac       0x39 Core/Src/o1heap.o
 .ARM.attributes
                0x00000000000001e5       0x39 Core/Src/payload.o
 .ARM.attributes
                0x000000000000021e       0x39 Core/Src/queue.o
 .ARM.attributes
                0x0000000000000257       0x39 Core/Src/stm32f4xx_hal_msp.o
 .ARM.attributes
                0x0000000000000290       0x39 Core/Src/stm32f4xx_it.o
 .ARM.attributes
                0x00000000000002c9       0x39 Core/Src/syscalls.o
 .ARM.attributes
                0x0000000000000302       0x39 Core/Src/sysmem.o
 .ARM.attributes
                0x000000000000033b       0x39 Core/Src/system_stm32f4xx.o
 .ARM.attributes
                0x0000000000000374       0x39 Core/Src/usart.o
 .ARM.attributes
                0x00000000000003ad       0x21 Core/Startup/startup_stm32f405rgtx.o
 .ARM.attributes
                0x00000000000003ce       0x39 Drivers/STM32F4xx_HAL_Driver/Src/stm32f4xx_hal.o
 .ARM.attributes
                0x0000000000000407       0x39 Drivers/STM32F4xx_HAL_Driver/Src/stm32f4xx_hal_can.o
 .ARM.attributes
                0x0000000000000440       0x39 Drivers/STM32F4xx_HAL_Driver/Src/stm32f4xx_hal_cortex.o
 .ARM.attributes
                0x0000000000000479       0x39 Drivers/STM32F4xx_HAL_Driver/Src/stm32f4xx_hal_dma.o
 .ARM.attributes
                0x00000000000004b2       0x39 Drivers/STM32F4xx_HAL_Driver/Src/stm32f4xx_hal_gpio.o
 .ARM.attributes
                0x00000000000004eb       0x39 Drivers/STM32F4xx_HAL_Driver/Src/stm32f4xx_hal_rcc.o
 .ARM.attributes
                0x0000000000000524       0x39 Drivers/STM32F4xx_HAL_Driver/Src/stm32f4xx_hal_uart.o
 .ARM.attributes
                0x000000000000055d       0x34 /opt/st/stm32cubeide_1.3.0/plugins/com.st.stm32cube.ide.mcu.externaltools.gnu-tools-for-stm32.7-2018-q2-update.linux64_1.0.0.201904181610/tools/bin/../lib/gcc/arm-none-eabi/7.3.1/../../../../arm-none-eabi/lib/thumb/v7e-m/fpv4-sp/hard/libc_nano.a(lib_a-assert.o)
 .ARM.attributes
                0x0000000000000591       0x34 /opt/st/stm32cubeide_1.3.0/plugins/com.st.stm32cube.ide.mcu.externaltools.gnu-tools-for-stm32.7-2018-q2-update.linux64_1.0.0.201904181610/tools/bin/../lib/gcc/arm-none-eabi/7.3.1/../../../../arm-none-eabi/lib/thumb/v7e-m/fpv4-sp/hard/libc_nano.a(lib_a-atoi.o)
 .ARM.attributes
                0x00000000000005c5       0x34 /opt/st/stm32cubeide_1.3.0/plugins/com.st.stm32cube.ide.mcu.externaltools.gnu-tools-for-stm32.7-2018-q2-update.linux64_1.0.0.201904181610/tools/bin/../lib/gcc/arm-none-eabi/7.3.1/../../../../arm-none-eabi/lib/thumb/v7e-m/fpv4-sp/hard/libc_nano.a(lib_a-errno.o)
 .ARM.attributes
                0x00000000000005f9       0x34 /opt/st/stm32cubeide_1.3.0/plugins/com.st.stm32cube.ide.mcu.externaltools.gnu-tools-for-stm32.7-2018-q2-update.linux64_1.0.0.201904181610/tools/bin/../lib/gcc/arm-none-eabi/7.3.1/../../../../arm-none-eabi/lib/thumb/v7e-m/fpv4-sp/hard/libc_nano.a(lib_a-fprintf.o)
 .ARM.attributes
                0x000000000000062d       0x34 /opt/st/stm32cubeide_1.3.0/plugins/com.st.stm32cube.ide.mcu.externaltools.gnu-tools-for-stm32.7-2018-q2-update.linux64_1.0.0.201904181610/tools/bin/../lib/gcc/arm-none-eabi/7.3.1/../../../../arm-none-eabi/lib/thumb/v7e-m/fpv4-sp/hard/libc_nano.a(lib_a-impure.o)
 .ARM.attributes
                0x0000000000000661       0x34 /opt/st/stm32cubeide_1.3.0/plugins/com.st.stm32cube.ide.mcu.externaltools.gnu-tools-for-stm32.7-2018-q2-update.linux64_1.0.0.201904181610/tools/bin/../lib/gcc/arm-none-eabi/7.3.1/../../../../arm-none-eabi/lib/thumb/v7e-m/fpv4-sp/hard/libc_nano.a(lib_a-init.o)
 .ARM.attributes
                0x0000000000000695       0x34 /opt/st/stm32cubeide_1.3.0/plugins/com.st.stm32cube.ide.mcu.externaltools.gnu-tools-for-stm32.7-2018-q2-update.linux64_1.0.0.201904181610/tools/bin/../lib/gcc/arm-none-eabi/7.3.1/../../../../arm-none-eabi/lib/thumb/v7e-m/fpv4-sp/hard/libc_nano.a(lib_a-memcmp.o)
 .ARM.attributes
                0x00000000000006c9       0x34 /opt/st/stm32cubeide_1.3.0/plugins/com.st.stm32cube.ide.mcu.externaltools.gnu-tools-for-stm32.7-2018-q2-update.linux64_1.0.0.201904181610/tools/bin/../lib/gcc/arm-none-eabi/7.3.1/../../../../arm-none-eabi/lib/thumb/v7e-m/fpv4-sp/hard/libc_nano.a(lib_a-memcpy-stub.o)
 .ARM.attributes
                0x00000000000006fd       0x34 /opt/st/stm32cubeide_1.3.0/plugins/com.st.stm32cube.ide.mcu.externaltools.gnu-tools-for-stm32.7-2018-q2-update.linux64_1.0.0.201904181610/tools/bin/../lib/gcc/arm-none-eabi/7.3.1/../../../../arm-none-eabi/lib/thumb/v7e-m/fpv4-sp/hard/libc_nano.a(lib_a-memset.o)
 .ARM.attributes
                0x0000000000000731       0x34 /opt/st/stm32cubeide_1.3.0/plugins/com.st.stm32cube.ide.mcu.externaltools.gnu-tools-for-stm32.7-2018-q2-update.linux64_1.0.0.201904181610/tools/bin/../lib/gcc/arm-none-eabi/7.3.1/../../../../arm-none-eabi/lib/thumb/v7e-m/fpv4-sp/hard/libc_nano.a(lib_a-nano-vfprintf.o)
 .ARM.attributes
                0x0000000000000765       0x34 /opt/st/stm32cubeide_1.3.0/plugins/com.st.stm32cube.ide.mcu.externaltools.gnu-tools-for-stm32.7-2018-q2-update.linux64_1.0.0.201904181610/tools/bin/../lib/gcc/arm-none-eabi/7.3.1/../../../../arm-none-eabi/lib/thumb/v7e-m/fpv4-sp/hard/libc_nano.a(lib_a-nano-vfprintf_i.o)
 .ARM.attributes
                0x0000000000000799       0x34 /opt/st/stm32cubeide_1.3.0/plugins/com.st.stm32cube.ide.mcu.externaltools.gnu-tools-for-stm32.7-2018-q2-update.linux64_1.0.0.201904181610/tools/bin/../lib/gcc/arm-none-eabi/7.3.1/../../../../arm-none-eabi/lib/thumb/v7e-m/fpv4-sp/hard/libc_nano.a(lib_a-strtol.o)
 .ARM.attributes
                0x00000000000007cd       0x34 /opt/st/stm32cubeide_1.3.0/plugins/com.st.stm32cube.ide.mcu.externaltools.gnu-tools-for-stm32.7-2018-q2-update.linux64_1.0.0.201904181610/tools/bin/../lib/gcc/arm-none-eabi/7.3.1/../../../../arm-none-eabi/lib/thumb/v7e-m/fpv4-sp/hard/libc_nano.a(lib_a-wbuf.o)
 .ARM.attributes
                0x0000000000000801       0x34 /opt/st/stm32cubeide_1.3.0/plugins/com.st.stm32cube.ide.mcu.externaltools.gnu-tools-for-stm32.7-2018-q2-update.linux64_1.0.0.201904181610/tools/bin/../lib/gcc/arm-none-eabi/7.3.1/../../../../arm-none-eabi/lib/thumb/v7e-m/fpv4-sp/hard/libc_nano.a(lib_a-wsetup.o)
 .ARM.attributes
                0x0000000000000835       0x34 /opt/st/stm32cubeide_1.3.0/plugins/com.st.stm32cube.ide.mcu.externaltools.gnu-tools-for-stm32.7-2018-q2-update.linux64_1.0.0.201904181610/tools/bin/../lib/gcc/arm-none-eabi/7.3.1/../../../../arm-none-eabi/lib/thumb/v7e-m/fpv4-sp/hard/libc_nano.a(lib_a-abort.o)
 .ARM.attributes
                0x0000000000000869       0x34 /opt/st/stm32cubeide_1.3.0/plugins/com.st.stm32cube.ide.mcu.externaltools.gnu-tools-for-stm32.7-2018-q2-update.linux64_1.0.0.201904181610/tools/bin/../lib/gcc/arm-none-eabi/7.3.1/../../../../arm-none-eabi/lib/thumb/v7e-m/fpv4-sp/hard/libc_nano.a(lib_a-fflush.o)
 .ARM.attributes
                0x000000000000089d       0x34 /opt/st/stm32cubeide_1.3.0/plugins/com.st.stm32cube.ide.mcu.externaltools.gnu-tools-for-stm32.7-2018-q2-update.linux64_1.0.0.201904181610/tools/bin/../lib/gcc/arm-none-eabi/7.3.1/../../../../arm-none-eabi/lib/thumb/v7e-m/fpv4-sp/hard/libc_nano.a(lib_a-findfp.o)
 .ARM.attributes
                0x00000000000008d1       0x34 /opt/st/stm32cubeide_1.3.0/plugins/com.st.stm32cube.ide.mcu.externaltools.gnu-tools-for-stm32.7-2018-q2-update.linux64_1.0.0.201904181610/tools/bin/../lib/gcc/arm-none-eabi/7.3.1/../../../../arm-none-eabi/lib/thumb/v7e-m/fpv4-sp/hard/libc_nano.a(lib_a-fwalk.o)
 .ARM.attributes
                0x0000000000000905       0x34 /opt/st/stm32cubeide_1.3.0/plugins/com.st.stm32cube.ide.mcu.externaltools.gnu-tools-for-stm32.7-2018-q2-update.linux64_1.0.0.201904181610/tools/bin/../lib/gcc/arm-none-eabi/7.3.1/../../../../arm-none-eabi/lib/thumb/v7e-m/fpv4-sp/hard/libc_nano.a(lib_a-locale.o)
 .ARM.attributes
                0x0000000000000939       0x34 /opt/st/stm32cubeide_1.3.0/plugins/com.st.stm32cube.ide.mcu.externaltools.gnu-tools-for-stm32.7-2018-q2-update.linux64_1.0.0.201904181610/tools/bin/../lib/gcc/arm-none-eabi/7.3.1/../../../../arm-none-eabi/lib/thumb/v7e-m/fpv4-sp/hard/libc_nano.a(lib_a-makebuf.o)
 .ARM.attributes
                0x000000000000096d       0x34 /opt/st/stm32cubeide_1.3.0/plugins/com.st.stm32cube.ide.mcu.externaltools.gnu-tools-for-stm32.7-2018-q2-update.linux64_1.0.0.201904181610/tools/bin/../lib/gcc/arm-none-eabi/7.3.1/../../../../arm-none-eabi/lib/thumb/v7e-m/fpv4-sp/hard/libc_nano.a(lib_a-mbtowc_r.o)
 .ARM.attributes
                0x00000000000009a1       0x20 /opt/st/stm32cubeide_1.3.0/plugins/com.st.stm32cube.ide.mcu.externaltools.gnu-tools-for-stm32.7-2018-q2-update.linux64_1.0.0.201904181610/tools/bin/../lib/gcc/arm-none-eabi/7.3.1/../../../../arm-none-eabi/lib/thumb/v7e-m/fpv4-sp/hard/libc_nano.a(lib_a-memchr.o)
 .ARM.attributes
                0x00000000000009c1       0x34 /opt/st/stm32cubeide_1.3.0/plugins/com.st.stm32cube.ide.mcu.externaltools.gnu-tools-for-stm32.7-2018-q2-update.linux64_1.0.0.201904181610/tools/bin/../lib/gcc/arm-none-eabi/7.3.1/../../../../arm-none-eabi/lib/thumb/v7e-m/fpv4-sp/hard/libc_nano.a(lib_a-nano-freer.o)
 .ARM.attributes
                0x00000000000009f5       0x34 /opt/st/stm32cubeide_1.3.0/plugins/com.st.stm32cube.ide.mcu.externaltools.gnu-tools-for-stm32.7-2018-q2-update.linux64_1.0.0.201904181610/tools/bin/../lib/gcc/arm-none-eabi/7.3.1/../../../../arm-none-eabi/lib/thumb/v7e-m/fpv4-sp/hard/libc_nano.a(lib_a-nano-mallocr.o)
 .ARM.attributes
                0x0000000000000a29       0x34 /opt/st/stm32cubeide_1.3.0/plugins/com.st.stm32cube.ide.mcu.externaltools.gnu-tools-for-stm32.7-2018-q2-update.linux64_1.0.0.201904181610/tools/bin/../lib/gcc/arm-none-eabi/7.3.1/../../../../arm-none-eabi/lib/thumb/v7e-m/fpv4-sp/hard/libc_nano.a(lib_a-sbrkr.o)
 .ARM.attributes
                0x0000000000000a5d       0x34 /opt/st/stm32cubeide_1.3.0/plugins/com.st.stm32cube.ide.mcu.externaltools.gnu-tools-for-stm32.7-2018-q2-update.linux64_1.0.0.201904181610/tools/bin/../lib/gcc/arm-none-eabi/7.3.1/../../../../arm-none-eabi/lib/thumb/v7e-m/fpv4-sp/hard/libc_nano.a(lib_a-signal.o)
 .ARM.attributes
                0x0000000000000a91       0x34 /opt/st/stm32cubeide_1.3.0/plugins/com.st.stm32cube.ide.mcu.externaltools.gnu-tools-for-stm32.7-2018-q2-update.linux64_1.0.0.201904181610/tools/bin/../lib/gcc/arm-none-eabi/7.3.1/../../../../arm-none-eabi/lib/thumb/v7e-m/fpv4-sp/hard/libc_nano.a(lib_a-signalr.o)
 .ARM.attributes
                0x0000000000000ac5       0x34 /opt/st/stm32cubeide_1.3.0/plugins/com.st.stm32cube.ide.mcu.externaltools.gnu-tools-for-stm32.7-2018-q2-update.linux64_1.0.0.201904181610/tools/bin/../lib/gcc/arm-none-eabi/7.3.1/../../../../arm-none-eabi/lib/thumb/v7e-m/fpv4-sp/hard/libc_nano.a(lib_a-stdio.o)
 .ARM.attributes
                0x0000000000000af9       0x34 /opt/st/stm32cubeide_1.3.0/plugins/com.st.stm32cube.ide.mcu.externaltools.gnu-tools-for-stm32.7-2018-q2-update.linux64_1.0.0.201904181610/tools/bin/../lib/gcc/arm-none-eabi/7.3.1/../../../../arm-none-eabi/lib/thumb/v7e-m/fpv4-sp/hard/libc_nano.a(lib_a-wctomb_r.o)
 .ARM.attributes
                0x0000000000000b2d       0x34 /opt/st/stm32cubeide_1.3.0/plugins/com.st.stm32cube.ide.mcu.externaltools.gnu-tools-for-stm32.7-2018-q2-update.linux64_1.0.0.201904181610/tools/bin/../lib/gcc/arm-none-eabi/7.3.1/../../../../arm-none-eabi/lib/thumb/v7e-m/fpv4-sp/hard/libc_nano.a(lib_a-writer.o)
 .ARM.attributes
                0x0000000000000b61       0x34 /opt/st/stm32cubeide_1.3.0/plugins/com.st.stm32cube.ide.mcu.externaltools.gnu-tools-for-stm32.7-2018-q2-update.linux64_1.0.0.201904181610/tools/bin/../lib/gcc/arm-none-eabi/7.3.1/../../../../arm-none-eabi/lib/thumb/v7e-m/fpv4-sp/hard/libc_nano.a(lib_a-closer.o)
 .ARM.attributes
                0x0000000000000b95       0x34 /opt/st/stm32cubeide_1.3.0/plugins/com.st.stm32cube.ide.mcu.externaltools.gnu-tools-for-stm32.7-2018-q2-update.linux64_1.0.0.201904181610/tools/bin/../lib/gcc/arm-none-eabi/7.3.1/../../../../arm-none-eabi/lib/thumb/v7e-m/fpv4-sp/hard/libc_nano.a(lib_a-ctype_.o)
 .ARM.attributes
                0x0000000000000bc9       0x34 /opt/st/stm32cubeide_1.3.0/plugins/com.st.stm32cube.ide.mcu.externaltools.gnu-tools-for-stm32.7-2018-q2-update.linux64_1.0.0.201904181610/tools/bin/../lib/gcc/arm-none-eabi/7.3.1/../../../../arm-none-eabi/lib/thumb/v7e-m/fpv4-sp/hard/libc_nano.a(lib_a-fstatr.o)
 .ARM.attributes
                0x0000000000000bfd       0x34 /opt/st/stm32cubeide_1.3.0/plugins/com.st.stm32cube.ide.mcu.externaltools.gnu-tools-for-stm32.7-2018-q2-update.linux64_1.0.0.201904181610/tools/bin/../lib/gcc/arm-none-eabi/7.3.1/../../../../arm-none-eabi/lib/thumb/v7e-m/fpv4-sp/hard/libc_nano.a(lib_a-isattyr.o)
 .ARM.attributes
                0x0000000000000c31       0x34 /opt/st/stm32cubeide_1.3.0/plugins/com.st.stm32cube.ide.mcu.externaltools.gnu-tools-for-stm32.7-2018-q2-update.linux64_1.0.0.201904181610/tools/bin/../lib/gcc/arm-none-eabi/7.3.1/../../../../arm-none-eabi/lib/thumb/v7e-m/fpv4-sp/hard/libc_nano.a(lib_a-lseekr.o)
 .ARM.attributes
                0x0000000000000c65       0x34 /opt/st/stm32cubeide_1.3.0/plugins/com.st.stm32cube.ide.mcu.externaltools.gnu-tools-for-stm32.7-2018-q2-update.linux64_1.0.0.201904181610/tools/bin/../lib/gcc/arm-none-eabi/7.3.1/../../../../arm-none-eabi/lib/thumb/v7e-m/fpv4-sp/hard/libc_nano.a(lib_a-mlock.o)
 .ARM.attributes
                0x0000000000000c99       0x34 /opt/st/stm32cubeide_1.3.0/plugins/com.st.stm32cube.ide.mcu.externaltools.gnu-tools-for-stm32.7-2018-q2-update.linux64_1.0.0.201904181610/tools/bin/../lib/gcc/arm-none-eabi/7.3.1/../../../../arm-none-eabi/lib/thumb/v7e-m/fpv4-sp/hard/libc_nano.a(lib_a-readr.o)
 .ARM.attributes
                0x0000000000000ccd       0x34 /opt/st/stm32cubeide_1.3.0/plugins/com.st.stm32cube.ide.mcu.externaltools.gnu-tools-for-stm32.7-2018-q2-update.linux64_1.0.0.201904181610/tools/bin/../lib/gcc/arm-none-eabi/7.3.1/../../../../arm-none-eabi/lib/thumb/v7e-m/fpv4-sp/hard/libc_nano.a(lib_a-reent.o)
 .ARM.attributes
                0x0000000000000d01       0x22 /opt/st/stm32cubeide_1.3.0/plugins/com.st.stm32cube.ide.mcu.externaltools.gnu-tools-for-stm32.7-2018-q2-update.linux64_1.0.0.201904181610/tools/bin/../lib/gcc/arm-none-eabi/7.3.1/thumb/v7e-m/fpv4-sp/hard/libgcc.a(_aeabi_uldivmod.o)
 .ARM.attributes
                0x0000000000000d23       0x34 /opt/st/stm32cubeide_1.3.0/plugins/com.st.stm32cube.ide.mcu.externaltools.gnu-tools-for-stm32.7-2018-q2-update.linux64_1.0.0.201904181610/tools/bin/../lib/gcc/arm-none-eabi/7.3.1/thumb/v7e-m/fpv4-sp/hard/libgcc.a(_udivmoddi4.o)
 .ARM.attributes
                0x0000000000000d57       0x22 /opt/st/stm32cubeide_1.3.0/plugins/com.st.stm32cube.ide.mcu.externaltools.gnu-tools-for-stm32.7-2018-q2-update.linux64_1.0.0.201904181610/tools/bin/../lib/gcc/arm-none-eabi/7.3.1/thumb/v7e-m/fpv4-sp/hard/libgcc.a(_dvmd_tls.o)
 .ARM.attributes
                0x0000000000000d79       0x22 /opt/st/stm32cubeide_1.3.0/plugins/com.st.stm32cube.ide.mcu.externaltools.gnu-tools-for-stm32.7-2018-q2-update.linux64_1.0.0.201904181610/tools/bin/../lib/gcc/arm-none-eabi/7.3.1/thumb/v7e-m/fpv4-sp/hard/crtn.o
OUTPUT(SmartPayloadDemo.elf elf32-littlearm)

.debug_info     0x0000000000000000     0xd730
 .debug_info    0x0000000000000000      0xc21 Core/Src/can.o
 .debug_info    0x0000000000000c21      0x111 Core/Src/crc.o
 .debug_info    0x0000000000000d32      0x1d5 Core/Src/float32_float16_convert.o
 .debug_info    0x0000000000000f07      0x2c6 Core/Src/gimbal_camera_ctrl.o
 .debug_info    0x00000000000011cd      0x37e Core/Src/gpio.o
 .debug_info    0x000000000000154b      0xd7a Core/Src/main.o
 .debug_info    0x00000000000022c5      0x78d Core/Src/o1heap.o
 .debug_info    0x0000000000002a52     0x176c Core/Src/payload.o
 .debug_info    0x00000000000041be      0xab1 Core/Src/queue.o
 .debug_info    0x0000000000004c6f      0x362 Core/Src/stm32f4xx_hal_msp.o
 .debug_info    0x0000000000004fd1      0xae0 Core/Src/stm32f4xx_it.o
 .debug_info    0x0000000000005ab1      0xebd Core/Src/syscalls.o
 .debug_info    0x000000000000696e      0x91c Core/Src/sysmem.o
 .debug_info    0x000000000000728a      0x554 Core/Src/system_stm32f4xx.o
 .debug_info    0x00000000000077de      0xbbd Core/Src/usart.o
 .debug_info    0x000000000000839b       0x22 Core/Startup/startup_stm32f405rgtx.o
 .debug_info    0x00000000000083bd      0x933 Drivers/STM32F4xx_HAL_Driver/Src/stm32f4xx_hal.o
 .debug_info    0x0000000000008cf0      0xfa7 Drivers/STM32F4xx_HAL_Driver/Src/stm32f4xx_hal_can.o
 .debug_info    0x0000000000009c97      0xe2c Drivers/STM32F4xx_HAL_Driver/Src/stm32f4xx_hal_cortex.o
 .debug_info    0x000000000000aac3      0x968 Drivers/STM32F4xx_HAL_Driver/Src/stm32f4xx_hal_dma.o
 .debug_info    0x000000000000b42b      0x7b5 Drivers/STM32F4xx_HAL_Driver/Src/stm32f4xx_hal_gpio.o
 .debug_info    0x000000000000bbe0      0x904 Drivers/STM32F4xx_HAL_Driver/Src/stm32f4xx_hal_rcc.o
 .debug_info    0x000000000000c4e4     0x124c Drivers/STM32F4xx_HAL_Driver/Src/stm32f4xx_hal_uart.o

.debug_abbrev   0x0000000000000000     0x26f8
 .debug_abbrev  0x0000000000000000      0x1ce Core/Src/can.o
 .debug_abbrev  0x00000000000001ce       0xa7 Core/Src/crc.o
 .debug_abbrev  0x0000000000000275       0xc0 Core/Src/float32_float16_convert.o
 .debug_abbrev  0x0000000000000335       0xe6 Core/Src/gimbal_camera_ctrl.o
 .debug_abbrev  0x000000000000041b      0x109 Core/Src/gpio.o
 .debug_abbrev  0x0000000000000524      0x201 Core/Src/main.o
 .debug_abbrev  0x0000000000000725      0x1e2 Core/Src/o1heap.o
 .debug_abbrev  0x0000000000000907      0x327 Core/Src/payload.o
 .debug_abbrev  0x0000000000000c2e      0x1d4 Core/Src/queue.o
 .debug_abbrev  0x0000000000000e02      0x109 Core/Src/stm32f4xx_hal_msp.o
 .debug_abbrev  0x0000000000000f0b      0x19b Core/Src/stm32f4xx_it.o
 .debug_abbrev  0x00000000000010a6      0x261 Core/Src/syscalls.o
 .debug_abbrev  0x0000000000001307      0x1bb Core/Src/sysmem.o
 .debug_abbrev  0x00000000000014c2      0x12b Core/Src/system_stm32f4xx.o
 .debug_abbrev  0x00000000000015ed      0x1a2 Core/Src/usart.o
 .debug_abbrev  0x000000000000178f       0x12 Core/Startup/startup_stm32f405rgtx.o
 .debug_abbrev  0x00000000000017a1      0x1c7 Drivers/STM32F4xx_HAL_Driver/Src/stm32f4xx_hal.o
 .debug_abbrev  0x0000000000001968      0x21d Drivers/STM32F4xx_HAL_Driver/Src/stm32f4xx_hal_can.o
 .debug_abbrev  0x0000000000001b85      0x2fa Drivers/STM32F4xx_HAL_Driver/Src/stm32f4xx_hal_cortex.o
 .debug_abbrev  0x0000000000001e7f      0x229 Drivers/STM32F4xx_HAL_Driver/Src/stm32f4xx_hal_dma.o
 .debug_abbrev  0x00000000000020a8      0x1c9 Drivers/STM32F4xx_HAL_Driver/Src/stm32f4xx_hal_gpio.o
 .debug_abbrev  0x0000000000002271      0x245 Drivers/STM32F4xx_HAL_Driver/Src/stm32f4xx_hal_rcc.o
 .debug_abbrev  0x00000000000024b6      0x242 Drivers/STM32F4xx_HAL_Driver/Src/stm32f4xx_hal_uart.o

.debug_aranges  0x0000000000000000      0xb38
 .debug_aranges
                0x0000000000000000       0x40 Core/Src/can.o
 .debug_aranges
                0x0000000000000040       0x20 Core/Src/crc.o
 .debug_aranges
                0x0000000000000060       0x28 Core/Src/float32_float16_convert.o
 .debug_aranges
                0x0000000000000088       0x58 Core/Src/gimbal_camera_ctrl.o
 .debug_aranges
                0x00000000000000e0       0x20 Core/Src/gpio.o
 .debug_aranges
                0x0000000000000100       0x38 Core/Src/main.o
 .debug_aranges
                0x0000000000000138       0x80 Core/Src/o1heap.o
 .debug_aranges
                0x00000000000001b8       0xa8 Core/Src/payload.o
 .debug_aranges
                0x0000000000000260       0x38 Core/Src/queue.o
 .debug_aranges
                0x0000000000000298       0x20 Core/Src/stm32f4xx_hal_msp.o
 .debug_aranges
                0x00000000000002b8       0xb0 Core/Src/stm32f4xx_it.o
 .debug_aranges
                0x0000000000000368       0xa8 Core/Src/syscalls.o
 .debug_aranges
                0x0000000000000410       0x20 Core/Src/sysmem.o
 .debug_aranges
                0x0000000000000430       0x28 Core/Src/system_stm32f4xx.o
 .debug_aranges
                0x0000000000000458       0x38 Core/Src/usart.o
 .debug_aranges
                0x0000000000000490       0x28 Core/Startup/startup_stm32f405rgtx.o
 .debug_aranges
                0x00000000000004b8       0xf0 Drivers/STM32F4xx_HAL_Driver/Src/stm32f4xx_hal.o
 .debug_aranges
                0x00000000000005a8      0x138 Drivers/STM32F4xx_HAL_Driver/Src/stm32f4xx_hal_can.o
 .debug_aranges
                0x00000000000006e0      0x118 Drivers/STM32F4xx_HAL_Driver/Src/stm32f4xx_hal_cortex.o
 .debug_aranges
                0x00000000000007f8       0x90 Drivers/STM32F4xx_HAL_Driver/Src/stm32f4xx_hal_dma.o
 .debug_aranges
                0x0000000000000888       0x58 Drivers/STM32F4xx_HAL_Driver/Src/stm32f4xx_hal_gpio.o
 .debug_aranges
                0x00000000000008e0       0x88 Drivers/STM32F4xx_HAL_Driver/Src/stm32f4xx_hal_rcc.o
 .debug_aranges
                0x0000000000000968      0x1d0 Drivers/STM32F4xx_HAL_Driver/Src/stm32f4xx_hal_uart.o

.debug_ranges   0x0000000000000000      0x9d0
 .debug_ranges  0x0000000000000000       0x30 Core/Src/can.o
 .debug_ranges  0x0000000000000030       0x10 Core/Src/crc.o
 .debug_ranges  0x0000000000000040       0x18 Core/Src/float32_float16_convert.o
 .debug_ranges  0x0000000000000058       0x48 Core/Src/gimbal_camera_ctrl.o
 .debug_ranges  0x00000000000000a0       0x10 Core/Src/gpio.o
 .debug_ranges  0x00000000000000b0       0x28 Core/Src/main.o