Archive member included to satisfy reference by file (symbol)

d:/app/stm32/stm32cubeide/stm32cubeide_1.0.2/stm32cubeide/plugins/com.st.stm32cube.ide.mcu.externaltools.gnu-tools-for-stm32.9-2020-q2-update.win32_1.5.0.202011040924/tools/bin/../lib/gcc/arm-none-eabi/9.3.1/../../../../arm-none-eabi/lib/thumb/v7e-m+fp/hard\libc_nano.a(lib_a-assert.o)
                              Core/Src/o1heap.o (__assert_func)
d:/app/stm32/stm32cubeide/stm32cubeide_1.0.2/stm32cubeide/plugins/com.st.stm32cube.ide.mcu.externaltools.gnu-tools-for-stm32.9-2020-q2-update.win32_1.5.0.202011040924/tools/bin/../lib/gcc/arm-none-eabi/9.3.1/../../../../arm-none-eabi/lib/thumb/v7e-m+fp/hard\libc_nano.a(lib_a-atoi.o)
                              Core/Src/payload.o (atoi)
d:/app/stm32/stm32cubeide/stm32cubeide_1.0.2/stm32cubeide/plugins/com.st.stm32cube.ide.mcu.externaltools.gnu-tools-for-stm32.9-2020-q2-update.win32_1.5.0.202011040924/tools/bin/../lib/gcc/arm-none-eabi/9.3.1/../../../../arm-none-eabi/lib/thumb/v7e-m+fp/hard\libc_nano.a(lib_a-errno.o)
                              Core/Src/syscalls.o (__errno)
d:/app/stm32/stm32cubeide/stm32cubeide_1.0.2/stm32cubeide/plugins/com.st.stm32cube.ide.mcu.externaltools.gnu-tools-for-stm32.9-2020-q2-update.win32_1.5.0.202011040924/tools/bin/../lib/gcc/arm-none-eabi/9.3.1/../../../../arm-none-eabi/lib/thumb/v7e-m+fp/hard\libc_nano.a(lib_a-exit.o)
                              d:/app/stm32/stm32cubeide/stm32cubeide_1.0.2/stm32cubeide/plugins/com.st.stm32cube.ide.mcu.externaltools.gnu-tools-for-stm32.9-2020-q2-update.win32_1.5.0.202011040924/tools/bin/../lib/gcc/arm-none-eabi/9.3.1/../../../../arm-none-eabi/lib/thumb/v7e-m+fp/hard/crt0.o (exit)
d:/app/stm32/stm32cubeide/stm32cubeide_1.0.2/stm32cubeide/plugins/com.st.stm32cube.ide.mcu.externaltools.gnu-tools-for-stm32.9-2020-q2-update.win32_1.5.0.202011040924/tools/bin/../lib/gcc/arm-none-eabi/9.3.1/../../../../arm-none-eabi/lib/thumb/v7e-m+fp/hard\libc_nano.a(lib_a-fprintf.o)
                              d:/app/stm32/stm32cubeide/stm32cubeide_1.0.2/stm32cubeide/plugins/com.st.stm32cube.ide.mcu.externaltools.gnu-tools-for-stm32.9-2020-q2-update.win32_1.5.0.202011040924/tools/bin/../lib/gcc/arm-none-eabi/9.3.1/../../../../arm-none-eabi/lib/thumb/v7e-m+fp/hard\libc_nano.a(lib_a-assert.o) (fiprintf)
d:/app/stm32/stm32cubeide/stm32cubeide_1.0.2/stm32cubeide/plugins/com.st.stm32cube.ide.mcu.externaltools.gnu-tools-for-stm32.9-2020-q2-update.win32_1.5.0.202011040924/tools/bin/../lib/gcc/arm-none-eabi/9.3.1/../../../../arm-none-eabi/lib/thumb/v7e-m+fp/hard\libc_nano.a(lib_a-impure.o)
                              d:/app/stm32/stm32cubeide/stm32cubeide_1.0.2/stm32cubeide/plugins/com.st.stm32cube.ide.mcu.externaltools.gnu-tools-for-stm32.9-2020-q2-update.win32_1.5.0.202011040924/tools/bin/../lib/gcc/arm-none-eabi/9.3.1/../../../../arm-none-eabi/lib/thumb/v7e-m+fp/hard\libc_nano.a(lib_a-exit.o) (_global_impure_ptr)
d:/app/stm32/stm32cubeide/stm32cubeide_1.0.2/stm32cubeide/plugins/com.st.stm32cube.ide.mcu.externaltools.gnu-tools-for-stm32.9-2020-q2-update.win32_1.5.0.202011040924/tools/bin/../lib/gcc/arm-none-eabi/9.3.1/../../../../arm-none-eabi/lib/thumb/v7e-m+fp/hard\libc_nano.a(lib_a-init.o)
                              d:/app/stm32/stm32cubeide/stm32cubeide_1.0.2/stm32cubeide/plugins/com.st.stm32cube.ide.mcu.externaltools.gnu-tools-for-stm32.9-2020-q2-update.win32_1.5.0.202011040924/tools/bin/../lib/gcc/arm-none-eabi/9.3.1/../../../../arm-none-eabi/lib/thumb/v7e-m+fp/hard/crt0.o (__libc_init_array)
d:/app/stm32/stm32cubeide/stm32cubeide_1.0.2/stm32cubeide/plugins/com.st.stm32cube.ide.mcu.externaltools.gnu-tools-for-stm32.9-2020-q2-update.win32_1.5.0.202011040924/tools/bin/../lib/gcc/arm-none-eabi/9.3.1/../../../../arm-none-eabi/lib/thumb/v7e-m+fp/hard\libc_nano.a(lib_a-memcmp.o)
                              Core/Src/payload.o (memcmp)
d:/app/stm32/stm32cubeide/stm32cubeide_1.0.2/stm32cubeide/plugins/com.st.stm32cube.ide.mcu.externaltools.gnu-tools-for-stm32.9-2020-q2-update.win32_1.5.0.202011040924/tools/bin/../lib/gcc/arm-none-eabi/9.3.1/../../../../arm-none-eabi/lib/thumb/v7e-m+fp/hard\libc_nano.a(lib_a-memcpy-stub.o)
                              Core/Src/queue.o (memcpy)
d:/app/stm32/stm32cubeide/stm32cubeide_1.0.2/stm32cubeide/plugins/com.st.stm32cube.ide.mcu.externaltools.gnu-tools-for-stm32.9-2020-q2-update.win32_1.5.0.202011040924/tools/bin/../lib/gcc/arm-none-eabi/9.3.1/../../../../arm-none-eabi/lib/thumb/v7e-m+fp/hard\libc_nano.a(lib_a-memset.o)
                              d:/app/stm32/stm32cubeide/stm32cubeide_1.0.2/stm32cubeide/plugins/com.st.stm32cube.ide.mcu.externaltools.gnu-tools-for-stm32.9-2020-q2-update.win32_1.5.0.202011040924/tools/bin/../lib/gcc/arm-none-eabi/9.3.1/../../../../arm-none-eabi/lib/thumb/v7e-m+fp/hard/crt0.o (memset)
[...]
Memory Configuration

Name             Origin             Length             Attributes
CCMRAM           0x0000000010000000 0x0000000000010000 xrw
RAM              0x0000000020000000 0x0000000000020000 xrw
FLASH            0x0000000008000000 0x0000000000100000 xr
*default*        0x0000000000000000 0xffffffffffffffff

Linker script and memory map

LOAD d:/app/stm32/stm32cubeide/stm32cubeide_1.0.2/stm32cubeide/plugins/com.st.stm32cube.ide.mcu.externaltools.gnu-tools-for-stm32.9-2020-q2-update.win32_1.5.0.202011040924/tools/bin/../lib/gcc/arm-none-eabi/9.3.1/thumb/v7e-m+fp/hard/crti.o
LOAD d:/app/stm32/stm32cubeide/stm32cubeide_1.0.2/stm32cubeide/plugins/com.st.stm32cube.ide.mcu.externaltools.gnu-tools-for-stm32.9-2020-q2-update.win32_1.5.0.202011040924/tools/bin/../lib/gcc/arm-none-eabi/9.3.1/thumb/v7e-m+fp/hard/crtbegin.o
LOAD d:/app/stm32/stm32cubeide/stm32cubeide_1.0.2/stm32cubeide/plugins/com.st.stm32cube.ide.mcu.externaltools.gnu-tools-for-stm32.9-2020-q2-update.win32_1.5.0.202011040924/tools/bin/../lib/gcc/arm-none-eabi/9.3.1/../../../../arm-none-eabi/lib/thumb/v7e-m+fp/hard/crt0.o
LOAD Core/Src/can.o
LOAD Core/Src/crc.o
LOAD Core/Src/float32_float16_convert.o
LOAD Core/Src/gimbal_camera_ctrl.o
LOAD Core/Src/gpio.o
LOAD Core/Src/main.o
LOAD Core/Src/o1heap.o
LOAD Core/Src/payload.o
LOAD Core/Src/queue.o
LOAD Core/Src/stm32f4xx_hal_msp.o
LOAD Core/Src/stm32f4xx_it.o
LOAD Core/Src/syscalls.o
LOAD Core/Src/sysmem.o
LOAD Core/Src/system_stm32f4xx.o
LOAD Core/Src/usart.o
LOAD Core/Startup/startup_stm32f405rgtx.o
LOAD Drivers/STM32F4xx_HAL_Driver/Src/stm32f4xx_hal.o
LOAD Drivers/STM32F4xx_HAL_Driver/Src/stm32f4xx_hal_can.o
LOAD Drivers/STM32F4xx_HAL_Driver/Src/stm32f4xx_hal_cortex.o
LOAD Drivers/STM32F4xx_HAL_Driver/Src/stm32f4xx_hal_dma.o
LOAD Drivers/STM32F4xx_HAL_Driver/Src/stm32f4xx_hal_dma_ex.o
LOAD Drivers/STM32F4xx_HAL_Driver/Src/stm32f4xx_hal_exti.o
LOAD Drivers/STM32F4xx_HAL_Driver/Src/stm32f4xx_hal_flash.o
LOAD Drivers/STM32F4xx_HAL_Driver/Src/stm32f4xx_hal_flash_ex.o
LOAD Drivers/STM32F4xx_HAL_Driver/Src/stm32f4xx_hal_flash_ramfunc.o
LOAD Drivers/STM32F4xx_HAL_Driver/Src/stm32f4xx_hal_gpio.o
LOAD Drivers/STM32F4xx_HAL_Driver/Src/stm32f4xx_hal_pwr.o
LOAD Drivers/STM32F4xx_HAL_Driver/Src/stm32f4xx_hal_pwr_ex.o
LOAD Drivers/STM32F4xx_HAL_Driver/Src/stm32f4xx_hal_rcc.o
LOAD Drivers/STM32F4xx_HAL_Driver/Src/stm32f4xx_hal_rcc_ex.o
LOAD Drivers/STM32F4xx_HAL_Driver/Src/stm32f4xx_hal_tim.o
LOAD Drivers/STM32F4xx_HAL_Driver/Src/stm32f4xx_hal_tim_ex.o
LOAD Drivers/STM32F4xx_HAL_Driver/Src/stm32f4xx_hal_uart.o
START GROUP
LOAD d:/app/stm32/stm32cubeide/stm32cubeide_1.0.2/stm32cubeide/plugins/com.st.stm32cube.ide.mcu.externaltools.gnu-tools-for-stm32.9-2020-q2-update.win32_1.5.0.202011040924/tools/bin/../lib/gcc/arm-none-eabi/9.3.1/../../../../arm-none-eabi/lib/thumb/v7e-m+fp/hard\libc_nano.a
LOAD d:/app/stm32/stm32cubeide/stm32cubeide_1.0.2/stm32cubeide/plugins/com.st.stm32cube.ide.mcu.externaltools.gnu-tools-for-stm32.9-2020-q2-update.win32_1.5.0.202011040924/tools/bin/../lib/gcc/arm-none-eabi/9.3.1/../../../../arm-none-eabi/lib/thumb/v7e-m+fp/hard\libm.a
END GROUP
START GROUP
LOAD d:/app/stm32/stm32cubeide/stm32cubeide_1.0.2/stm32cubeide/plugins/com.st.stm32cube.ide.mcu.externaltools.gnu-tools-for-stm32.9-2020-q2-update.win32_1.5.0.202011040924/tools/bin/../lib/gcc/arm-none-eabi/9.3.1/thumb/v7e-m+fp/hard\libgcc.a
LOAD d:/app/stm32/stm32cubeide/stm32cubeide_1.0.2/stm32cubeide/plugins/com.st.stm32cube.ide.mcu.externaltools.gnu-tools-for-stm32.9-2020-q2-update.win32_1.5.0.202011040924/tools/bin/../lib/gcc/arm-none-eabi/9.3.1/../../../../arm-none-eabi/lib/thumb/v7e-m+fp/hard\libc_nano.a
END GROUP
START GROUP
LOAD d:/app/stm32/stm32cubeide/stm32cubeide_1.0.2/stm32cubeide/plugins/com.st.stm32cube.ide.mcu.externaltools.gnu-tools-for-stm32.9-2020-q2-update.win32_1.5.0.202011040924/tools/bin/../lib/gcc/arm-none-eabi/9.3.1/thumb/v7e-m+fp/hard\libgcc.a
LOAD d:/app/stm32/stm32cubeide/stm32cubeide_1.0.2/stm32cubeide/plugins/com.st.stm32cube.ide.mcu.externaltools.gnu-tools-for-stm32.9-2020-q2-update.win32_1.5.0.202011040924/tools/bin/../lib/gcc/arm-none-eabi/9.3.1/../../../../arm-none-eabi/lib/thumb/v7e-m+fp/hard\libc_nano.a
LOAD d:/app/stm32/stm32cubeide/stm32cubeide_1.0.2/stm32cubeide/plugins/com.st.stm32cube.ide.mcu.externaltools.gnu-tools-for-stm32.9-2020-q2-update.win32_1.5.0.202011040924/tools/bin/../lib/gcc/arm-none-eabi/9.3.1/../../../../arm-none-eabi/lib/thumb/v7e-m+fp/hard\libnosys.a
END GROUP
START GROUP
LOAD d:/app/stm32/stm32cubeide/stm32cubeide_1.0.2/stm32cubeide/plugins/com.st.stm32cube.ide.mcu.externaltools.gnu-tools-for-stm32.9-2020-q2-update.win32_1.5.0.202011040924/tools/bin/../lib/gcc/arm-none-eabi/9.3.1/thumb/v7e-m+fp/hard\libgcc.a
LOAD d:/app/stm32/stm32cubeide/stm32cubeide_1.0.2/stm32cubeide/plugins/com.st.stm32cube.ide.mcu.externaltools.gnu-tools-for-stm32.9-2020-q2-update.win32_1.5.0.202011040924/tools/bin/../lib/gcc/arm-none-eabi/9.3.1/../../../../arm-none-eabi/lib/thumb/v7e-m+fp/hard\libc_nano.a
LOAD d:/app/stm32/stm32cubeide/stm32cubeide_1.0.2/stm32cubeide/plugins/com.st.stm32cube.ide.mcu.externaltools.gnu-tools-for-stm32.9-2020-q2-update.win32_1.5.0.202011040924/tools/bin/../lib/gcc/arm-none-eabi/9.3.1/../../../../arm-none-eabi/lib/thumb/v7e-m+fp/hard\libnosys.a
END GROUP
LOAD d:/app/stm32/stm32cubeide/stm32cubeide_1.0.2/stm32cubeide/plugins/com.st.stm32cube.ide.mcu.externaltools.gnu-tools-for-stm32.9-2020-q2-update.win32_1.5.0.202011040924/tools/bin/../lib/gcc/arm-none-eabi/9.3.1/thumb/v7e-m+fp/hard/crtend.o
LOAD d:/app/stm32/stm32cubeide/stm32cubeide_1.0.2/stm32cubeide/plugins/com.st.stm32cube.ide.mcu.externaltools.gnu-tools-for-stm32.9-2020-q2-update.win32_1.5.0.202011040924/tools/bin/../lib/gcc/arm-none-eabi/9.3.1/thumb/v7e-m+fp/hard/crtn.o
                0x0000000020020000                _estack = (ORIGIN (RAM) + LENGTH (RAM))
                0x0000000000000800                _Min_Heap_Size = 0x800
                0x0000000000000800                _Min_Stack_Size = 0x800

.isr_vector     0x0000000008000000      0x188
                0x0000000008000000                . = ALIGN (0x4)
 *(.isr_vector)
 .isr_vector    0x0000000008000000      0x188 Core/Startup/startup_stm32f405rgtx.o
                0x0000000008000000                g_pfnVectors
                0x0000000008000188                . = ALIGN (0x4)

.text           0x0000000008000190     0x6e08
                0x0000000008000190                . = ALIGN (0x4)
 *(.text)
 .text          0x0000000008000190       0x40 d:/app/stm32/stm32cubeide/stm32cubeide_1.0.2/stm32cubeide/plugins/com.st.stm32cube.ide.mcu.externaltools.gnu-tools-for-stm32.9-2020-q2-update.win32_1.5.0.202011040924/tools/bin/../lib/gcc/arm-none-eabi/9.3.1/thumb/v7e-m+fp/hard/crtbegin.o
 .text          0x00000000080001d0       0xa0 d:/app/stm32/stm32cubeide/stm32cubeide_1.0.2/stm32cubeide/plugins/com.st.stm32cube.ide.mcu.externaltools.gnu-tools-for-stm32.9-2020-q2-update.win32_1.5.0.202011040924/tools/bin/../lib/gcc/arm-none-eabi/9.3.1/../../../../arm-none-eabi/lib/thumb/v7e-m+fp/hard\libc_nano.a(lib_a-memchr.o)
                0x00000000080001d0                memchr
 .text          0x0000000008000270       0x30 d:/app/stm32/stm32cubeide/stm32cubeide_1.0.2/stm32cubeide/plugins/com.st.stm32cube.ide.mcu.externaltools.gnu-tools-for-stm32.9-2020-q2-update.win32_1.5.0.202011040924/tools/bin/../lib/gcc/arm-none-eabi/9.3.1/thumb/v7e-m+fp/hard\libgcc.a(_aeabi_uldivmod.o)
                0x0000000008000270                __aeabi_uldivmod
 .text          0x00000000080002a0      0x2c4 d:/app/stm32/stm32cubeide/stm32cubeide_1.0.2/stm32cubeide/plugins/com.st.stm32cube.ide.mcu.externaltools.gnu-tools-for-stm32.9-2020-q2-update.win32_1.5.0.202011040924/tools/bin/../lib/gcc/arm-none-eabi/9.3.1/thumb/v7e-m+fp/hard\libgcc.a(_udivmoddi4.o)
                0x00000000080002a0                __udivmoddi4
 .text          0x0000000008000564        0x4 d:/app/stm32/stm32cubeide/stm32cubeide_1.0.2/stm32cubeide/plugins/com.st.stm32cube.ide.mcu.externaltools.gnu-tools-for-stm32.9-2020-q2-update.win32_1.5.0.202011040924/tools/bin/../lib/gcc/arm-none-eabi/9.3.1/thumb/v7e-m+fp/hard\libgcc.a(_dvmd_tls.o)
                0x0000000008000564                __aeabi_idiv0
                0x0000000008000564                __aeabi_ldiv0
 *(.text*)
 .text.MX_CAN1_Init
                0x0000000008000568       0x74 Core/Src/can.o
                0x0000000008000568                MX_CAN1_Init
 .text.MX_CAN2_Init
                0x00000000080005dc       0x6c Core/Src/can.o
                0x00000000080005dc                MX_CAN2_Init
 .text.HAL_CAN_MspInit
                0x0000000008000648      0x1c0 Core/Src/can.o
                0x0000000008000648                HAL_CAN_MspInit
 .text.user_Init
                0x0000000008000808       0x84 Core/Src/can.o
 .text.g_generate_crc
                0x000000000800088c       0x44 Core/Src/crc.o
                0x000000000800088c                g_generate_crc
 .text.g_convert_float16_to_native_float
                0x00000000080008d0       0x70 Core/Src/float32_float16_convert.o
                0x00000000080008d0                g_convert_float16_to_native_float
 .text.g_take_photo
                0x0000000008000940       0x18 Core/Src/gimbal_camera_ctrl.o
                0x0000000008000940                g_take_photo
 .text.g_record
                0x0000000008000958       0x16 Core/Src/gimbal_camera_ctrl.o
                0x0000000008000958                g_record
 .text.g_pitch_control
                0x000000000800096e       0x16 Core/Src/gimbal_camera_ctrl.o
                0x000000000800096e                g_pitch_control
 .text.g_yaw_control
                0x0000000008000984       0x16 Core/Src/gimbal_camera_ctrl.o
                0x0000000008000984                g_yaw_control
 .text.g_gimbal_mode
                0x000000000800099a       0x16 Core/Src/gimbal_camera_ctrl.o
                0x000000000800099a                g_gimbal_mode
 .text.g_set_gimbal_pitch
                0x00000000080009b0       0x16 Core/Src/gimbal_camera_ctrl.o
                0x00000000080009b0                g_set_gimbal_pitch
 .text.g_set_gimbal_yaw
                0x00000000080009c6       0x16 Core/Src/gimbal_camera_ctrl.o
                0x00000000080009c6                g_set_gimbal_yaw
 .text.g_control_zoom
                0x00000000080009dc       0x16 Core/Src/gimbal_camera_ctrl.o
                0x00000000080009dc                g_control_zoom
 *fill*         0x00000000080009f2        0x2 
 .text.MX_GPIO_Init
                0x00000000080009f4       0x6c Core/Src/gpio.o
                0x00000000080009f4                MX_GPIO_Init
 .text.main     0x0000000008000a60       0x2a Core/Src/main.o
                0x0000000008000a60                main
 *fill*         0x0000000008000a8a        0x2 
 .text.SystemClock_Config
                0x0000000008000a8c       0xd4 Core/Src/main.o
                0x0000000008000a8c                SystemClock_Config
 .text.Error_Handler
                0x0000000008000b60        0xe Core/Src/main.o
                0x0000000008000b60                Error_Handler
 .text.assert_failed
                0x0000000008000b6e       0x16 Core/Src/main.o
                0x0000000008000b6e                assert_failed
 .text.isPowerOf2
                0x0000000008000b84       0x26 Core/Src/o1heap.o
 .text.log2Floor
                0x0000000008000baa       0x32 Core/Src/o1heap.o
 .text.log2Ceil
                0x0000000008000bdc       0x2c Core/Src/o1heap.o
 .text.pow2     0x0000000008000c08       0x1e Core/Src/o1heap.o
 .text.invoke   0x0000000008000c26       0x1a Core/Src/o1heap.o
 .text.interlink
                0x0000000008000c40       0x42 Core/Src/o1heap.o
 *fill*         0x0000000008000c82        0x2 
 .text.rebin    0x0000000008000c84       0xf8 Core/Src/o1heap.o
 .text.unbin    0x0000000008000d7c      0x144 Core/Src/o1heap.o
 .text.o1heapInit
                0x0000000008000ec0      0x1a4 Core/Src/o1heap.o
                0x0000000008000ec0                o1heapInit
 .text.o1heapAllocate
                0x0000000008001064      0x414 Core/Src/o1heap.o
                0x0000000008001064                o1heapAllocate
 .text.o1heapFree
                0x0000000008001478      0x340 Core/Src/o1heap.o
                0x0000000008001478                o1heapFree
 .text.g_payload_init
                0x00000000080017b8       0x40 Core/Src/payload.o
                0x00000000080017b8                g_payload_init
 .text.g_send_to_drone
                0x00000000080017f8       0xc0 Core/Src/payload.o
                0x00000000080017f8                g_send_to_drone
 .text.request_identify
                0x00000000080018b8       0x3c Core/Src/payload.o
 .text.get_compile_date
                0x00000000080018f4       0xb4 Core/Src/payload.o
 .text.g_get_version
                0x00000000080019a8       0x44 Core/Src/payload.o
                0x00000000080019a8                g_get_version
 .text.send_photo_count_to_drone
                0x00000000080019ec       0x46 Core/Src/payload.o
                0x00000000080019ec                send_photo_count_to_drone
 *fill*         0x0000000008001a32        0x2 
 .text.send_UID
                0x0000000008001a34       0x90 Core/Src/payload.o
                0x0000000008001a34                send_UID
 .text.send_page_info
                0x0000000008001ac4       0x8c Core/Src/payload.o
                0x0000000008001ac4                send_page_info
 .text.g_identification
                0x0000000008001b50       0x54 Core/Src/payload.o
                0x0000000008001b50                g_identification
 .text.g_update_identification_procedure
                0x0000000008001ba4       0x44 Core/Src/payload.o
                0x0000000008001ba4                g_update_identification_procedure
 .text.send_can_msg_to_drone
                0x0000000008001be8       0x58 Core/Src/payload.o
                0x0000000008001be8                send_can_msg_to_drone
 .text.g_handle_drone_instruction
                0x0000000008001c40      0x234 Core/Src/payload.o
                0x0000000008001c40                g_handle_drone_instruction
 .text.g_parser_drone_packet
                0x0000000008001e74      0x144 Core/Src/payload.o
                0x0000000008001e74                g_parser_drone_packet
 .text.HAL_CAN_RxFifo0MsgPendingCallback
                0x0000000008001fb8       0x3c Core/Src/payload.o
                0x0000000008001fb8                HAL_CAN_RxFifo0MsgPendingCallback
 .text.g_o1heap_init
                0x0000000008001ff4       0x24 Core/Src/queue.o
                0x0000000008001ff4                g_o1heap_init
 .text.g_queue_init
                0x0000000008002018       0x26 Core/Src/queue.o
                0x0000000008002018                g_queue_init
 *fill*         0x000000000800203e        0x2 
 .text.queue_pop
                0x0000000008002040       0x84 Core/Src/queue.o
                0x0000000008002040                queue_pop
 .text.queue_push
                0x00000000080020c4       0x94 Core/Src/queue.o
                0x00000000080020c4                queue_push
 .text.HAL_MspInit
                0x0000000008002158       0x50 Core/Src/stm32f4xx_hal_msp.o
                0x0000000008002158                HAL_MspInit
 .text.NMI_Handler
                0x00000000080021a8        0xe Core/Src/stm32f4xx_it.o
                0x00000000080021a8                NMI_Handler
 .text.HardFault_Handler
                0x00000000080021b6        0x6 Core/Src/stm32f4xx_it.o
                0x00000000080021b6                HardFault_Handler
 .text.MemManage_Handler
                0x00000000080021bc        0x6 Core/Src/stm32f4xx_it.o
                0x00000000080021bc                MemManage_Handler
 .text.BusFault_Handler
                0x00000000080021c2        0x6 Core/Src/stm32f4xx_it.o
                0x00000000080021c2                BusFault_Handler
 .text.UsageFault_Handler
                0x00000000080021c8        0x6 Core/Src/stm32f4xx_it.o
                0x00000000080021c8                UsageFault_Handler
 .text.SVC_Handler
                0x00000000080021ce        0xe Core/Src/stm32f4xx_it.o
                0x00000000080021ce                SVC_Handler
 .text.DebugMon_Handler
                0x00000000080021dc        0xe Core/Src/stm32f4xx_it.o
                0x00000000080021dc                DebugMon_Handler
 .text.PendSV_Handler
                0x00000000080021ea        0xe Core/Src/stm32f4xx_it.o
                0x00000000080021ea                PendSV_Handler
 .text.SysTick_Handler
                0x00000000080021f8       0x30 Core/Src/stm32f4xx_it.o
                0x00000000080021f8                SysTick_Handler
 .text.CAN1_TX_IRQHandler
                0x0000000008002228       0x14 Core/Src/stm32f4xx_it.o
                0x0000000008002228                CAN1_TX_IRQHandler
 .text.CAN1_RX0_IRQHandler
                0x000000000800223c       0x14 Core/Src/stm32f4xx_it.o
                0x000000000800223c                CAN1_RX0_IRQHandler
 .text.CAN1_RX1_IRQHandler
                0x0000000008002250       0x14 Core/Src/stm32f4xx_it.o
                0x0000000008002250                CAN1_RX1_IRQHandler
 .text.CAN1_SCE_IRQHandler
                0x0000000008002264       0x14 Core/Src/stm32f4xx_it.o
                0x0000000008002264                CAN1_SCE_IRQHandler
 .text.USART1_IRQHandler
                0x0000000008002278       0x14 Core/Src/stm32f4xx_it.o
                0x0000000008002278                USART1_IRQHandler
 .text.USART2_IRQHandler
                0x000000000800228c       0x14 Core/Src/stm32f4xx_it.o
                0x000000000800228c                USART2_IRQHandler
 .text.CAN2_TX_IRQHandler
                0x00000000080022a0       0x14 Core/Src/stm32f4xx_it.o
                0x00000000080022a0                CAN2_TX_IRQHandler
 .text.CAN2_RX0_IRQHandler
                0x00000000080022b4       0x14 Core/Src/stm32f4xx_it.o
                0x00000000080022b4                CAN2_RX0_IRQHandler
 .text.CAN2_RX1_IRQHandler
                0x00000000080022c8       0x14 Core/Src/stm32f4xx_it.o
                0x00000000080022c8                CAN2_RX1_IRQHandler
 .text.CAN2_SCE_IRQHandler
                0x00000000080022dc       0x14 Core/Src/stm32f4xx_it.o
                0x00000000080022dc                CAN2_SCE_IRQHandler
 .text._getpid  0x00000000080022f0       0x10 Core/Src/syscalls.o
                0x00000000080022f0                _getpid
 .text._kill    0x0000000008002300       0x20 Core/Src/syscalls.o
                0x0000000008002300                _kill
 .text._exit    0x0000000008002320       0x14 Core/Src/syscalls.o
                0x0000000008002320                _exit
 .text._read    0x0000000008002334       0x3a Core/Src/syscalls.o
                0x0000000008002334                _read
 .text._write   0x000000000800236e       0x38 Core/Src/syscalls.o
                0x000000000800236e                _write
 .text._close   0x00000000080023a6       0x18 Core/Src/syscalls.o
                0x00000000080023a6                _close
 .text._fstat   0x00000000080023be       0x20 Core/Src/syscalls.o
                0x00000000080023be                _fstat
 .text._isatty  0x00000000080023de       0x16 Core/Src/syscalls.o
                0x00000000080023de                _isatty
 .text._lseek   0x00000000080023f4       0x1a Core/Src/syscalls.o
                0x00000000080023f4                _lseek
 *fill*         0x000000000800240e        0x2 
 .text._sbrk    0x0000000008002410       0x58 Core/Src/sysmem.o
                0x0000000008002410                _sbrk
 .text.SystemInit
                0x0000000008002468       0x2c Core/Src/system_stm32f4xx.o
                0x0000000008002468                SystemInit
 .text.MX_USART1_UART_Init
                0x0000000008002494       0x54 Core/Src/usart.o
                0x0000000008002494                MX_USART1_UART_Init
 .text.MX_USART2_UART_Init
                0x00000000080024e8       0x54 Core/Src/usart.o
                0x00000000080024e8                MX_USART2_UART_Init
 .text.HAL_UART_MspInit
                0x000000000800253c      0x118 Core/Src/usart.o
                0x000000000800253c                HAL_UART_MspInit
 .text.Reset_Handler
                0x0000000008002654       0x50 Core/Startup/startup_stm32f405rgtx.o
                0x0000000008002654                Reset_Handler
 .text.Default_Handler
                0x00000000080026a4        0x2 Core/Startup/startup_stm32f405rgtx.o
                0x00000000080026a4                RTC_Alarm_IRQHandler
                0x00000000080026a4                HASH_RNG_IRQHandler
                0x00000000080026a4                EXTI2_IRQHandler
                0x00000000080026a4                TIM8_CC_IRQHandler
                0x00000000080026a4                TIM1_CC_IRQHandler
                0x00000000080026a4                DMA2_Stream5_IRQHandler
                0x00000000080026a4                DMA1_Stream5_IRQHandler
                0x00000000080026a4                PVD_IRQHandler
                0x00000000080026a4                SDIO_IRQHandler
                0x00000000080026a4                TAMP_STAMP_IRQHandler
                0x00000000080026a4                EXTI3_IRQHandler
                0x00000000080026a4                TIM8_TRG_COM_TIM14_IRQHandler
                0x00000000080026a4                TIM1_UP_TIM10_IRQHandler
                0x00000000080026a4                TIM8_UP_TIM13_IRQHandler
                0x00000000080026a4                I2C3_ER_IRQHandler
                0x00000000080026a4                EXTI0_IRQHandler
                0x00000000080026a4                I2C2_EV_IRQHandler
                0x00000000080026a4                DMA1_Stream2_IRQHandler
                0x00000000080026a4                FPU_IRQHandler
                0x00000000080026a4                OTG_HS_WKUP_IRQHandler
                0x00000000080026a4                DMA2_Stream2_IRQHandler
                0x00000000080026a4                SPI1_IRQHandler
                0x00000000080026a4                TIM6_DAC_IRQHandler
                0x00000000080026a4                TIM1_BRK_TIM9_IRQHandler
                0x00000000080026a4                DMA2_Stream3_IRQHandler
                0x00000000080026a4                USART6_IRQHandler
                0x00000000080026a4                USART3_IRQHandler
                0x00000000080026a4                UART5_IRQHandler
                0x00000000080026a4                DMA2_Stream0_IRQHandler
                0x00000000080026a4                TIM4_IRQHandler
                0x00000000080026a4                I2C1_EV_IRQHandler
                0x00000000080026a4                DMA1_Stream6_IRQHandler
                0x00000000080026a4                DMA1_Stream1_IRQHandler
                0x00000000080026a4                UART4_IRQHandler
                0x00000000080026a4                TIM3_IRQHandler
                0x00000000080026a4                RCC_IRQHandler
                0x00000000080026a4                TIM8_BRK_TIM12_IRQHandler
                0x00000000080026a4                Default_Handler
                0x00000000080026a4                EXTI15_10_IRQHandler
                0x00000000080026a4                ADC_IRQHandler
                0x00000000080026a4                DMA1_Stream7_IRQHandler
                0x00000000080026a4                TIM7_IRQHandler
                0x00000000080026a4                TIM5_IRQHandler
                0x00000000080026a4                DMA2_Stream7_IRQHandler
                0x00000000080026a4                I2C3_EV_IRQHandler
                0x00000000080026a4                EXTI9_5_IRQHandler
                0x00000000080026a4                RTC_WKUP_IRQHandler
                0x00000000080026a4                SPI2_IRQHandler
                0x00000000080026a4                OTG_HS_EP1_IN_IRQHandler
                0x00000000080026a4                DMA1_Stream0_IRQHandler
                0x00000000080026a4                EXTI4_IRQHandler
                0x00000000080026a4                FSMC_IRQHandler
                0x00000000080026a4                OTG_HS_EP1_OUT_IRQHandler
                0x00000000080026a4                WWDG_IRQHandler
                0x00000000080026a4                TIM2_IRQHandler
                0x00000000080026a4                OTG_FS_WKUP_IRQHandler
                0x00000000080026a4                TIM1_TRG_COM_TIM11_IRQHandler
                0x00000000080026a4                OTG_HS_IRQHandler
                0x00000000080026a4                EXTI1_IRQHandler
                0x00000000080026a4                I2C2_ER_IRQHandler
                0x00000000080026a4                DMA2_Stream1_IRQHandler
                0x00000000080026a4                FLASH_IRQHandler
                0x00000000080026a4                DMA2_Stream4_IRQHandler
                0x00000000080026a4                OTG_FS_IRQHandler
                0x00000000080026a4                SPI3_IRQHandler
                0x00000000080026a4                DMA1_Stream4_IRQHandler
                0x00000000080026a4                I2C1_ER_IRQHandler
                0x00000000080026a4                DMA2_Stream6_IRQHandler
                0x00000000080026a4                DMA1_Stream3_IRQHandler
 *fill*         0x00000000080026a6        0x2 
 .text.HAL_Init
                0x00000000080026a8       0x44 Drivers/STM32F4xx_HAL_Driver/Src/stm32f4xx_hal.o
                0x00000000080026a8                HAL_Init
 .text.HAL_InitTick
                0x00000000080026ec       0x60 Drivers/STM32F4xx_HAL_Driver/Src/stm32f4xx_hal.o
                0x00000000080026ec                HAL_InitTick
 .text.HAL_IncTick
                0x000000000800274c       0x28 Drivers/STM32F4xx_HAL_Driver/Src/stm32f4xx_hal.o
                0x000000000800274c                HAL_IncTick
 .text.HAL_GetTick
                0x0000000008002774       0x18 Drivers/STM32F4xx_HAL_Driver/Src/stm32f4xx_hal.o
                0x0000000008002774                HAL_GetTick
 .text.HAL_CAN_Init
                0x000000000800278c      0x438 Drivers/STM32F4xx_HAL_Driver/Src/stm32f4xx_hal_can.o
                0x000000000800278c                HAL_CAN_Init
 .text.HAL_CAN_ConfigFilter
                0x0000000008002bc4      0x29c Drivers/STM32F4xx_HAL_Driver/Src/stm32f4xx_hal_can.o
                0x0000000008002bc4                HAL_CAN_ConfigFilter
 .text.HAL_CAN_Start
                0x0000000008002e60       0x88 Drivers/STM32F4xx_HAL_Driver/Src/stm32f4xx_hal_can.o
                0x0000000008002e60                HAL_CAN_Start
 .text.HAL_CAN_AddTxMessage
                0x0000000008002ee8      0x248 Drivers/STM32F4xx_HAL_Driver/Src/stm32f4xx_hal_can.o
                0x0000000008002ee8                HAL_CAN_AddTxMessage
 .text.HAL_CAN_GetTxMailboxesFreeLevel
                0x0000000008003130       0x6a Drivers/STM32F4xx_HAL_Driver/Src/stm32f4xx_hal_can.o
                0x0000000008003130                HAL_CAN_GetTxMailboxesFreeLevel
 *fill*         0x000000000800319a        0x2 
 .text.HAL_CAN_GetRxMessage
                0x000000000800319c      0x23c Drivers/STM32F4xx_HAL_Driver/Src/stm32f4xx_hal_can.o
                0x000000000800319c                HAL_CAN_GetRxMessage
 .text.HAL_CAN_ActivateNotification
                0x00000000080033d8       0x64 Drivers/STM32F4xx_HAL_Driver/Src/stm32f4xx_hal_can.o
                0x00000000080033d8                HAL_CAN_ActivateNotification
 .text.HAL_CAN_IRQHandler
                0x000000000800343c      0x36e Drivers/STM32F4xx_HAL_Driver/Src/stm32f4xx_hal_can.o
                0x000000000800343c                HAL_CAN_IRQHandler
 .text.HAL_CAN_TxMailbox0CompleteCallback
                0x00000000080037aa       0x14 Drivers/STM32F4xx_HAL_Driver/Src/stm32f4xx_hal_can.o
                0x00000000080037aa                HAL_CAN_TxMailbox0CompleteCallback
 .text.HAL_CAN_TxMailbox1CompleteCallback
                0x00000000080037be       0x14 Drivers/STM32F4xx_HAL_Driver/Src/stm32f4xx_hal_can.o
                0x00000000080037be                HAL_CAN_TxMailbox1CompleteCallback
 .text.HAL_CAN_TxMailbox2CompleteCallback
                0x00000000080037d2       0x14 Drivers/STM32F4xx_HAL_Driver/Src/stm32f4xx_hal_can.o
                0x00000000080037d2                HAL_CAN_TxMailbox2CompleteCallback
 .text.HAL_CAN_TxMailbox0AbortCallback
                0x00000000080037e6       0x14 Drivers/STM32F4xx_HAL_Driver/Src/stm32f4xx_hal_can.o
                0x00000000080037e6                HAL_CAN_TxMailbox0AbortCallback
 .text.HAL_CAN_TxMailbox1AbortCallback
                0x00000000080037fa       0x14 Drivers/STM32F4xx_HAL_Driver/Src/stm32f4xx_hal_can.o
                0x00000000080037fa                HAL_CAN_TxMailbox1AbortCallback
 .text.HAL_CAN_TxMailbox2AbortCallback
                0x000000000800380e       0x14 Drivers/STM32F4xx_HAL_Driver/Src/stm32f4xx_hal_can.o
                0x000000000800380e                HAL_CAN_TxMailbox2AbortCallback
 .text.HAL_CAN_RxFifo0FullCallback
                0x0000000008003822       0x14 Drivers/STM32F4xx_HAL_Driver/Src/stm32f4xx_hal_can.o
                0x0000000008003822                HAL_CAN_RxFifo0FullCallback
 .text.HAL_CAN_RxFifo1MsgPendingCallback
                0x0000000008003836       0x14 Drivers/STM32F4xx_HAL_Driver/Src/stm32f4xx_hal_can.o
                0x0000000008003836                HAL_CAN_RxFifo1MsgPendingCallback
 .text.HAL_CAN_RxFifo1FullCallback
                0x000000000800384a       0x14 Drivers/STM32F4xx_HAL_Driver/Src/stm32f4xx_hal_can.o
                0x000000000800384a                HAL_CAN_RxFifo1FullCallback
 .text.HAL_CAN_SleepCallback
                0x000000000800385e       0x14 Drivers/STM32F4xx_HAL_Driver/Src/stm32f4xx_hal_can.o
                0x000000000800385e                HAL_CAN_SleepCallback
 .text.HAL_CAN_WakeUpFromRxMsgCallback
                0x0000000008003872       0x14 Drivers/STM32F4xx_HAL_Driver/Src/stm32f4xx_hal_can.o
                0x0000000008003872                HAL_CAN_WakeUpFromRxMsgCallback
 .text.HAL_CAN_ErrorCallback
                0x0000000008003886       0x14 Drivers/STM32F4xx_HAL_Driver/Src/stm32f4xx_hal_can.o
                0x0000000008003886                HAL_CAN_ErrorCallback
 *fill*         0x000000000800389a        0x2 
 .text.__NVIC_SetPriorityGrouping
                0x000000000800389c       0x48 Drivers/STM32F4xx_HAL_Driver/Src/stm32f4xx_hal_cortex.o
 .text.__NVIC_GetPriorityGrouping
                0x00000000080038e4       0x1c Drivers/STM32F4xx_HAL_Driver/Src/stm32f4xx_hal_cortex.o
 .text.__NVIC_EnableIRQ
                0x0000000008003900       0x3c Drivers/STM32F4xx_HAL_Driver/Src/stm32f4xx_hal_cortex.o
 .text.__NVIC_SetPriority
                0x000000000800393c       0x54 Drivers/STM32F4xx_HAL_Driver/Src/stm32f4xx_hal_cortex.o
 .text.NVIC_EncodePriority
                0x0000000008003990       0x66 Drivers/STM32F4xx_HAL_Driver/Src/stm32f4xx_hal_cortex.o
 *fill*         0x00000000080039f6        0x2 
 .text.SysTick_Config
                0x00000000080039f8       0x44 Drivers/STM32F4xx_HAL_Driver/Src/stm32f4xx_hal_cortex.o
 .text.HAL_NVIC_SetPriorityGrouping
                0x0000000008003a3c       0x40 Drivers/STM32F4xx_HAL_Driver/Src/stm32f4xx_hal_cortex.o
                0x0000000008003a3c                HAL_NVIC_SetPriorityGrouping
 .text.HAL_NVIC_SetPriority
                0x0000000008003a7c       0x58 Drivers/STM32F4xx_HAL_Driver/Src/stm32f4xx_hal_cortex.o
                0x0000000008003a7c                HAL_NVIC_SetPriority
 .text.HAL_NVIC_EnableIRQ
                0x0000000008003ad4       0x30 Drivers/STM32F4xx_HAL_Driver/Src/stm32f4xx_hal_cortex.o
                0x0000000008003ad4                HAL_NVIC_EnableIRQ
 .text.HAL_SYSTICK_Config
                0x0000000008003b04       0x18 Drivers/STM32F4xx_HAL_Driver/Src/stm32f4xx_hal_cortex.o
                0x0000000008003b04                HAL_SYSTICK_Config
 .text.HAL_DMA_Abort_IT
                0x0000000008003b1c       0x44 Drivers/STM32F4xx_HAL_Driver/Src/stm32f4xx_hal_dma.o
                0x0000000008003b1c                HAL_DMA_Abort_IT
 .text.HAL_GPIO_Init
                0x0000000008003b60      0x5c8 Drivers/STM32F4xx_HAL_Driver/Src/stm32f4xx_hal_gpio.o
                0x0000000008003b60                HAL_GPIO_Init
 .text.HAL_RCC_OscConfig
                0x0000000008004128      0x640 Drivers/STM32F4xx_HAL_Driver/Src/stm32f4xx_hal_rcc.o
                0x0000000008004128                HAL_RCC_OscConfig
 .text.HAL_RCC_ClockConfig
                0x0000000008004768      0x31c Drivers/STM32F4xx_HAL_Driver/Src/stm32f4xx_hal_rcc.o
                0x0000000008004768                HAL_RCC_ClockConfig
 .text.HAL_RCC_GetSysClockFreq
                0x0000000008004a84      0x1c4 Drivers/STM32F4xx_HAL_Driver/Src/stm32f4xx_hal_rcc.o
                0x0000000008004a84                HAL_RCC_GetSysClockFreq
 .text.HAL_RCC_GetHCLKFreq
                0x0000000008004c48       0x18 Drivers/STM32F4xx_HAL_Driver/Src/stm32f4xx_hal_rcc.o
                0x0000000008004c48                HAL_RCC_GetHCLKFreq
 .text.HAL_RCC_GetPCLK1Freq
                0x0000000008004c60       0x28 Drivers/STM32F4xx_HAL_Driver/Src/stm32f4xx_hal_rcc.o
                0x0000000008004c60                HAL_RCC_GetPCLK1Freq
 .text.HAL_RCC_GetPCLK2Freq
                0x0000000008004c88       0x28 Drivers/STM32F4xx_HAL_Driver/Src/stm32f4xx_hal_rcc.o
                0x0000000008004c88                HAL_RCC_GetPCLK2Freq
 .text.HAL_UART_Init
                0x0000000008004cb0      0x1a0 Drivers/STM32F4xx_HAL_Driver/Src/stm32f4xx_hal_uart.o
                0x0000000008004cb0                HAL_UART_Init
 .text.HAL_UART_IRQHandler
                0x0000000008004e50      0x200 Drivers/STM32F4xx_HAL_Driver/Src/stm32f4xx_hal_uart.o
                0x0000000008004e50                HAL_UART_IRQHandler
 .text.HAL_UART_TxCpltCallback
                0x0000000008005050       0x14 Drivers/STM32F4xx_HAL_Driver/Src/stm32f4xx_hal_uart.o
                0x0000000008005050                HAL_UART_TxCpltCallback
 .text.HAL_UART_RxCpltCallback
                0x0000000008005064       0x14 Drivers/STM32F4xx_HAL_Driver/Src/stm32f4xx_hal_uart.o
                0x0000000008005064                HAL_UART_RxCpltCallback
 .text.HAL_UART_ErrorCallback
                0x0000000008005078       0x14 Drivers/STM32F4xx_HAL_Driver/Src/stm32f4xx_hal_uart.o
                0x0000000008005078                HAL_UART_ErrorCallback
 .text.UART_EndRxTransfer
                0x000000000800508c       0x3c Drivers/STM32F4xx_HAL_Driver/Src/stm32f4xx_hal_uart.o
 .text.UART_DMAAbortOnError
                0x00000000080050c8       0x28 Drivers/STM32F4xx_HAL_Driver/Src/stm32f4xx_hal_uart.o
 .text.UART_Transmit_IT
                0x00000000080050f0       0xac Drivers/STM32F4xx_HAL_Driver/Src/stm32f4xx_hal_uart.o
 .text.UART_EndTransmit_IT
                0x000000000800519c       0x30 Drivers/STM32F4xx_HAL_Driver/Src/stm32f4xx_hal_uart.o
 .text.UART_Receive_IT
                0x00000000080051cc      0x102 Drivers/STM32F4xx_HAL_Driver/Src/stm32f4xx_hal_uart.o
 *fill*         0x00000000080052ce        0x2 
 .text.UART_SetConfig
                0x00000000080052d0      0x7cc Drivers/STM32F4xx_HAL_Driver/Src/stm32f4xx_hal_uart.o
 .text.__assert_func
                0x0000000008005a9c       0x3c d:/app/stm32/stm32cubeide/stm32cubeide_1.0.2/stm32cubeide/plugins/com.st.stm32cube.ide.mcu.externaltools.gnu-tools-for-stm32.9-2020-q2-update.win32_1.5.0.202011040924/tools/bin/../lib/gcc/arm-none-eabi/9.3.1/../../../../arm-none-eabi/lib/thumb/v7e-m+fp/hard\libc_nano.a(lib_a-assert.o)
                0x0000000008005a9c                __assert_func
 .text.atoi     0x0000000008005ad8        0x8 d:/app/stm32/stm32cubeide/stm32cubeide_1.0.2/stm32cubeide/plugins/com.st.stm32cube.ide.mcu.externaltools.gnu-tools-for-stm32.9-2020-q2-update.win32_1.5.0.202011040924/tools/bin/../lib/gcc/arm-none-eabi/9.3.1/../../../../arm-none-eabi/lib/thumb/v7e-m+fp/hard\libc_nano.a(lib_a-atoi.o)
                0x0000000008005ad8                atoi
 .text.__errno  0x0000000008005ae0        0xc d:/app/stm32/stm32cubeide/stm32cubeide_1.0.2/stm32cubeide/plugins/com.st.stm32cube.ide.mcu.externaltools.gnu-tools-for-stm32.9-2020-q2-update.win32_1.5.0.202011040924/tools/bin/../lib/gcc/arm-none-eabi/9.3.1/../../../../arm-none-eabi/lib/thumb/v7e-m+fp/hard\libc_nano.a(lib_a-errno.o)
                0x0000000008005ae0                __errno
 .text.fprintf  0x0000000008005aec       0x24 d:/app/stm32/stm32cubeide/stm32cubeide_1.0.2/stm32cubeide/plugins/com.st.stm32cube.ide.mcu.externaltools.gnu-tools-for-stm32.9-2020-q2-update.win32_1.5.0.202011040924/tools/bin/../lib/gcc/arm-none-eabi/9.3.1/../../../../arm-none-eabi/lib/thumb/v7e-m+fp/hard\libc_nano.a(lib_a-fprintf.o)
                0x0000000008005aec                fiprintf
                0x0000000008005aec                fprintf
 .text.__libc_init_array
                0x0000000008005b10       0x48 d:/app/stm32/stm32cubeide/stm32cubeide_1.0.2/stm32cubeide/plugins/com.st.stm32cube.ide.mcu.externaltools.gnu-tools-for-stm32.9-2020-q2-update.win32_1.5.0.202011040924/tools/bin/../lib/gcc/arm-none-eabi/9.3.1/../../../../arm-none-eabi/lib/thumb/v7e-m+fp/hard\libc_nano.a(lib_a-init.o)
                0x0000000008005b10                __libc_init_array
 .text.memcmp   0x0000000008005b58       0x1c d:/app/stm32/stm32cubeide/stm32cubeide_1.0.2/stm32cubeide/plugins/com.st.stm32cube.ide.mcu.externaltools.gnu-tools-for-stm32.9-2020-q2-update.win32_1.5.0.202011040924/tools/bin/../lib/gcc/arm-none-eabi/9.3.1/../../../../arm-none-eabi/lib/thumb/v7e-m+fp/hard\libc_nano.a(lib_a-memcmp.o)
                0x0000000008005b58                memcmp
 .text.memcpy   0x0000000008005b74       0x1c d:/app/stm32/stm32cubeide/stm32cubeide_1.0.2/stm32cubeide/plugins/com.st.stm32cube.ide.mcu.externaltools.gnu-tools-for-stm32.9-2020-q2-update.win32_1.5.0.202011040924/tools/bin/../lib/gcc/arm-none-eabi/9.3.1/../../../../arm-none-eabi/lib/thumb/v7e-m+fp/hard\libc_nano.a(lib_a-memcpy-stub.o)
                0x0000000008005b74                memcpy
 .text.memset   0x0000000008005b90       0x10 d:/app/stm32/stm32cubeide/stm32cubeide_1.0.2/stm32cubeide/plugins/com.st.stm32cube.ide.mcu.externaltools.gnu-tools-for-stm32.9-2020-q2-update.win32_1.5.0.202011040924/tools/bin/../lib/gcc/arm-none-eabi/9.3.1/../../../../arm-none-eabi/lib/thumb/v7e-m+fp/hard\libc_nano.a(lib_a-memset.o)
                0x0000000008005b90                memset
 .text.__sfputc_r
                0x0000000008005ba0       0x2e d:/app/stm32/stm32cubeide/stm32cubeide_1.0.2/stm32cubeide/plugins/com.st.stm32cube.ide.mcu.externaltools.gnu-tools-for-stm32.9-2020-q2-update.win32_1.5.0.202011040924/tools/bin/../lib/gcc/arm-none-eabi/9.3.1/../../../../arm-none-eabi/lib/thumb/v7e-m+fp/hard\libc_nano.a(lib_a-nano-vfprintf.o)
 .text.__sfputs_r
                0x0000000008005bce       0x24 d:/app/stm32/stm32cubeide/stm32cubeide_1.0.2/stm32cubeide/plugins/com.st.stm32cube.ide.mcu.externaltools.gnu-tools-for-stm32.9-2020-q2-update.win32_1.5.0.202011040924/tools/bin/../lib/gcc/arm-none-eabi/9.3.1/../../../../arm-none-eabi/lib/thumb/v7e-m+fp/hard\libc_nano.a(lib_a-nano-vfprintf.o)
                0x0000000008005bce                __sfputs_r
 *fill*         0x0000000008005bf2        0x2 
 .text._vfprintf_r
                0x0000000008005bf4      0x260 d:/app/stm32/stm32cubeide/stm32cubeide_1.0.2/stm32cubeide/plugins/com.st.stm32cube.ide.mcu.externaltools.gnu-tools-for-stm32.9-2020-q2-update.win32_1.5.0.202011040924/tools/bin/../lib/gcc/arm-none-eabi/9.3.1/../../../../arm-none-eabi/lib/thumb/v7e-m+fp/hard\libc_nano.a(lib_a-nano-vfprintf.o)
                0x0000000008005bf4                _vfprintf_r
                0x0000000008005bf4                _vfiprintf_r
 .text._printf_common
                0x0000000008005e54       0xda d:/app/stm32/stm32cubeide/stm32cubeide_1.0.2/stm32cubeide/plugins/com.st.stm32cube.ide.mcu.externaltools.gnu-tools-for-stm32.9-2020-q2-update.win32_1.5.0.202011040924/tools/bin/../lib/gcc/arm-none-eabi/9.3.1/../../../../arm-none-eabi/lib/thumb/v7e-m+fp/hard\libc_nano.a(lib_a-nano-vfprintf_i.o)
                0x0000000008005e54                _printf_common
 *fill*         0x0000000008005f2e        0x2 
 .text._printf_i
                0x0000000008005f30      0x24c d:/app/stm32/stm32cubeide/stm32cubeide_1.0.2/stm32cubeide/plugins/com.st.stm32cube.ide.mcu.externaltools.gnu-tools-for-stm32.9-2020-q2-update.win32_1.5.0.202011040924/tools/bin/../lib/gcc/arm-none-eabi/9.3.1/../../../../arm-none-eabi/lib/thumb/v7e-m+fp/hard\libc_nano.a(lib_a-nano-vfprintf_i.o)
                0x0000000008005f30                _printf_i
 .text.snprintf
                0x000000000800617c       0x68 d:/app/stm32/stm32cubeide/stm32cubeide_1.0.2/stm32cubeide/plugins/com.st.stm32cube.ide.mcu.externaltools.gnu-tools-for-stm32.9-2020-q2-update.win32_1.5.0.202011040924/tools/bin/../lib/gcc/arm-none-eabi/9.3.1/../../../../arm-none-eabi/lib/thumb/v7e-m+fp/hard\libc_nano.a(lib_a-snprintf.o)
                0x000000000800617c                sniprintf
                0x000000000800617c                snprintf
 .text._strtol_l.isra.0
                0x00000000080061e4      0x108 d:/app/stm32/stm32cubeide/stm32cubeide_1.0.2/stm32cubeide/plugins/com.st.stm32cube.ide.mcu.externaltools.gnu-tools-for-stm32.9-2020-q2-update.win32_1.5.0.202011040924/tools/bin/../lib/gcc/arm-none-eabi/9.3.1/../../../../arm-none-eabi/lib/thumb/v7e-m+fp/hard\libc_nano.a(lib_a-strtol.o)
 .text.strtol   0x00000000080062ec       0x14 d:/app/stm32/stm32cubeide/stm32cubeide_1.0.2/stm32cubeide/plugins/com.st.stm32cube.ide.mcu.externaltools.gnu-tools-for-stm32.9-2020-q2-update.win32_1.5.0.202011040924/tools/bin/../lib/gcc/arm-none-eabi/9.3.1/../../../../arm-none-eabi/lib/thumb/v7e-m+fp/hard\libc_nano.a(lib_a-strtol.o)
                0x00000000080062ec                strtol
 .text.__swbuf_r
                0x0000000008006300       0xa4 d:/app/stm32/stm32cubeide/stm32cubeide_1.0.2/stm32cubeide/plugins/com.st.stm32cube.ide.mcu.externaltools.gnu-tools-for-stm32.9-2020-q2-update.win32_1.5.0.202011040924/tools/bin/../lib/gcc/arm-none-eabi/9.3.1/../../../../arm-none-eabi/lib/thumb/v7e-m+fp/hard\libc_nano.a(lib_a-wbuf.o)
                0x0000000008006300                __swbuf_r
 .text.__swsetup_r
                0x00000000080063a4       0xdc d:/app/stm32/stm32cubeide/stm32cubeide_1.0.2/stm32cubeide/plugins/com.st.stm32cube.ide.mcu.externaltools.gnu-tools-for-stm32.9-2020-q2-update.win32_1.5.0.202011040924/tools/bin/../lib/gcc/arm-none-eabi/9.3.1/../../../../arm-none-eabi/lib/thumb/v7e-m+fp/hard\libc_nano.a(lib_a-wsetup.o)
                0x00000000080063a4                __swsetup_r
 .text.abort    0x0000000008006480        0xe d:/app/stm32/stm32cubeide/stm32cubeide_1.0.2/stm32cubeide/plugins/com.st.stm32cube.ide.mcu.externaltools.gnu-tools-for-stm32.9-2020-q2-update.win32_1.5.0.202011040924/tools/bin/../lib/gcc/arm-none-eabi/9.3.1/../../../../arm-none-eabi/lib/thumb/v7e-m+fp/hard\libc_nano.a(lib_a-abort.o)
                0x0000000008006480                abort
 *fill*         0x000000000800648e        0x2 
 .text.__sflush_r
                0x0000000008006490      0x10c d:/app/stm32/stm32cubeide/stm32cubeide_1.0.2/stm32cubeide/plugins/com.st.stm32cube.ide.mcu.externaltools.gnu-tools-for-stm32.9-2020-q2-update.win32_1.5.0.202011040924/tools/bin/../lib/gcc/arm-none-eabi/9.3.1/../../../../arm-none-eabi/lib/thumb/v7e-m+fp/hard\libc_nano.a(lib_a-fflush.o)
                0x0000000008006490                __sflush_r
 .text._fflush_r
                0x000000000800659c       0x78 d:/app/stm32/stm32cubeide/stm32cubeide_1.0.2/stm32cubeide/plugins/com.st.stm32cube.ide.mcu.externaltools.gnu-tools-for-stm32.9-2020-q2-update.win32_1.5.0.202011040924/tools/bin/../lib/gcc/arm-none-eabi/9.3.1/../../../../arm-none-eabi/lib/thumb/v7e-m+fp/hard\libc_nano.a(lib_a-fflush.o)
                0x000000000800659c                _fflush_r
 .text.std      0x0000000008006614       0x48 d:/app/stm32/stm32cubeide/stm32cubeide_1.0.2/stm32cubeide/plugins/com.st.stm32cube.ide.mcu.externaltools.gnu-tools-for-stm32.9-2020-q2-update.win32_1.5.0.202011040924/tools/bin/../lib/gcc/arm-none-eabi/9.3.1/../../../../arm-none-eabi/lib/thumb/v7e-m+fp/hard\libc_nano.a(lib_a-findfp.o)
 .text._cleanup_r
                0x000000000800665c        0xc d:/app/stm32/stm32cubeide/stm32cubeide_1.0.2/stm32cubeide/plugins/com.st.stm32cube.ide.mcu.externaltools.gnu-tools-for-stm32.9-2020-q2-update.win32_1.5.0.202011040924/tools/bin/../lib/gcc/arm-none-eabi/9.3.1/../../../../arm-none-eabi/lib/thumb/v7e-m+fp/hard\libc_nano.a(lib_a-findfp.o)
                0x000000000800665c                _cleanup_r
 .text.__sfmoreglue
                0x0000000008006668       0x2c d:/app/stm32/stm32cubeide/stm32cubeide_1.0.2/stm32cubeide/plugins/com.st.stm32cube.ide.mcu.externaltools.gnu-tools-for-stm32.9-2020-q2-update.win32_1.5.0.202011040924/tools/bin/../lib/gcc/arm-none-eabi/9.3.1/../../../../arm-none-eabi/lib/thumb/v7e-m+fp/hard\libc_nano.a(lib_a-findfp.o)
                0x0000000008006668                __sfmoreglue
 .text.__sfp_lock_acquire
                0x0000000008006694        0xc d:/app/stm32/stm32cubeide/stm32cubeide_1.0.2/stm32cubeide/plugins/com.st.stm32cube.ide.mcu.externaltools.gnu-tools-for-stm32.9-2020-q2-update.win32_1.5.0.202011040924/tools/bin/../lib/gcc/arm-none-eabi/9.3.1/../../../../arm-none-eabi/lib/thumb/v7e-m+fp/hard\libc_nano.a(lib_a-findfp.o)
                0x0000000008006694                __sfp_lock_acquire
 .text.__sfp_lock_release
                0x00000000080066a0        0xc d:/app/stm32/stm32cubeide/stm32cubeide_1.0.2/stm32cubeide/plugins/com.st.stm32cube.ide.mcu.externaltools.gnu-tools-for-stm32.9-2020-q2-update.win32_1.5.0.202011040924/tools/bin/../lib/gcc/arm-none-eabi/9.3.1/../../../../arm-none-eabi/lib/thumb/v7e-m+fp/hard\libc_nano.a(lib_a-findfp.o)
                0x00000000080066a0                __sfp_lock_release
 .text.__sinit_lock_acquire
                0x00000000080066ac        0xc d:/app/stm32/stm32cubeide/stm32cubeide_1.0.2/stm32cubeide/plugins/com.st.stm32cube.ide.mcu.externaltools.gnu-tools-for-stm32.9-2020-q2-update.win32_1.5.0.202011040924/tools/bin/../lib/gcc/arm-none-eabi/9.3.1/../../../../arm-none-eabi/lib/thumb/v7e-m+fp/hard\libc_nano.a(lib_a-findfp.o)
                0x00000000080066ac                __sinit_lock_acquire
 .text.__sinit_lock_release
                0x00000000080066b8        0xc d:/app/stm32/stm32cubeide/stm32cubeide_1.0.2/stm32cubeide/plugins/com.st.stm32cube.ide.mcu.externaltools.gnu-tools-for-stm32.9-2020-q2-update.win32_1.5.0.202011040924/tools/bin/../lib/gcc/arm-none-eabi/9.3.1/../../../../arm-none-eabi/lib/thumb/v7e-m+fp/hard\libc_nano.a(lib_a-findfp.o)
                0x00000000080066b8                __sinit_lock_release
 .text.__sinit  0x00000000080066c4       0x70 d:/app/stm32/stm32cubeide/stm32cubeide_1.0.2/stm32cubeide/plugins/com.st.stm32cube.ide.mcu.externaltools.gnu-tools-for-stm32.9-2020-q2-update.win32_1.5.0.202011040924/tools/bin/../lib/gcc/arm-none-eabi/9.3.1/../../../../arm-none-eabi/lib/thumb/v7e-m+fp/hard\libc_nano.a(lib_a-findfp.o)
                0x00000000080066c4                __sinit
 .text.__sfp    0x0000000008006734       0x8c d:/app/stm32/stm32cubeide/stm32cubeide_1.0.2/stm32cubeide/plugins/com.st.stm32cube.ide.mcu.externaltools.gnu-tools-for-stm32.9-2020-q2-update.win32_1.5.0.202011040924/tools/bin/../lib/gcc/arm-none-eabi/9.3.1/../../../../arm-none-eabi/lib/thumb/v7e-m+fp/hard\libc_nano.a(lib_a-findfp.o)
                0x0000000008006734                __sfp
 .text._fwalk_reent
                0x00000000080067c0       0x3e d:/app/stm32/stm32cubeide/stm32cubeide_1.0.2/stm32cubeide/plugins/com.st.stm32cube.ide.mcu.externaltools.gnu-tools-for-stm32.9-2020-q2-update.win32_1.5.0.202011040924/tools/bin/../lib/gcc/arm-none-eabi/9.3.1/../../../../arm-none-eabi/lib/thumb/v7e-m+fp/hard\libc_nano.a(lib_a-fwalk.o)
                0x00000000080067c0                _fwalk_reent
 .text.__retarget_lock_init_recursive
                0x00000000080067fe        0x2 d:/app/stm32/stm32cubeide/stm32cubeide_1.0.2/stm32cubeide/plugins/com.st.stm32cube.ide.mcu.externaltools.gnu-tools-for-stm32.9-2020-q2-update.win32_1.5.0.202011040924/tools/bin/../lib/gcc/arm-none-eabi/9.3.1/../../../../arm-none-eabi/lib/thumb/v7e-m+fp/hard\libc_nano.a(lib_a-lock.o)
                0x00000000080067fe                __retarget_lock_init_recursive
 .text.__retarget_lock_acquire_recursive
                0x0000000008006800        0x2 d:/app/stm32/stm32cubeide/stm32cubeide_1.0.2/stm32cubeide/plugins/com.st.stm32cube.ide.mcu.externaltools.gnu-tools-for-stm32.9-2020-q2-update.win32_1.5.0.202011040924/tools/bin/../lib/gcc/arm-none-eabi/9.3.1/../../../../arm-none-eabi/lib/thumb/v7e-m+fp/hard\libc_nano.a(lib_a-lock.o)
                0x0000000008006800                __retarget_lock_acquire_recursive
 .text.__retarget_lock_release_recursive
                0x0000000008006802        0x2 d:/app/stm32/stm32cubeide/stm32cubeide_1.0.2/stm32cubeide/plugins/com.st.stm32cube.ide.mcu.externaltools.gnu-tools-for-stm32.9-2020-q2-update.win32_1.5.0.202011040924/tools/bin/../lib/gcc/arm-none-eabi/9.3.1/../../../../arm-none-eabi/lib/thumb/v7e-m+fp/hard\libc_nano.a(lib_a-lock.o)
                0x0000000008006802                __retarget_lock_release_recursive
 .text.__swhatbuf_r
                0x0000000008006804       0x48 d:/app/stm32/stm32cubeide/stm32cubeide_1.0.2/stm32cubeide/plugins/com.st.stm32cube.ide.mcu.externaltools.gnu-tools-for-stm32.9-2020-q2-update.win32_1.5.0.202011040924/tools/bin/../lib/gcc/arm-none-eabi/9.3.1/../../../../arm-none-eabi/lib/thumb/v7e-m+fp/hard\libc_nano.a(lib_a-makebuf.o)
                0x0000000008006804                __swhatbuf_r
 .text.__smakebuf_r
                0x000000000800684c       0x80 d:/app/stm32/stm32cubeide/stm32cubeide_1.0.2/stm32cubeide/plugins/com.st.stm32cube.ide.mcu.externaltools.gnu-tools-for-stm32.9-2020-q2-update.win32_1.5.0.202011040924/tools/bin/../lib/gcc/arm-none-eabi/9.3.1/../../../../arm-none-eabi/lib/thumb/v7e-m+fp/hard\libc_nano.a(lib_a-makebuf.o)
                0x000000000800684c                __smakebuf_r
 .text.memmove  0x00000000080068cc       0x34 d:/app/stm32/stm32cubeide/stm32cubeide_1.0.2/stm32cubeide/plugins/com.st.stm32cube.ide.mcu.externaltools.gnu-tools-for-stm32.9-2020-q2-update.win32_1.5.0.202011040924/tools/bin/../lib/gcc/arm-none-eabi/9.3.1/../../../../arm-none-eabi/lib/thumb/v7e-m+fp/hard\libc_nano.a(lib_a-memmove.o)
                0x00000000080068cc                memmove
 .text._free_r  0x0000000008006900       0xa0 d:/app/stm32/stm32cubeide/stm32cubeide_1.0.2/stm32cubeide/plugins/com.st.stm32cube.ide.mcu.externaltools.gnu-tools-for-stm32.9-2020-q2-update.win32_1.5.0.202011040924/tools/bin/../lib/gcc/arm-none-eabi/9.3.1/../../../../arm-none-eabi/lib/thumb/v7e-m+fp/hard\libc_nano.a(lib_a-nano-freer.o)
                0x0000000008006900                _free_r
 .text._malloc_r
                0x00000000080069a0       0xb4 d:/app/stm32/stm32cubeide/stm32cubeide_1.0.2/stm32cubeide/plugins/com.st.stm32cube.ide.mcu.externaltools.gnu-tools-for-stm32.9-2020-q2-update.win32_1.5.0.202011040924/tools/bin/../lib/gcc/arm-none-eabi/9.3.1/../../../../arm-none-eabi/lib/thumb/v7e-m+fp/hard\libc_nano.a(lib_a-nano-mallocr.o)
                0x00000000080069a0                _malloc_r
 .text._realloc_r
                0x0000000008006a54       0x4c d:/app/stm32/stm32cubeide/stm32cubeide_1.0.2/stm32cubeide/plugins/com.st.stm32cube.ide.mcu.externaltools.gnu-tools-for-stm32.9-2020-q2-update.win32_1.5.0.202011040924/tools/bin/../lib/gcc/arm-none-eabi/9.3.1/../../../../arm-none-eabi/lib/thumb/v7e-m+fp/hard\libc_nano.a(lib_a-nano-reallocr.o)
                0x0000000008006a54                _realloc_r
 .text.__ssputs_r
                0x0000000008006aa0       0xb6 d:/app/stm32/stm32cubeide/stm32cubeide_1.0.2/stm32cubeide/plugins/com.st.stm32cube.ide.mcu.externaltools.gnu-tools-for-stm32.9-2020-q2-update.win32_1.5.0.202011040924/tools/bin/../lib/gcc/arm-none-eabi/9.3.1/../../../../arm-none-eabi/lib/thumb/v7e-m+fp/hard\libc_nano.a(lib_a-nano-svfprintf.o)
                0x0000000008006aa0                __ssputs_r
 *fill*         0x0000000008006b56        0x2 
 .text._svfprintf_r
                0x0000000008006b58      0x200 d:/app/stm32/stm32cubeide/stm32cubeide_1.0.2/stm32cubeide/plugins/com.st.stm32cube.ide.mcu.externaltools.gnu-tools-for-stm32.9-2020-q2-update.win32_1.5.0.202011040924/tools/bin/../lib/gcc/arm-none-eabi/9.3.1/../../../../arm-none-eabi/lib/thumb/v7e-m+fp/hard\libc_nano.a(lib_a-nano-svfprintf.o)
                0x0000000008006b58                _svfiprintf_r
                0x0000000008006b58                _svfprintf_r
 .text._sbrk_r  0x0000000008006d58       0x20 d:/app/stm32/stm32cubeide/stm32cubeide_1.0.2/stm32cubeide/plugins/com.st.stm32cube.ide.mcu.externaltools.gnu-tools-for-stm32.9-2020-q2-update.win32_1.5.0.202011040924/tools/bin/../lib/gcc/arm-none-eabi/9.3.1/../../../../arm-none-eabi/lib/thumb/v7e-m+fp/hard\libc_nano.a(lib_a-sbrkr.o)
                0x0000000008006d58                _sbrk_r
 .text._raise_r
                0x0000000008006d78       0x50 d:/app/stm32/stm32cubeide/stm32cubeide_1.0.2/stm32cubeide/plugins/com.st.stm32cube.ide.mcu.externaltools.gnu-tools-for-stm32.9-2020-q2-update.win32_1.5.0.202011040924/tools/bin/../lib/gcc/arm-none-eabi/9.3.1/../../../../arm-none-eabi/lib/thumb/v7e-m+fp/hard\libc_nano.a(lib_a-signal.o)
                0x0000000008006d78                _raise_r
 .text.raise    0x0000000008006dc8       0x10 d:/app/stm32/stm32cubeide/stm32cubeide_1.0.2/stm32cubeide/plugins/com.st.stm32cube.ide.mcu.externaltools.gnu-tools-for-stm32.9-2020-q2-update.win32_1.5.0.202011040924/tools/bin/../lib/gcc/arm-none-eabi/9.3.1/../../../../arm-none-eabi/lib/thumb/v7e-m+fp/hard\libc_nano.a(lib_a-signal.o)
                0x0000000008006dc8                raise
 .text._kill_r  0x0000000008006dd8       0x24 d:/app/stm32/stm32cubeide/stm32cubeide_1.0.2/stm32cubeide/plugins/com.st.stm32cube.ide.mcu.externaltools.gnu-tools-for-stm32.9-2020-q2-update.win32_1.5.0.202011040924/tools/bin/../lib/gcc/arm-none-eabi/9.3.1/../../../../arm-none-eabi/lib/thumb/v7e-m+fp/hard\libc_nano.a(lib_a-signalr.o)
                0x0000000008006dd8                _kill_r
 .text._getpid_r
                0x0000000008006dfc        0x4 d:/app/stm32/stm32cubeide/stm32cubeide_1.0.2/stm32cubeide/plugins/com.st.stm32cube.ide.mcu.externaltools.gnu-tools-for-stm32.9-2020-q2-update.win32_1.5.0.202011040924/tools/bin/../lib/gcc/arm-none-eabi/9.3.1/../../../../arm-none-eabi/lib/thumb/v7e-m+fp/hard\libc_nano.a(lib_a-signalr.o)
                0x0000000008006dfc                _getpid_r
 .text.__sread  0x0000000008006e00       0x22 d:/app/stm32/stm32cubeide/stm32cubeide_1.0.2/stm32cubeide/plugins/com.st.stm32cube.ide.mcu.externaltools.gnu-tools-for-stm32.9-2020-q2-update.win32_1.5.0.202011040924/tools/bin/../lib/gcc/arm-none-eabi/9.3.1/../../../../arm-none-eabi/lib/thumb/v7e-m+fp/hard\libc_nano.a(lib_a-stdio.o)
                0x0000000008006e00                __sread
 .text.__swrite
                0x0000000008006e22       0x38 d:/app/stm32/stm32cubeide/stm32cubeide_1.0.2/stm32cubeide/plugins/com.st.stm32cube.ide.mcu.externaltools.gnu-tools-for-stm32.9-2020-q2-update.win32_1.5.0.202011040924/tools/bin/../lib/gcc/arm-none-eabi/9.3.1/../../../../arm-none-eabi/lib/thumb/v7e-m+fp/hard\libc_nano.a(lib_a-stdio.o)
                0x0000000008006e22                __swrite
 .text.__sseek  0x0000000008006e5a       0x24 d:/app/stm32/stm32cubeide/stm32cubeide_1.0.2/stm32cubeide/plugins/com.st.stm32cube.ide.mcu.externaltools.gnu-tools-for-stm32.9-2020-q2-update.win32_1.5.0.202011040924/tools/bin/../lib/gcc/arm-none-eabi/9.3.1/../../../../arm-none-eabi/lib/thumb/v7e-m+fp/hard\libc_nano.a(lib_a-stdio.o)
                0x0000000008006e5a                __sseek
 .text.__sclose
                0x0000000008006e7e        0x8 d:/app/stm32/stm32cubeide/stm32cubeide_1.0.2/stm32cubeide/plugins/com.st.stm32cube.ide.mcu.externaltools.gnu-tools-for-stm32.9-2020-q2-update.win32_1.5.0.202011040924/tools/bin/../lib/gcc/arm-none-eabi/9.3.1/../../../../arm-none-eabi/lib/thumb/v7e-m+fp/hard\libc_nano.a(lib_a-stdio.o)
                0x0000000008006e7e                __sclose
 *fill*         0x0000000008006e86        0x2 
 .text._write_r
                0x0000000008006e88       0x24 d:/app/stm32/stm32cubeide/stm32cubeide_1.0.2/stm32cubeide/plugins/com.st.stm32cube.ide.mcu.externaltools.gnu-tools-for-stm32.9-2020-q2-update.win32_1.5.0.202011040924/tools/bin/../lib/gcc/arm-none-eabi/9.3.1/../../../../arm-none-eabi/lib/thumb/v7e-m+fp/hard\libc_nano.a(lib_a-writer.o)
                0x0000000008006e88                _write_r
 .text._close_r
                0x0000000008006eac       0x20 d:/app/stm32/stm32cubeide/stm32cubeide_1.0.2/stm32cubeide/plugins/com.st.stm32cube.ide.mcu.externaltools.gnu-tools-for-stm32.9-2020-q2-update.win32_1.5.0.202011040924/tools/bin/../lib/gcc/arm-none-eabi/9.3.1/../../../../arm-none-eabi/lib/thumb/v7e-m+fp/hard\libc_nano.a(lib_a-closer.o)
                0x0000000008006eac                _close_r
 .text._fstat_r
                0x0000000008006ecc       0x24 d:/app/stm32/stm32cubeide/stm32cubeide_1.0.2/stm32cubeide/plugins/com.st.stm32cube.ide.mcu.externaltools.gnu-tools-for-stm32.9-2020-q2-update.win32_1.5.0.202011040924/tools/bin/../lib/gcc/arm-none-eabi/9.3.1/../../../../arm-none-eabi/lib/thumb/v7e-m+fp/hard\libc_nano.a(lib_a-fstatr.o)
                0x0000000008006ecc                _fstat_r
 .text._isatty_r
                0x0000000008006ef0       0x20 d:/app/stm32/stm32cubeide/stm32cubeide_1.0.2/stm32cubeide/plugins/com.st.stm32cube.ide.mcu.externaltools.gnu-tools-for-stm32.9-2020-q2-update.win32_1.5.0.202011040924/tools/bin/../lib/gcc/arm-none-eabi/9.3.1/../../../../arm-none-eabi/lib/thumb/v7e-m+fp/hard\libc_nano.a(lib_a-isattyr.o)
                0x0000000008006ef0                _isatty_r
 .text._lseek_r
                0x0000000008006f10       0x24 d:/app/stm32/stm32cubeide/stm32cubeide_1.0.2/stm32cubeide/plugins/com.st.stm32cube.ide.mcu.externaltools.gnu-tools-for-stm32.9-2020-q2-update.win32_1.5.0.202011040924/tools/bin/../lib/gcc/arm-none-eabi/9.3.1/../../../../arm-none-eabi/lib/thumb/v7e-m+fp/hard\libc_nano.a(lib_a-lseekr.o)
                0x0000000008006f10                _lseek_r
 .text.__malloc_lock
                0x0000000008006f34        0xc d:/app/stm32/stm32cubeide/stm32cubeide_1.0.2/stm32cubeide/plugins/com.st.stm32cube.ide.mcu.externaltools.gnu-tools-for-stm32.9-2020-q2-update.win32_1.5.0.202011040924/tools/bin/../lib/gcc/arm-none-eabi/9.3.1/../../../../arm-none-eabi/lib/thumb/v7e-m+fp/hard\libc_nano.a(lib_a-mlock.o)
                0x0000000008006f34                __malloc_lock
 .text.__malloc_unlock
                0x0000000008006f40        0xc d:/app/stm32/stm32cubeide/stm32cubeide_1.0.2/stm32cubeide/plugins/com.st.stm32cube.ide.mcu.externaltools.gnu-tools-for-stm32.9-2020-q2-update.win32_1.5.0.202011040924/tools/bin/../lib/gcc/arm-none-eabi/9.3.1/../../../../arm-none-eabi/lib/thumb/v7e-m+fp/hard\libc_nano.a(lib_a-mlock.o)
                0x0000000008006f40                __malloc_unlock
 .text._malloc_usable_size_r
                0x0000000008006f4c       0x10 d:/app/stm32/stm32cubeide/stm32cubeide_1.0.2/stm32cubeide/plugins/com.st.stm32cube.ide.mcu.externaltools.gnu-tools-for-stm32.9-2020-q2-update.win32_1.5.0.202011040924/tools/bin/../lib/gcc/arm-none-eabi/9.3.1/../../../../arm-none-eabi/lib/thumb/v7e-m+fp/hard\libc_nano.a(lib_a-nano-msizer.o)
                0x0000000008006f4c                _malloc_usable_size_r
 .text._read_r  0x0000000008006f5c       0x24 d:/app/stm32/stm32cubeide/stm32cubeide_1.0.2/stm32cubeide/plugins/com.st.stm32cube.ide.mcu.externaltools.gnu-tools-for-stm32.9-2020-q2-update.win32_1.5.0.202011040924/tools/bin/../lib/gcc/arm-none-eabi/9.3.1/../../../../arm-none-eabi/lib/thumb/v7e-m+fp/hard\libc_nano.a(lib_a-readr.o)
                0x0000000008006f5c                _read_r
 *(.glue_7)
 .glue_7        0x0000000008006f80        0x0 linker stubs
 *(.glue_7t)
 .glue_7t       0x0000000008006f80        0x0 linker stubs
 *(.eh_frame)
 .eh_frame      0x0000000008006f80        0x0 d:/app/stm32/stm32cubeide/stm32cubeide_1.0.2/stm32cubeide/plugins/com.st.stm32cube.ide.mcu.externaltools.gnu-tools-for-stm32.9-2020-q2-update.win32_1.5.0.202011040924/tools/bin/../lib/gcc/arm-none-eabi/9.3.1/thumb/v7e-m+fp/hard/crtbegin.o
 *(.init)
 .init          0x0000000008006f80        0x4 d:/app/stm32/stm32cubeide/stm32cubeide_1.0.2/stm32cubeide/plugins/com.st.stm32cube.ide.mcu.externaltools.gnu-tools-for-stm32.9-2020-q2-update.win32_1.5.0.202011040924/tools/bin/../lib/gcc/arm-none-eabi/9.3.1/thumb/v7e-m+fp/hard/crti.o
                0x0000000008006f80                _init
 .init          0x0000000008006f84        0x8 d:/app/stm32/stm32cubeide/stm32cubeide_1.0.2/stm32cubeide/plugins/com.st.stm32cube.ide.mcu.externaltools.gnu-tools-for-stm32.9-2020-q2-update.win32_1.5.0.202011040924/tools/bin/../lib/gcc/arm-none-eabi/9.3.1/thumb/v7e-m+fp/hard/crtn.o
 *(.fini)
 .fini          0x0000000008006f8c        0x4 d:/app/stm32/stm32cubeide/stm32cubeide_1.0.2/stm32cubeide/plugins/com.st.stm32cube.ide.mcu.externaltools.gnu-tools-for-stm32.9-2020-q2-update.win32_1.5.0.202011040924/tools/bin/../lib/gcc/arm-none-eabi/9.3.1/thumb/v7e-m+fp/hard/crti.o
                0x0000000008006f8c                _fini
 .fini          0x0000000008006f90        0x8 d:/app/stm32/stm32cubeide/stm32cubeide_1.0.2/stm32cubeide/plugins/com.st.stm32cube.ide.mcu.externaltools.gnu-tools-for-stm32.9-2020-q2-update.win32_1.5.0.202011040924/tools/bin/../lib/gcc/arm-none-eabi/9.3.1/thumb/v7e-m+fp/hard/crtn.o
                0x0000000008006f98                . = ALIGN (0x4)
                0x0000000008006f98                _etext = .

.vfp11_veneer   0x0000000008006f98        0x0
 .vfp11_veneer  0x0000000008006f98        0x0 linker stubs

.v4_bx          0x0000000008006f98        0x0
 .v4_bx         0x0000000008006f98        0x0 linker stubs

.iplt           0x0000000008006f98        0x0
 .iplt          0x0000000008006f98        0x0 d:/app/stm32/stm32cubeide/stm32cubeide_1.0.2/stm32cubeide/plugins/com.st.stm32cube.ide.mcu.externaltools.gnu-tools-for-stm32.9-2020-q2-update.win32_1.5.0.202011040924/tools/bin/../lib/gcc/arm-none-eabi/9.3.1/thumb/v7e-m+fp/hard/crtbegin.o

.rodata         0x0000000008006f98      0xce0
                0x0000000008006f98                . = ALIGN (0x4)
 *(.rodata)
 .rodata        0x0000000008006f98      0x818 Core/Src/o1heap.o
 .rodata        0x00000000080077b0       0x7f Core/Src/payload.o
 *fill*         0x000000000800782f        0x1 
 .rodata        0x0000000008007830       0x38 Drivers/STM32F4xx_HAL_Driver/Src/stm32f4xx_hal_can.o
 .rodata        0x0000000008007868       0x3b Drivers/STM32F4xx_HAL_Driver/Src/stm32f4xx_hal_cortex.o
 *fill*         0x00000000080078a3        0x1 
 .rodata        0x00000000080078a4       0x39 Drivers/STM32F4xx_HAL_Driver/Src/stm32f4xx_hal_gpio.o
 *fill*         0x00000000080078dd        0x3 
 .rodata        0x00000000080078e0       0x38 Drivers/STM32F4xx_HAL_Driver/Src/stm32f4xx_hal_rcc.o
 .rodata        0x0000000008007918       0x39 Drivers/STM32F4xx_HAL_Driver/Src/stm32f4xx_hal_uart.o
 *(.rodata*)
 *fill*         0x0000000008007951        0x3 
 .rodata.crc_table
                0x0000000008007954      0x100 Core/Src/crc.o
                0x0000000008007954                crc_table
 .rodata.__func__.5671
                0x0000000008007a54        0xb Core/Src/o1heap.o
 *fill*         0x0000000008007a5f        0x1 
 .rodata.__func__.5653
                0x0000000008007a60        0x6 Core/Src/o1heap.o
 *fill*         0x0000000008007a66        0x2 
 .rodata.__func__.5685
                0x0000000008007a68        0xf Core/Src/o1heap.o
 *fill*         0x0000000008007a77        0x1 
 .rodata.__func__.5662
                0x0000000008007a78        0x6 Core/Src/o1heap.o
 *fill*         0x0000000008007a7e        0x2 
 .rodata.__func__.5700
                0x0000000008007a80        0xb Core/Src/o1heap.o
 *fill*         0x0000000008007a8b        0x1 
 .rodata.AHBPrescTable
                0x0000000008007a8c       0x10 Core/Src/system_stm32f4xx.o
                0x0000000008007a8c                AHBPrescTable
 .rodata.APBPrescTable
                0x0000000008007a9c        0x8 Core/Src/system_stm32f4xx.o
                0x0000000008007a9c                APBPrescTable
 .rodata.__assert_func.str1.1
                0x0000000008007aa4       0x3c d:/app/stm32/stm32cubeide/stm32cubeide_1.0.2/stm32cubeide/plugins/com.st.stm32cube.ide.mcu.externaltools.gnu-tools-for-stm32.9-2020-q2-update.win32_1.5.0.202011040924/tools/bin/../lib/gcc/arm-none-eabi/9.3.1/../../../../arm-none-eabi/lib/thumb/v7e-m+fp/hard\libc_nano.a(lib_a-assert.o)
                                         0x3d (size before relaxing)
 .rodata._global_impure_ptr
                0x0000000008007ae0        0x4 d:/app/stm32/stm32cubeide/stm32cubeide_1.0.2/stm32cubeide/plugins/com.st.stm32cube.ide.mcu.externaltools.gnu-tools-for-stm32.9-2020-q2-update.win32_1.5.0.202011040924/tools/bin/../lib/gcc/arm-none-eabi/9.3.1/../../../../arm-none-eabi/lib/thumb/v7e-m+fp/hard\libc_nano.a(lib_a-impure.o)
                0x0000000008007ae0                _global_impure_ptr
 .rodata._vfprintf_r.str1.1
                0x0000000008007ae4       0x11 d:/app/stm32/stm32cubeide/stm32cubeide_1.0.2/stm32cubeide/plugins/com.st.stm32cube.ide.mcu.externaltools.gnu-tools-for-stm32.9-2020-q2-update.win32_1.5.0.202011040924/tools/bin/../lib/gcc/arm-none-eabi/9.3.1/../../../../arm-none-eabi/lib/thumb/v7e-m+fp/hard\libc_nano.a(lib_a-nano-vfprintf.o)
 .rodata._printf_i.str1.1
                0x0000000008007af5       0x22 d:/app/stm32/stm32cubeide/stm32cubeide_1.0.2/stm32cubeide/plugins/com.st.stm32cube.ide.mcu.externaltools.gnu-tools-for-stm32.9-2020-q2-update.win32_1.5.0.202011040924/tools/bin/../lib/gcc/arm-none-eabi/9.3.1/../../../../arm-none-eabi/lib/thumb/v7e-m+fp/hard\libc_nano.a(lib_a-nano-vfprintf_i.o)
 .rodata._ctype_
                0x0000000008007b17      0x101 d:/app/stm32/stm32cubeide/stm32cubeide_1.0.2/stm32cubeide/plugins/com.st.stm32cube.ide.mcu.externaltools.gnu-tools-for-stm32.9-2020-q2-update.win32_1.5.0.202011040924/tools/bin/../lib/gcc/arm-none-eabi/9.3.1/../../../../arm-none-eabi/lib/thumb/v7e-m+fp/hard\libc_nano.a(lib_a-ctype_.o)
                0x0000000008007b17                _ctype_
 .rodata.__sf_fake_stderr
                0x0000000008007c18       0x20 d:/app/stm32/stm32cubeide/stm32cubeide_1.0.2/stm32cubeide/plugins/com.st.stm32cube.ide.mcu.externaltools.gnu-tools-for-stm32.9-2020-q2-update.win32_1.5.0.202011040924/tools/bin/../lib/gcc/arm-none-eabi/9.3.1/../../../../arm-none-eabi/lib/thumb/v7e-m+fp/hard\libc_nano.a(lib_a-findfp.o)
                0x0000000008007c18                __sf_fake_stderr
 .rodata.__sf_fake_stdin
                0x0000000008007c38       0x20 d:/app/stm32/stm32cubeide/stm32cubeide_1.0.2/stm32cubeide/plugins/com.st.stm32cube.ide.mcu.externaltools.gnu-tools-for-stm32.9-2020-q2-update.win32_1.5.0.202011040924/tools/bin/../lib/gcc/arm-none-eabi/9.3.1/../../../../arm-none-eabi/lib/thumb/v7e-m+fp/hard\libc_nano.a(lib_a-findfp.o)
                0x0000000008007c38                __sf_fake_stdin
 .rodata.__sf_fake_stdout
                0x0000000008007c58       0x20 d:/app/stm32/stm32cubeide/stm32cubeide_1.0.2/stm32cubeide/plugins/com.st.stm32cube.ide.mcu.externaltools.gnu-tools-for-stm32.9-2020-q2-update.win32_1.5.0.202011040924/tools/bin/../lib/gcc/arm-none-eabi/9.3.1/../../../../arm-none-eabi/lib/thumb/v7e-m+fp/hard\libc_nano.a(lib_a-findfp.o)
                0x0000000008007c58                __sf_fake_stdout
 .rodata._svfprintf_r.str1.1
                0x0000000008007c78       0x11 d:/app/stm32/stm32cubeide/stm32cubeide_1.0.2/stm32cubeide/plugins/com.st.stm32cube.ide.mcu.externaltools.gnu-tools-for-stm32.9-2020-q2-update.win32_1.5.0.202011040924/tools/bin/../lib/gcc/arm-none-eabi/9.3.1/../../../../arm-none-eabi/lib/thumb/v7e-m+fp/hard\libc_nano.a(lib_a-nano-svfprintf.o)
                0x0000000008007c8c                . = ALIGN (0x4)

.ARM.extab      0x0000000008007c78        0x0
                0x0000000008007c78                . = ALIGN (0x4)
 *(.ARM.extab* .gnu.linkonce.armextab.*)
                0x0000000008007c78                . = ALIGN (0x4)

.ARM            0x0000000008007c78        0x8
                0x0000000008007c78                . = ALIGN (0x4)
                0x0000000008007c78                __exidx_start = .
 *(.ARM.exidx*)
 .ARM.exidx     0x0000000008007c78        0x8 d:/app/stm32/stm32cubeide/stm32cubeide_1.0.2/stm32cubeide/plugins/com.st.stm32cube.ide.mcu.externaltools.gnu-tools-for-stm32.9-2020-q2-update.win32_1.5.0.202011040924/tools/bin/../lib/gcc/arm-none-eabi/9.3.1/thumb/v7e-m+fp/hard\libgcc.a(_udivmoddi4.o)
                0x0000000008007c80                __exidx_end = .
                0x0000000008007c80                . = ALIGN (0x4)

.rel.dyn        0x0000000008007c80        0x0
 .rel.iplt      0x0000000008007c80        0x0 d:/app/stm32/stm32cubeide/stm32cubeide_1.0.2/stm32cubeide/plugins/com.st.stm32cube.ide.mcu.externaltools.gnu-tools-for-stm32.9-2020-q2-update.win32_1.5.0.202011040924/tools/bin/../lib/gcc/arm-none-eabi/9.3.1/thumb/v7e-m+fp/hard/crtbegin.o

.preinit_array  0x0000000008007c80        0x0
                0x0000000008007c80                . = ALIGN (0x4)
                0x0000000008007c80                PROVIDE (__preinit_array_start = .)
 *(.preinit_array*)
                0x0000000008007c80                PROVIDE (__preinit_array_end = .)
                0x0000000008007c80                . = ALIGN (0x4)

.init_array     0x0000000008007c80        0x4
                0x0000000008007c80                . = ALIGN (0x4)
                0x0000000008007c80                PROVIDE (__init_array_start = .)
 *(SORT_BY_NAME(.init_array.*))
 *(.init_array*)
 .init_array    0x0000000008007c80        0x4 d:/app/stm32/stm32cubeide/stm32cubeide_1.0.2/stm32cubeide/plugins/com.st.stm32cube.ide.mcu.externaltools.gnu-tools-for-stm32.9-2020-q2-update.win32_1.5.0.202011040924/tools/bin/../lib/gcc/arm-none-eabi/9.3.1/thumb/v7e-m+fp/hard/crtbegin.o
                0x0000000008007c84                PROVIDE (__init_array_end = .)
                0x0000000008007c84                . = ALIGN (0x4)

.fini_array     0x0000000008007c84        0x4
                0x0000000008007c84                . = ALIGN (0x4)
                [!provide]                        PROVIDE (__fini_array_start = .)
 *(SORT_BY_NAME(.fini_array.*))
 *(.fini_array*)
 .fini_array    0x0000000008007c84        0x4 d:/app/stm32/stm32cubeide/stm32cubeide_1.0.2/stm32cubeide/plugins/com.st.stm32cube.ide.mcu.externaltools.gnu-tools-for-stm32.9-2020-q2-update.win32_1.5.0.202011040924/tools/bin/../lib/gcc/arm-none-eabi/9.3.1/thumb/v7e-m+fp/hard/crtbegin.o
                [!provide]                        PROVIDE (__fini_array_end = .)
                0x0000000008007c88                . = ALIGN (0x4)
                0x0000000008007c88                _sidata = LOADADDR (.data)

.data           0x0000000020000000       0x70 load address 0x0000000008007c88
                0x0000000020000000                . = ALIGN (0x4)
                0x0000000020000000                _sdata = .
 *(.data)
 *(.data*)
 .data.SystemCoreClock
                0x0000000020000000        0x4 Core/Src/system_stm32f4xx.o
                0x0000000020000000                SystemCoreClock
 .data.uwTickPrio
                0x0000000020000004        0x4 Drivers/STM32F4xx_HAL_Driver/Src/stm32f4xx_hal.o
                0x0000000020000004                uwTickPrio
 .data.uwTickFreq
                0x0000000020000008        0x1 Drivers/STM32F4xx_HAL_Driver/Src/stm32f4xx_hal.o
                0x0000000020000008                uwTickFreq
 *fill*         0x0000000020000009        0x3 
 .data._impure_ptr
                0x000000002000000c        0x4 d:/app/stm32/stm32cubeide/stm32cubeide_1.0.2/stm32cubeide/plugins/com.st.stm32cube.ide.mcu.externaltools.gnu-tools-for-stm32.9-2020-q2-update.win32_1.5.0.202011040924/tools/bin/../lib/gcc/arm-none-eabi/9.3.1/../../../../arm-none-eabi/lib/thumb/v7e-m+fp/hard\libc_nano.a(lib_a-impure.o)
                0x000000002000000c                _impure_ptr
 .data.impure_data
                0x0000000020000010       0x60 d:/app/stm32/stm32cubeide/stm32cubeide_1.0.2/stm32cubeide/plugins/com.st.stm32cube.ide.mcu.externaltools.gnu-tools-for-stm32.9-2020-q2-update.win32_1.5.0.202011040924/tools/bin/../lib/gcc/arm-none-eabi/9.3.1/../../../../arm-none-eabi/lib/thumb/v7e-m+fp/hard\libc_nano.a(lib_a-impure.o)
                0x0000000020000070                . = ALIGN (0x4)
                0x0000000020000070                _edata = .

.igot.plt       0x0000000020000070        0x0 load address 0x0000000008007cf8
 .igot.plt      0x0000000020000070        0x0 d:/app/stm32/stm32cubeide/stm32cubeide_1.0.2/stm32cubeide/plugins/com.st.stm32cube.ide.mcu.externaltools.gnu-tools-for-stm32.9-2020-q2-update.win32_1.5.0.202011040924/tools/bin/../lib/gcc/arm-none-eabi/9.3.1/thumb/v7e-m+fp/hard/crtbegin.o
                0x0000000020000070                . = ALIGN (0x4)

.bss            0x0000000020000070     0x1654 load address 0x0000000008007cf8
                0x0000000020000070                _sbss = .
                0x0000000020000070                __bss_start__ = _sbss
 *(.bss)
 .bss           0x0000000020000070       0x1c d:/app/stm32/stm32cubeide/stm32cubeide_1.0.2/stm32cubeide/plugins/com.st.stm32cube.ide.mcu.externaltools.gnu-tools-for-stm32.9-2020-q2-update.win32_1.5.0.202011040924/tools/bin/../lib/gcc/arm-none-eabi/9.3.1/thumb/v7e-m+fp/hard/crtbegin.o
 *(.bss*)
 .bss.HAL_RCC_CAN1_CLK_ENABLED
                0x000000002000008c        0x4 Core/Src/can.o
 .bss.identification_procedure
                0x0000000020000090        0x1 Core/Src/payload.o
                0x0000000020000090                identification_procedure
 .bss.parser_stat
                0x0000000020000091        0x1 Core/Src/payload.o
                0x0000000020000091                parser_stat
 *fill*         0x0000000020000092        0x2 
 .bss.photo     0x0000000020000094        0x4 Core/Src/payload.o
                0x0000000020000094                photo
 .bss.count.9627
                0x0000000020000098        0x1 Core/Src/payload.o
 .bss.len.9628  0x0000000020000099        0x1 Core/Src/payload.o
 .bss.crc.9629  0x000000002000009a        0x1 Core/Src/payload.o
 *fill*         0x000000002000009b        0x1 
 .bss.heap      0x000000002000009c        0x4 Core/Src/queue.o
 .bss.mem       0x00000000200000a0     0x1400 Core/Src/queue.o
                0x00000000200000a0                mem
 .bss.heap_end.6585
                0x00000000200014a0        0x4 Core/Src/sysmem.o
 .bss.__malloc_free_list
                0x00000000200014a4        0x4 d:/app/stm32/stm32cubeide/stm32cubeide_1.0.2/stm32cubeide/plugins/com.st.stm32cube.ide.mcu.externaltools.gnu-tools-for-stm32.9-2020-q2-update.win32_1.5.0.202011040924/tools/bin/../lib/gcc/arm-none-eabi/9.3.1/../../../../arm-none-eabi/lib/thumb/v7e-m+fp/hard\libc_nano.a(lib_a-nano-mallocr.o)
                0x00000000200014a4                __malloc_free_list
 .bss.__malloc_sbrk_start
                0x00000000200014a8        0x4 d:/app/stm32/stm32cubeide/stm32cubeide_1.0.2/stm32cubeide/plugins/com.st.stm32cube.ide.mcu.externaltools.gnu-tools-for-stm32.9-2020-q2-update.win32_1.5.0.202011040924/tools/bin/../lib/gcc/arm-none-eabi/9.3.1/../../../../arm-none-eabi/lib/thumb/v7e-m+fp/hard\libc_nano.a(lib_a-nano-mallocr.o)
                0x00000000200014a8                __malloc_sbrk_start
 *(COMMON)
 COMMON         0x00000000200014ac       0x50 Core/Src/can.o
                0x00000000200014ac                hcan2
                0x00000000200014d4                hcan1
 COMMON         0x00000000200014fc      0x134 Core/Src/payload.o
                0x00000000200014fc                drone_can_msg_head
                0x0000000020001514                gps_info
                0x0000000020001520                drone_data_buf
                0x0000000020001620                can_msg_queue
                0x000000002000162c                gesture_info
 COMMON         0x0000000020001630       0x80 Core/Src/usart.o
                0x0000000020001630                huart1
                0x0000000020001670                huart2
 COMMON         0x00000000200016b0        0x4 Drivers/STM32F4xx_HAL_Driver/Src/stm32f4xx_hal.o
                0x00000000200016b0                uwTick
 COMMON         0x00000000200016b4        0x9 d:/app/stm32/stm32cubeide/stm32cubeide_1.0.2/stm32cubeide/plugins/com.st.stm32cube.ide.mcu.externaltools.gnu-tools-for-stm32.9-2020-q2-update.win32_1.5.0.202011040924/tools/bin/../lib/gcc/arm-none-eabi/9.3.1/../../../../arm-none-eabi/lib/thumb/v7e-m+fp/hard\libc_nano.a(lib_a-lock.o)
                0x00000000200016b4                __lock___atexit_recursive_mutex
                0x00000000200016b5                __lock___arc4random_mutex
                0x00000000200016b6                __lock___env_recursive_mutex
                0x00000000200016b7                __lock___sinit_recursive_mutex
                0x00000000200016b8                __lock___malloc_recursive_mutex
                0x00000000200016b9                __lock___at_quick_exit_mutex
                0x00000000200016ba                __lock___dd_hash_mutex
                0x00000000200016bb                __lock___tz_mutex
                0x00000000200016bc                __lock___sfp_recursive_mutex
 *fill*         0x00000000200016bd        0x3 
 COMMON         0x00000000200016c0        0x4 d:/app/stm32/stm32cubeide/stm32cubeide_1.0.2/stm32cubeide/plugins/com.st.stm32cube.ide.mcu.externaltools.gnu-tools-for-stm32.9-2020-q2-update.win32_1.5.0.202011040924/tools/bin/../lib/gcc/arm-none-eabi/9.3.1/../../../../arm-none-eabi/lib/thumb/v7e-m+fp/hard\libc_nano.a(lib_a-reent.o)
                0x00000000200016c0                errno
                0x00000000200016c4                . = ALIGN (0x4)
                0x00000000200016c4                _ebss = .
                0x00000000200016c4                __bss_end__ = _ebss

._user_heap_stack
                0x00000000200016c4     0x1004 load address 0x0000000008007cf8
                0x00000000200016c8                . = ALIGN (0x8)
 *fill*         0x00000000200016c4        0x4 
                0x00000000200016c8                PROVIDE (end = .)
                [!provide]                        PROVIDE (_end = .)
                0x0000000020001ec8                . = (. + _Min_Heap_Size)
 *fill*         0x00000000200016c8      0x800 
                0x00000000200026c8                . = (. + _Min_Stack_Size)
 *fill*         0x0000000020001ec8      0x800 
                0x00000000200026c8                . = ALIGN (0x8)

/DISCARD/
 libc.a(*)
 libm.a(*)
 libgcc.a(*)

.ARM.attributes
                0x0000000000000000       0x30
 *(.ARM.attributes)
 .ARM.attributes
                0x0000000000000000       0x1e d:/app/stm32/stm32cubeide/stm32cubeide_1.0.2/stm32cubeide/plugins/com.st.stm32cube.ide.mcu.externaltools.gnu-tools-for-stm32.9-2020-q2-update.win32_1.5.0.202011040924/tools/bin/../lib/gcc/arm-none-eabi/9.3.1/thumb/v7e-m+fp/hard/crti.o
 .ARM.attributes
                0x000000000000001e       0x34 d:/app/stm32/stm32cubeide/stm32cubeide_1.0.2/stm32cubeide/plugins/com.st.stm32cube.ide.mcu.externaltools.gnu-tools-for-stm32.9-2020-q2-update.win32_1.5.0.202011040924/tools/bin/../lib/gcc/arm-none-eabi/9.3.1/thumb/v7e-m+fp/hard/crtbegin.o
 .ARM.attributes
                0x0000000000000052       0x34 Core/Src/can.o
 .ARM.attributes
                0x0000000000000086       0x34 Core/Src/crc.o
 .ARM.attributes
                0x00000000000000ba       0x34 Core/Src/float32_float16_convert.o
 .ARM.attributes
                0x00000000000000ee       0x34 Core/Src/gimbal_camera_ctrl.o
 .ARM.attributes
                0x0000000000000122       0x34 Core/Src/gpio.o
 .ARM.attributes
                0x0000000000000156       0x34 Core/Src/main.o
 .ARM.attributes
                0x000000000000018a       0x34 Core/Src/o1heap.o
 .ARM.attributes
                0x00000000000001be       0x34 Core/Src/payload.o
 .ARM.attributes
                0x00000000000001f2       0x34 Core/Src/queue.o
 .ARM.attributes
                0x0000000000000226       0x34 Core/Src/stm32f4xx_hal_msp.o
 .ARM.attributes
                0x000000000000025a       0x34 Core/Src/stm32f4xx_it.o
 .ARM.attributes
                0x000000000000028e       0x34 Core/Src/syscalls.o
 .ARM.attributes
                0x00000000000002c2       0x34 Core/Src/sysmem.o
 .ARM.attributes
                0x00000000000002f6       0x34 Core/Src/system_stm32f4xx.o
 .ARM.attributes
                0x000000000000032a       0x34 Core/Src/usart.o
 .ARM.attributes
                0x000000000000035e       0x21 Core/Startup/startup_stm32f405rgtx.o
 .ARM.attributes
                0x000000000000037f       0x34 Drivers/STM32F4xx_HAL_Driver/Src/stm32f4xx_hal.o
 .ARM.attributes
                0x00000000000003b3       0x34 Drivers/STM32F4xx_HAL_Driver/Src/stm32f4xx_hal_can.o
 .ARM.attributes
                0x00000000000003e7       0x34 Drivers/STM32F4xx_HAL_Driver/Src/stm32f4xx_hal_cortex.o
 .ARM.attributes
                0x000000000000041b       0x34 Drivers/STM32F4xx_HAL_Driver/Src/stm32f4xx_hal_dma.o
 .ARM.attributes
                0x000000000000044f       0x34 Drivers/STM32F4xx_HAL_Driver/Src/stm32f4xx_hal_gpio.o
 .ARM.attributes
                0x0000000000000483       0x34 Drivers/STM32F4xx_HAL_Driver/Src/stm32f4xx_hal_rcc.o
 .ARM.attributes
                0x00000000000004b7       0x34 Drivers/STM32F4xx_HAL_Driver/Src/stm32f4xx_hal_uart.o
 .ARM.attributes
                0x00000000000004eb       0x34 d:/app/stm32/stm32cubeide/stm32cubeide_1.0.2/stm32cubeide/plugins/com.st.stm32cube.ide.mcu.externaltools.gnu-tools-for-stm32.9-2020-q2-update.win32_1.5.0.202011040924/tools/bin/../lib/gcc/arm-none-eabi/9.3.1/../../../../arm-none-eabi/lib/thumb/v7e-m+fp/hard\libc_nano.a(lib_a-assert.o)
 .ARM.attributes
                0x000000000000051f       0x34 d:/app/stm32/stm32cubeide/stm32cubeide_1.0.2/stm32cubeide/plugins/com.st.stm32cube.ide.mcu.externaltools.gnu-tools-for-stm32.9-2020-q2-update.win32_1.5.0.202011040924/tools/bin/../lib/gcc/arm-none-eabi/9.3.1/../../../../arm-none-eabi/lib/thumb/v7e-m+fp/hard\libc_nano.a(lib_a-atoi.o)
 .ARM.attributes
                0x0000000000000553       0x34 d:/app/stm32/stm32cubeide/stm32cubeide_1.0.2/stm32cubeide/plugins/com.st.stm32cube.ide.mcu.externaltools.gnu-tools-for-stm32.9-2020-q2-update.win32_1.5.0.202011040924/tools/bin/../lib/gcc/arm-none-eabi/9.3.1/../../../../arm-none-eabi/lib/thumb/v7e-m+fp/hard\libc_nano.a(lib_a-errno.o)
 .ARM.attributes
                0x0000000000000587       0x34 d:/app/stm32/stm32cubeide/stm32cubeide_1.0.2/stm32cubeide/plugins/com.st.stm32cube.ide.mcu.externaltools.gnu-tools-for-stm32.9-2020-q2-update.win32_1.5.0.202011040924/tools/bin/../lib/gcc/arm-none-eabi/9.3.1/../../../../arm-none-eabi/lib/thumb/v7e-m+fp/hard\libc_nano.a(lib_a-fprintf.o)
 .ARM.attributes
                0x00000000000005bb       0x32 d:/app/stm32/stm32cubeide/stm32cubeide_1.0.2/stm32cubeide/plugins/com.st.stm32cube.ide.mcu.externaltools.gnu-tools-for-stm32.9-2020-q2-update.win32_1.5.0.202011040924/tools/bin/../lib/gcc/arm-none-eabi/9.3.1/../../../../arm-none-eabi/lib/thumb/v7e-m+fp/hard\libc_nano.a(lib_a-impure.o)
 .ARM.attributes
                0x00000000000005ed       0x34 d:/app/stm32/stm32cubeide/stm32cubeide_1.0.2/stm32cubeide/plugins/com.st.stm32cube.ide.mcu.externaltools.gnu-tools-for-stm32.9-2020-q2-update.win32_1.5.0.202011040924/tools/bin/../lib/gcc/arm-none-eabi/9.3.1/../../../../arm-none-eabi/lib/thumb/v7e-m+fp/hard\libc_nano.a(lib_a-init.o)
 .ARM.attributes
                0x0000000000000621       0x34 d:/app/stm32/stm32cubeide/stm32cubeide_1.0.2/stm32cubeide/plugins/com.st.stm32cube.ide.mcu.externaltools.gnu-tools-for-stm32.9-2020-q2-update.win32_1.5.0.202011040924/tools/bin/../lib/gcc/arm-none-eabi/9.3.1/../../../../arm-none-eabi/lib/thumb/v7e-m+fp/hard\libc_nano.a(lib_a-memcmp.o)
 .ARM.attributes
                0x0000000000000655       0x34 d:/app/stm32/stm32cubeide/stm32cubeide_1.0.2/stm32cubeide/plugins/com.st.stm32cube.ide.mcu.externaltools.gnu-tools-for-stm32.9-2020-q2-update.win32_1.5.0.202011040924/tools/bin/../lib/gcc/arm-none-eabi/9.3.1/../../../../arm-none-eabi/lib/thumb/v7e-m+fp/hard\libc_nano.a(lib_a-memcpy-stub.o)
 .ARM.attributes
                0x0000000000000689       0x34 d:/app/stm32/stm32cubeide/stm32cubeide_1.0.2/stm32cubeide/plugins/com.st.stm32cube.ide.mcu.externaltools.gnu-tools-for-stm32.9-2020-q2-update.win32_1.5.0.202011040924/tools/bin/../lib/gcc/arm-none-eabi/9.3.1/../../../../arm-none-eabi/lib/thumb/v7e-m+fp/hard\libc_nano.a(lib_a-memset.o)
 .ARM.attributes
                0x00000000000006bd       0x34 d:/app/stm32/stm32cubeide/stm32cubeide_1.0.2/stm32cubeide/plugins/com.st.stm32cube.ide.mcu.externaltools.gnu-tools-for-stm32.9-2020-q2-update.win32_1.5.0.202011040924/tools/bin/../lib/gcc/arm-none-eabi/9.3.1/../../../../arm-none-eabi/lib/thumb/v7e-m+fp/hard\libc_nano.a(lib_a-nano-vfprintf.o)
 .ARM.attributes
                0x00000000000006f1       0x34 d:/app/stm32/stm32cubeide/stm32cubeide_1.0.2/stm32cubeide/plugins/com.st.stm32cube.ide.mcu.externaltools.gnu-tools-for-stm32.9-2020-q2-update.win32_1.5.0.202011040924/tools/bin/../lib/gcc/arm-none-eabi/9.3.1/../../../../arm-none-eabi/lib/thumb/v7e-m+fp/hard\libc_nano.a(lib_a-nano-vfprintf_i.o)
 .ARM.attributes
                0x0000000000000725       0x34 d:/app/stm32/stm32cubeide/stm32cubeide_1.0.2/stm32cubeide/plugins/com.st.stm32cube.ide.mcu.externaltools.gnu-tools-for-stm32.9-2020-q2-update.win32_1.5.0.202011040924/tools/bin/../lib/gcc/arm-none-eabi/9.3.1/../../../../arm-none-eabi/lib/thumb/v7e-m+fp/hard\libc_nano.a(lib_a-snprintf.o)
 .ARM.attributes
                0x0000000000000759       0x34 d:/app/stm32/stm32cubeide/stm32cubeide_1.0.2/stm32cubeide/plugins/com.st.stm32cube.ide.mcu.externaltools.gnu-tools-for-stm32.9-2020-q2-update.win32_1.5.0.202011040924/tools/bin/../lib/gcc/arm-none-eabi/9.3.1/../../../../arm-none-eabi/lib/thumb/v7e-m+fp/hard\libc_nano.a(lib_a-strtol.o)
 .ARM.attributes
                0x000000000000078d       0x34 d:/app/stm32/stm32cubeide/stm32cubeide_1.0.2/stm32cubeide/plugins/com.st.stm32cube.ide.mcu.externaltools.gnu-tools-for-stm32.9-2020-q2-update.win32_1.5.0.202011040924/tools/bin/../lib/gcc/arm-none-eabi/9.3.1/../../../../arm-none-eabi/lib/thumb/v7e-m+fp/hard\libc_nano.a(lib_a-wbuf.o)
 .ARM.attributes
                0x00000000000007c1       0x34 d:/app/stm32/stm32cubeide/stm32cubeide_1.0.2/stm32cubeide/plugins/com.st.stm32cube.ide.mcu.externaltools.gnu-tools-for-stm32.9-2020-q2-update.win32_1.5.0.202011040924/tools/bin/../lib/gcc/arm-none-eabi/9.3.1/../../../../arm-none-eabi/lib/thumb/v7e-m+fp/hard\libc_nano.a(lib_a-wsetup.o)
 .ARM.attributes
                0x00000000000007f5       0x34 d:/app/stm32/stm32cubeide/stm32cubeide_1.0.2/stm32cubeide/plugins/com.st.stm32cube.ide.mcu.externaltools.gnu-tools-for-stm32.9-2020-q2-update.win32_1.5.0.202011040924/tools/bin/../lib/gcc/arm-none-eabi/9.3.1/../../../../arm-none-eabi/lib/thumb/v7e-m+fp/hard\libc_nano.a(lib_a-abort.o)
 .ARM.attributes
                0x0000000000000829       0x32 d:/app/stm32/stm32cubeide/stm32cubeide_1.0.2/stm32cubeide/plugins/com.st.stm32cube.ide.mcu.externaltools.gnu-tools-for-stm32.9-2020-q2-update.win32_1.5.0.202011040924/tools/bin/../lib/gcc/arm-none-eabi/9.3.1/../../../../arm-none-eabi/lib/thumb/v7e-m+fp/hard\libc_nano.a(lib_a-ctype_.o)
 .ARM.attributes
                0x000000000000085b       0x34 d:/app/stm32/stm32cubeide/stm32cubeide_1.0.2/stm32cubeide/plugins/com.st.stm32cube.ide.mcu.externaltools.gnu-tools-for-stm32.9-2020-q2-update.win32_1.5.0.202011040924/tools/bin/../lib/gcc/arm-none-eabi/9.3.1/../../../../arm-none-eabi/lib/thumb/v7e-m+fp/hard\libc_nano.a(lib_a-fflush.o)
 .ARM.attributes
                0x000000000000088f       0x34 d:/app/stm32/stm32cubeide/stm32cubeide_1.0.2/stm32cubeide/plugins/com.st.stm32cube.ide.mcu.externaltools.gnu-tools-for-stm32.9-2020-q2-update.win32_1.5.0.202011040924/tools/bin/../lib/gcc/arm-none-eabi/9.3.1/../../../../arm-none-eabi/lib/thumb/v7e-m+fp/hard\libc_nano.a(lib_a-findfp.o)
 .ARM.attributes
                0x00000000000008c3       0x34 d:/app/stm32/stm32cubeide/stm32cubeide_1.0.2/stm32cubeide/plugins/com.st.stm32cube.ide.mcu.externaltools.gnu-tools-for-stm32.9-2020-q2-update.win32_1.5.0.202011040924/tools/bin/../lib/gcc/arm-none-eabi/9.3.1/../../../../arm-none-eabi/lib/thumb/v7e-m+fp/hard\libc_nano.a(lib_a-fwalk.o)
 .ARM.attributes
                0x00000000000008f7       0x34 d:/app/stm32/stm32cubeide/stm32cubeide_1.0.2/stm32cubeide/plugins/com.st.stm32cube.ide.mcu.externaltools.gnu-tools-for-stm32.9-2020-q2-update.win32_1.5.0.202011040924/tools/bin/../lib/gcc/arm-none-eabi/9.3.1/../../../../arm-none-eabi/lib/thumb/v7e-m+fp/hard\libc_nano.a(lib_a-lock.o)
 .ARM.attributes
                0x000000000000092b       0x34 d:/app/stm32/stm32cubeide/stm32cubeide_1.0.2/stm32cubeide/plugins/com.st.stm32cube.ide.mcu.externaltools.gnu-tools-for-stm32.9-2020-q2-update.win32_1.5.0.202011040924/tools/bin/../lib/gcc/arm-none-eabi/9.3.1/../../../../arm-none-eabi/lib/thumb/v7e-m+fp/hard\libc_nano.a(lib_a-makebuf.o)
 .ARM.attributes
                0x000000000000095f       0x1c d:/app/stm32/stm32cubeide/stm32cubeide_1.0.2/stm32cubeide/plugins/com.st.stm32cube.ide.mcu.externaltools.gnu-tools-for-stm32.9-2020-q2-update.win32_1.5.0.202011040924/tools/bin/../lib/gcc/arm-none-eabi/9.3.1/../../../../arm-none-eabi/lib/thumb/v7e-m+fp/hard\libc_nano.a(lib_a-memchr.o)
 .ARM.attributes
                0x000000000000097b       0x34 d:/app/stm32/stm32cubeide/stm32cubeide_1.0.2/stm32cubeide/plugins/com.st.stm32cube.ide.mcu.externaltools.gnu-tools-for-stm32.9-2020-q2-update.win32_1.5.0.202011040924/tools/bin/../lib/gcc/arm-none-eabi/9.3.1/../../../../arm-none-eabi/lib/thumb/v7e-m+fp/hard\libc_nano.a(lib_a-memmove.o)
 .ARM.attributes
                0x00000000000009af       0x34 d:/app/stm32/stm32cubeide/stm32cubeide_1.0.2/stm32cubeide/plugins/com.st.stm32cube.ide.mcu.externaltools.gnu-tools-for-stm32.9-2020-q2-update.win32_1.5.0.202011040924/tools/bin/../lib/gcc/arm-none-eabi/9.3.1/../../../../arm-none-eabi/lib/thumb/v7e-m+fp/hard\libc_nano.a(lib_a-nano-freer.o)
 .ARM.attributes
                0x00000000000009e3       0x34 d:/app/stm32/stm32cubeide/stm32cubeide_1.0.2/stm32cubeide/plugins/com.st.stm32cube.ide.mcu.externaltools.gnu-tools-for-stm32.9-2020-q2-update.win32_1.5.0.202011040924/tools/bin/../lib/gcc/arm-none-eabi/9.3.1/../../../../arm-none-eabi/lib/thumb/v7e-m+fp/hard\libc_nano.a(lib_a-nano-mallocr.o)
 .ARM.attributes
                0x0000000000000a17       0x34 d:/app/stm32/stm32cubeide/stm32cubeide_1.0.2/stm32cubeide/plugins/com.st.stm32cube.ide.mcu.externaltools.gnu-tools-for-stm32.9-2020-q2-update.win32_1.5.0.202011040924/tools/bin/../lib/gcc/arm-none-eabi/9.3.1/../../../../arm-none-eabi/lib/thumb/v7e-m+fp/hard\libc_nano.a(lib_a-nano-reallocr.o)
 .ARM.attributes
                0x0000000000000a4b       0x34 d:/app/stm32/stm32cubeide/stm32cubeide_1.0.2/stm32cubeide/plugins/com.st.stm32cube.ide.mcu.externaltools.gnu-tools-for-stm32.9-2020-q2-update.win32_1.5.0.202011040924/tools/bin/../lib/gcc/arm-none-eabi/9.3.1/../../../../arm-none-eabi/lib/thumb/v7e-m+fp/hard\libc_nano.a(lib_a-nano-svfprintf.o)
 .ARM.attributes
                0x0000000000000a7f       0x34 d:/app/stm32/stm32cubeide/stm32cubeide_1.0.2/stm32cubeide/plugins/com.st.stm32cube.ide.mcu.externaltools.gnu-tools-for-stm32.9-2020-q2-update.win32_1.5.0.202011040924/tools/bin/../lib/gcc/arm-none-eabi/9.3.1/../../../../arm-none-eabi/lib/thumb/v7e-m+fp/hard\libc_nano.a(lib_a-sbrkr.o)
 .ARM.attributes
                0x0000000000000ab3       0x34 d:/app/stm32/stm32cubeide/stm32cubeide_1.0.2/stm32cubeide/plugins/com.st.stm32cube.ide.mcu.externaltools.gnu-tools-for-stm32.9-2020-q2-update.win32_1.5.0.202011040924/tools/bin/../lib/gcc/arm-none-eabi/9.3.1/../../../../arm-none-eabi/lib/thumb/v7e-m+fp/hard\libc_nano.a(lib_a-signal.o)
 .ARM.attributes
                0x0000000000000ae7       0x34 d:/app/stm32/stm32cubeide/stm32cubeide_1.0.2/stm32cubeide/plugins/com.st.stm32cube.ide.mcu.externaltools.gnu-tools-for-stm32.9-2020-q2-update.win32_1.5.0.202011040924/tools/bin/../lib/gcc/arm-none-eabi/9.3.1/../../../../arm-none-eabi/lib/thumb/v7e-m+fp/hard\libc_nano.a(lib_a-signalr.o)
 .ARM.attributes
                0x0000000000000b1b       0x34 d:/app/stm32/stm32cubeide/stm32cubeide_1.0.2/stm32cubeide/plugins/com.st.stm32cube.ide.mcu.externaltools.gnu-tools-for-stm32.9-2020-q2-update.win32_1.5.0.202011040924/tools/bin/../lib/gcc/arm-none-eabi/9.3.1/../../../../arm-none-eabi/lib/thumb/v7e-m+fp/hard\libc_nano.a(lib_a-stdio.o)
 .ARM.attributes
                0x0000000000000b4f       0x34 d:/app/stm32/stm32cubeide/stm32cubeide_1.0.2/stm32cubeide/plugins/com.st.stm32cube.ide.mcu.externaltools.gnu-tools-for-stm32.9-2020-q2-update.win32_1.5.0.202011040924/tools/bin/../lib/gcc/arm-none-eabi/9.3.1/../../../../arm-none-eabi/lib/thumb/v7e-m+fp/hard\libc_nano.a(lib_a-writer.o)
 .ARM.attributes
                0x0000000000000b83       0x34 d:/app/stm32/stm32cubeide/stm32cubeide_1.0.2/stm32cubeide/plugins/com.st.stm32cube.ide.mcu.externaltools.gnu-tools-for-stm32.9-2020-q2-update.win32_1.5.0.202011040924/tools/bin/../lib/gcc/arm-none-eabi/9.3.1/../../../../arm-none-eabi/lib/thumb/v7e-m+fp/hard\libc_nano.a(lib_a-closer.o)
 .ARM.attributes
                0x0000000000000bb7       0x34 d:/app/stm32/stm32cubeide/stm32cubeide_1.0.2/stm32cubeide/plugins/com.st.stm32cube.ide.mcu.externaltools.gnu-tools-for-stm32.9-2020-q2-update.win32_1.5.0.202011040924/tools/bin/../lib/gcc/arm-none-eabi/9.3.1/../../../../arm-none-eabi/lib/thumb/v7e-m+fp/hard\libc_nano.a(lib_a-fstatr.o)
 .ARM.attributes
                0x0000000000000beb       0x34 d:/app/stm32/stm32cubeide/stm32cubeide_1.0.2/stm32cubeide/plugins/com.st.stm32cube.ide.mcu.externaltools.gnu-tools-for-stm32.9-2020-q2-update.win32_1.5.0.202011040924/tools/bin/../lib/gcc/arm-none-eabi/9.3.1/../../../../arm-none-eabi/lib/thumb/v7e-m+fp/hard\libc_nano.a(lib_a-isattyr.o)
 .ARM.attributes